INFO     core.until.cases:cases.py:80 测试用例开始执行
INFO     core.until.cases:cases.py:90 解析用例名称:case_name='正常创建互动雷达', fixture_name='admin_driver'
INFO     core.until.cases:cases.py:103 执行关键字name='点击导航栏互动雷达选项', key='click', args=['/html/body/div[1]/div[1]/div[1]/div[2]/div/ul/li[4]/div/span']
INFO     core.until.cases:cases.py:103 执行关键字name='切换互动雷达主页', key='iframe_enter', args=['//iframe[@src="/marketing/interactRadar/page"]']
INFO     core.until.cases:cases.py:103 执行关键字name='点击创建雷达按钮', key='click', args=["//span[contains(text(),'创建雷达')]"]
INFO     core.until.cases:cases.py:103 执行关键字name='退出页面', key='iframe_exit', args=[]
INFO     core.until.cases:cases.py:103 执行关键字name='切换创建互动雷达页面', key='iframe_enter', args=['//iframe[@src="/marketing/interactRadar/create"]']
INFO     core.until.cases:cases.py:103 执行关键字name='输入雷达标题', key='input', args=['//input[@placeholder="请输入雷达标题"]', 'zdh测试正常创建互动雷达标题']
INFO     core.until.cases:cases.py:103 执行关键字name='输入雷达链接', key='input', args=['//input[@placeholder="请输入雷达链接"]', 'https://mp.weixin.qq.com/s/0pFHRj1NkWfQvFDPnZEFJw']
INFO     core.until.cases:cases.py:103 执行关键字name='输入链接标题', key='input', args=['//input[@placeholder="请输入链接标题"]', 'zdh测试正常创建互动雷达链接标题']
INFO     core.until.cases:cases.py:103 执行关键字name='输入链接摘要', key='input', args=['//textarea[@placeholder="请输入链接摘要"]', 'zdh测试正常创建互动雷达链接摘要']
INFO     core.until.cases:cases.py:103 执行关键字name='点击选择封面按钮', key='click', args=['//button[contains(text(),"选择封面")]']
INFO     core.until.cases:cases.py:103 执行关键字name='退出页面', key='iframe_exit', args=[]
INFO     core.until.cases:cases.py:103 执行关键字name='等待.05s', key='sleep', args=[0.5]
INFO     core.until.cases:cases.py:103 执行关键字name='点击第一张图片', key='click', args=['//div[@class = "app-grid-flex"]/div[1]/div/div[1]/img']
INFO     core.until.cases:cases.py:103 执行关键字name='点击图片右上角复选框', key='click', args=['//div[@class = "app-grid-flex"]/div[1]/div/div[2]/label/span/input']
INFO     core.until.cases:cases.py:103 执行关键字name='点击选择图片页面确认按钮', key='click', args=['//span[contains(text(),"确定")]']
INFO     core.until.cases:cases.py:103 执行关键字name='切换创建互动雷达页面', key='iframe_enter', args=['//iframe[@src="/marketing/interactRadar/create"]']
INFO     core.until.cases:cases.py:103 执行关键字name='点击创建互动雷达页面确认按钮', key='click', args=['//span[contains(text(),"确定")]']
INFO     core.until.cases:cases.py:103 执行关键字name='退出页面', key='iframe_exit', args=[]
INFO     core.until.cases:cases.py:103 执行关键字name='断言提示信息', key='assert_text', args=['//div[@class = "ivu-notice-notice-content"]/div', '创建成功']
INFO     webdriver_helper:kdt.py:225 assert (text='创建成功') == (element.text='创建成功')
INFO     core.until.cases:cases.py:112 测试用例执行结束
INFO     core.until.cases:cases.py:80 测试用例开始执行
INFO     core.until.cases:cases.py:90 解析用例名称:case_name='雷达名称重复创建互动雷达', fixture_name='admin_driver'
INFO     core.until.cases:cases.py:103 执行关键字name='点击导航栏互动雷达选项', key='click', args=['/html/body/div[1]/div[1]/div[1]/div[2]/div/ul/li[4]/div/span']
INFO     core.until.cases:cases.py:103 执行关键字name='切换互动雷达主页', key='iframe_enter', args=['//iframe[@src="/marketing/interactRadar/page"]']
INFO     core.until.cases:cases.py:103 执行关键字name='点击创建雷达按钮', key='click', args=["//span[contains(text(),'创建雷达')]"]
INFO     core.until.cases:cases.py:103 执行关键字name='退出页面', key='iframe_exit', args=[]
INFO     core.until.cases:cases.py:103 执行关键字name='切换创建互动雷达页面', key='iframe_enter', args=['//iframe[@src="/marketing/interactRadar/create"]']
INFO     core.until.cases:cases.py:103 执行关键字name='输入雷达标题', key='input', args=['//input[@placeholder="请输入雷达标题"]', 'zdh测试正常创建互动雷达标题']
INFO     core.until.cases:cases.py:103 执行关键字name='输入雷达链接', key='input', args=['//input[@placeholder="请输入雷达链接"]', 'https://mp.weixin.qq.com/s/0pFHRj1NkWfQvFDPnZEFJw']
INFO     core.until.cases:cases.py:103 执行关键字name='输入链接标题', key='input', args=['//input[@placeholder="请输入链接标题"]', 'zdh测试正常创建互动雷达链接标题']
INFO     core.until.cases:cases.py:103 执行关键字name='输入链接摘要', key='input', args=['//textarea[@placeholder="请输入链接摘要"]', 'zdh测试正常创建互动雷达链接摘要']
INFO     core.until.cases:cases.py:103 执行关键字name='点击选择封面按钮', key='click', args=['//button[contains(text(),"选择封面")]']
INFO     core.until.cases:cases.py:103 执行关键字name='退出页面', key='iframe_exit', args=[]
INFO     core.until.cases:cases.py:103 执行关键字name='点击第一张图片', key='click', args=['//div[@class = "app-grid-flex"]/div[1]/div/div[1]/img']
INFO     core.until.cases:cases.py:103 执行关键字name='点击图片右上角复选框', key='click', args=['//div[@class = "app-grid-flex"]/div[1]/div/div[2]/label/span/input']
INFO     core.until.cases:cases.py:103 执行关键字name='点击选择图片页面确认按钮', key='click', args=['//span[contains(text(),"确定")]']
INFO     core.until.cases:cases.py:103 执行关键字name='切换创建互动雷达页面', key='iframe_enter', args=['//iframe[@src="/marketing/interactRadar/create"]']
INFO     core.until.cases:cases.py:103 执行关键字name='点击创建互动雷达页面确认按钮', key='click', args=['//span[contains(text(),"确定")]']
INFO     core.until.cases:cases.py:103 执行关键字name='退出页面', key='iframe_exit', args=[]
INFO     core.until.cases:cases.py:103 执行关键字name='断言提示信息', key='assert_text_in', args=['//div[@class = "ivu-notice-notice-content"]/div', '企业雷达名称已存在']
INFO     webdriver_helper:kdt.py:240 assert (text='企业雷达名称已存在') in (element.text='提示\n错误码: -1, 错误信息: 企业雷达名称已存在')
INFO     core.until.cases:cases.py:112 测试用例执行结束
INFO     core.until.cases:cases.py:80 测试用例开始执行
INFO     core.until.cases:cases.py:90 解析用例名称:case_name='二次创建互动雷达', fixture_name='admin_driver'
INFO     core.until.cases:cases.py:103 执行关键字name='点击导航栏互动雷达选项', key='click', args=['/html/body/div[1]/div[1]/div[1]/div[2]/div/ul/li[4]/div/span']
INFO     core.until.cases:cases.py:103 执行关键字name='切换互动雷达主页', key='iframe_enter', args=['//iframe[@src="/marketing/interactRadar/page"]']
INFO     core.until.cases:cases.py:103 执行关键字name='点击创建雷达按钮', key='click', args=["//span[contains(text(),'创建雷达')]"]
INFO     core.until.cases:cases.py:103 执行关键字name='退出页面', key='iframe_exit', args=[]
INFO     core.until.cases:cases.py:103 执行关键字name='切换创建互动雷达页面', key='iframe_enter', args=['//iframe[@src="/marketing/interactRadar/create"]']
INFO     core.until.cases:cases.py:103 执行关键字name='输入雷达标题', key='input', args=['//input[@placeholder="请输入雷达标题"]', '二次创建互动雷达标题']
INFO     core.until.cases:cases.py:103 执行关键字name='输入雷达链接', key='input', args=['//input[@placeholder="请输入雷达链接"]', 'https://mp.weixin.qq.com/s/3mMxkuN6U987EKVs-e0AtA']
INFO     core.until.cases:cases.py:103 执行关键字name='输入链接标题', key='input', args=['//input[@placeholder="请输入链接标题"]', '二次创建互动雷达链接标题']
INFO     core.until.cases:cases.py:103 执行关键字name='输入链接摘要', key='input', args=['//textarea[@placeholder="请输入链接摘要"]', '二次创建互动雷达链接摘要']
INFO     core.until.cases:cases.py:103 执行关键字name='点击选择封面按钮', key='click', args=['//button[contains(text(),"选择封面")]']
INFO     core.until.cases:cases.py:103 执行关键字name='退出页面', key='iframe_exit', args=[]
INFO     core.until.cases:cases.py:103 执行关键字name='点击第一张图片', key='click', args=['//div[@class = "app-grid-flex"]/div[1]/div/div[1]/img']
INFO     core.until.cases:cases.py:103 执行关键字name='点击图片右上角复选框', key='click', args=['//div[@class = "app-grid-flex"]/div[1]/div/div[2]/label/span/input']
INFO     core.until.cases:cases.py:103 执行关键字name='点击选择图片页面确认按钮', key='click', args=['//span[contains(text(),"确定")]']
INFO     core.until.cases:cases.py:103 执行关键字name='切换创建互动雷达页面', key='iframe_enter', args=['//iframe[@src="/marketing/interactRadar/create"]']
INFO     core.until.cases:cases.py:103 执行关键字name='点击创建互动雷达页面确认按钮', key='click', args=['//span[contains(text(),"确定")]']
INFO     core.until.cases:cases.py:103 执行关键字name='退出页面', key='iframe_exit', args=[]
INFO     core.until.cases:cases.py:103 执行关键字name='断言提示信息', key='assert_text', args=['//div[@class = "ivu-notice-notice-content"]/div', '创建成功']
INFO     webdriver_helper:kdt.py:225 assert (text='创建成功') == (element.text='提示\n错误码: -1, 错误信息: 企业雷达名称已存在')
INFO     core.until.cases:cases.py:80 测试用例开始执行
INFO     core.until.cases:cases.py:90 解析用例名称:case_name='必填项为空创建互动雷达', fixture_name='admin_driver'
INFO     core.until.cases:cases.py:103 执行关键字name='点击导航栏互动雷达选项', key='click', args=['/html/body/div[1]/div[1]/div[1]/div[2]/div/ul/li[4]/div/span']
INFO     core.until.cases:cases.py:103 执行关键字name='切换互动雷达主页', key='iframe_enter', args=['//iframe[@src="/marketing/interactRadar/page"]']
INFO     core.until.cases:cases.py:103 执行关键字name='点击创建雷达按钮', key='click', args=["//span[contains(text(),'创建雷达')]"]
INFO     core.until.cases:cases.py:103 执行关键字name='退出页面', key='iframe_exit', args=[]
INFO     core.until.cases:cases.py:103 执行关键字name='切换创建互动雷达页面', key='iframe_enter', args=['//iframe[@src="/marketing/interactRadar/create"]']
INFO     core.until.cases:cases.py:103 执行关键字name='点击创建互动雷达页面确认按钮', key='click', args=['//span[contains(text(),"确定")]']
INFO     core.until.cases:cases.py:103 执行关键字name='断言提示信息', key='assert_mandatory_field', args=['雷达标题不能为空, 雷达链接不能为空, 链接标题不能为空,链接摘要不能为空, 封面不能为空']
INFO     webdriver_helper:kdt.py:254 (['雷达标题不能为空', '雷达链接不能为空', '链接标题不能为空', '链接摘要不能为空', '封面不能为空'])
INFO     webdriver_helper:kdt.py:256 assert (i='雷达标题不能为空') in (msg='<html><head><meta http-equiv="Content-Type" content="text/html; charset=utf-8"><title>智己汽车</title><meta name="viewport" content="width=device-width,initial-scale=1,user-scalable=no"><meta name="renderer" content="webkit"><link rel="shortcut icon" href="/favicon.ico"><link href="/s/theme_default.min.css" rel="stylesheet"><link href="/s/lib.vendors.min.css?v=02454ce1810946b6696b" rel="stylesheet"><link href="/s/lib.core.min.css?v=02454ce1810946b6696b" rel="stylesheet"></head><body marginwidth="0" marginheight="0"><script>window.AppData = {\n        modules: ["im","ecommerce"],\n        enableUim: true,\n        site: {"title":"智己汽车","organization":"悄悄科技","copyright":"","favicon":"/favicon.ico","logo":"","logo_small":"/img/logo_small.png","url":"http://www.qiaoqiaowan.net","baidu_phone_url":"http://bj.bcebos.com/v1/yapweb/acp/prod/#/","uim":"https://wss-uat.immotors.com","groupTime":5,"timelineTime":10,"regionId":[100000206,100000223,100000196,100000091,100000056,100000244],"upload":{"image":{"size":10240},"video":{"size":10240}}},\n        user: {"id":64564179271680,"username":"19542812247","tenant":{"id":"2665ebc7957448ee86f4f81989c6e7f9","merchantId":"fa87962c-2660-43b1-9f87-11d0bd85e5e2","domain":"zhijiqiche","name":"智己汽车科技有限公司","ctime":1625731676000,"deviceQouta":5,"currentDevice":194,"bizCode":"","clusterId":"","webhookUrl":"","host":"","serverUrl":"tcp://:","httpUrl":"http://:6111","appKey":"defaultAppKey","utime":1673851804000,"bindType":0,"deviceType":2,"cluster":{"im":{"host":"micro_api","port":"8080","timeout":10000},"robot":{"host":"10.53.128.38","port":"8000","timeout":10000},"imGlobal":{"host":"10.53.128.38","port":"8110","timeout":10000},"domain":{"host":"mm-gateway-server","port":"5765","timeout":10000},"ecommerseDomain":{"host":"mm-gateway-server","port":"5765","timeout":10000},"domainGlobal":{"host":"mm-gateway-server","port":"5765","timeout":10000},"druid":{"host":"10.53.128.38","port":8082,"timeout":10000},"tenantLicense":{"host":"micro_api","port":"8080","timeout":10000},"patient":{"host":"mm-gateway-server","port":"5765","timeout":10000}}},"nickname":"神秘人","superUser":false,"sex":0} }</script><div class="main-page"><div class="main-content"><div data-v-5fc64bc0="" data-v-6150f88e="" class="ivu-card ivu-card-bordered"><!----> <!----> <div class="ivu-card-body"><div data-v-5fc64bc0="" class="ivu-row" style="margin-left: -16px; margin-right: -16px;"><div data-v-5fc64bc0="" class="ivu-col ivu-col-span-17" style="padding-left: 16px; padding-right: 16px;"><form data-v-5fc64bc0="" autocomplete="off" class="ivu-form ivu-form-label-right"><div data-v-5fc64bc0="" class="ivu-form-item ivu-form-item-required ivu-form-item-error"><label class="ivu-form-item-label" style="width: 110px;">雷达标题：</label> <div class="ivu-form-item-content" style="margin-left: 110px;"><div data-v-5fc64bc0="" class="ivu-input-wrapper ivu-input-type" style="width: 320px;"><!----> <!----> <i class="ivu-icon ivu-icon-load-c ivu-load-loop ivu-input-icon ivu-input-icon-validate"></i> <input autocomplete="off" spellcheck="false" type="text" placeholder="请输入雷达标题" maxlength="40" class="ivu-input"> <!----></div> <div class="ivu-form-item-error-tip">雷达标题不能为空</div></div></div> <div data-v-5fc64bc0="" class="ivu-form-item ivu-form-item-required ivu-form-item-error"><label class="ivu-form-item-label" style="width: 110px;">雷达链接：</label> <div class="ivu-form-item-content" style="margin-left: 110px;"><div data-v-5fc64bc0="" class="ivu-input-wrapper ivu-input-type" style="width: 320px;"><!----> <!----> <i class="ivu-icon ivu-icon-load-c ivu-load-loop ivu-input-icon ivu-input-icon-validate"></i> <input autocomplete="off" spellcheck="false" type="text" placeholder="请输入雷达链接" class="ivu-input"> <!----></div> <div class="ivu-form-item-error-tip">雷达链接不能为空</div></div></div> <div data-v-5fc64bc0="" class="ivu-form-item ivu-form-item-required ivu-form-item-error"><label class="ivu-form-item-label" style="width: 110px;">链接标题：</label> <div class="ivu-form-item-content" style="margin-left: 110px;"><div data-v-5fc64bc0="" class="ivu-input-wrapper ivu-input-type" style="width: 320px;"><!----> <!----> <i class="ivu-icon ivu-icon-load-c ivu-load-loop ivu-input-icon ivu-input-icon-validate"></i> <input autocomplete="off" spellcheck="false" type="text" placeholder="请输入链接标题" class="ivu-input"> <!----></div> <div class="ivu-form-item-error-tip">链接标题不能为空</div></div></div> <div data-v-5fc64bc0="" class="ivu-form-item ivu-form-item-required ivu-form-item-error"><label class="ivu-form-item-label" style="width: 110px;">链接摘要：</label> <div class="ivu-form-item-content" style="margin-left: 110px;"><div data-v-5fc64bc0="" class="ivu-input-wrapper ivu-input-type" style="width: 320px;"><textarea wrap="soft" autocomplete="off" spellcheck="false" placeholder="请输入链接摘要" rows="2" class="ivu-input"></textarea></div> <div class="ivu-form-item-error-tip">链接摘要不能为空</div></div></div> <div data-v-5fc64bc0="" class="ivu-form-item ivu-form-item-required ivu-form-item-error"><label class="ivu-form-item-label" style="width: 110px;">封面</label> <div class="ivu-form-item-content" style="margin-left: 110px;"><div data-v-5fc64bc0="" class="img"><div data-v-5fc64bc0="" class="img-item"><div data-v-2194efda="" data-v-5fc64bc0=""><button data-v-2194efda="" type="button" class="ivu-btn ivu-btn-primary btn-margin-left">\n    选择封面\n  </button> <!----> <!----></div></div></div> <div class="ivu-form-item-error-tip">封面不能为空</div></div></div> <div data-v-5fc64bc0="" class="ivu-form-item"><label class="ivu-form-item-label" style="width: 110px;">客户标签</label> <div class="ivu-form-item-content" style="margin-left: 110px;"><span data-v-5fc64bc0="" tabindex="0" class="ivu-switch"><input type="hidden" value="false"> <span class="ivu-switch-inner"><!----> </span></span> <!----></div></div> <div data-v-5fc64bc0="" class="ivu-form-item"><!----> <div class="ivu-form-item-content" style="margin-left: 110px;"><div data-v-08e22a4e="" data-v-5fc64bc0="" style="display: none;"><div data-v-08e22a4e="" class="ivu-form-item"><!----> <div class="ivu-form-item-content" style="margin-left: 110px;"><div data-v-08e22a4e="" class="tag-box"><div data-v-08e22a4e="">针对点击雷达的用户，自动打上对应标签</div> <section data-v-4e00c4f8="" data-v-08e22a4e="" class="tags-mange" style="display: inline-block; vertical-align: top; margin-right: 10px;"><div data-v-4e00c4f8="" class="tags-group flex-r fj-between"><button data-v-4e00c4f8="" type="button" class="ivu-btn ivu-btn-primary"><!----> <!----> <span>选择标签</span></button> <!----></div> <!----></section></div> <!----></div></div></div> <!----></div></div> <div data-v-5fc64bc0="" class="ivu-form-item"><!----> <div class="ivu-form-item-content" style="margin-left: 110px;"><button data-v-5fc64bc0="" type="button" class="ivu-btn ivu-btn-primary"><!----> <!----> <span style="border: 0px;">确定\n          </span></button> <button data-v-5fc64bc0="" type="button" class="ivu-btn"><!----> <!----> <span>重置</span></button> <!----></div></div></form></div> <div data-v-5fc64bc0="" class="ivu-col ivu-col-span-7" style="padding-left: 16px; padding-right: 16px;"><div data-v-5fc64bc0="" class="ivu-card ivu-card-bordered"><div class="ivu-card-head"><p><!---->\n            雷达预览\n        </p></div> <!----> <div class="ivu-card-body"><div data-v-4637997c="" data-v-5fc64bc0="" class="radar-preview-layout"><div data-v-4637997c="" class="radar-preview-left"><div data-v-4637997c="" class="radar-preview-title"></div> <div data-v-4637997c="" class="radar-preview-desc"></div></div> <!----></div></div></div></div></div></div></div></div></div><script src="/s/manifest.min.js?v=e26c10898ae94e5b6be9"></script><script src="/s/lib.ui.min.js?v=2939458c7e52b098a515"></script><script src="/s/lib.vendors.min.js?v=38ee2c2a3a1ea0b78f62"></script><script src="/s/lib.core.min.js?v=ce9da09ae42f5c5d3745"></script><script src="/s/marketing.interactRadar.create.min.js?v=15bb00cf084346935a9c"></script><div data-v-4e00c4f8="" data-transfer="true" class="v-transfer-dom"><div class="ivu-modal-mask" style="display: none;"></div> <div class="ivu-modal-wrap ivu-modal-hidden"><div class="ivu-modal" style="width: 600px; top: 20px; display: none;"><div class="ivu-modal-content"><!----> <div class="ivu-modal-header"><div class="ivu-modal-header-inner">标签管理</div></div> <div class="ivu-modal-body"><form data-v-4e00c4f8="" autocomplete="off" class="tags-form ivu-form ivu-form-label-right"><div data-v-4e00c4f8="" class="ivu-form-item"><label class="ivu-form-item-label" style="width: 120px;">已有标签：</label> <div class="ivu-form-item-content" style="margin-left: 120px;"><p data-v-4e00c4f8="">0个</p> <div data-v-4e00c4f8="" class="tags-wrap flex-c fj-between"><div data-v-4e00c4f8="" class="tags-box"></div> <div data-v-4e00c4f8="" class="flex-r fj-end" style="padding: 4px;"><button data-v-4e00c4f8="" type="button" class="ivu-btn ivu-btn-primary"><!----> <!----> <span>删除标签</span></button></div></div> <!----></div></div> <div data-v-4e00c4f8="" class="ivu-form-item"><label class="ivu-form-item-label" style="width: 120px;">添加标签：</label> <div class="ivu-form-item-content" style="margin-left: 120px;"><div data-v-4e00c4f8="" class="select-wrap flex-r fj-between"><div data-v-4e00c4f8="" class="left"><p data-v-4e00c4f8="" class="title">标签组</p> <div data-v-4e00c4f8="" class="tags-list"><div data-v-4e00c4f8="" class="tags-item active">\n                下订预测推送实验\n              </div><div data-v-4e00c4f8="" class="tags-item">\n                临时人群包\n              </div><div data-v-4e00c4f8="" class="tags-item">\n                现场驻足时间\n              </div><div data-v-4e00c4f8="" class="tags-item">\n                人事专用标签\n              </div><div data-v-4e00c4f8="" class="tags-item">\n                转移客户\n              </div><div data-v-4e00c4f8="" class="tags-item">\n                现场性格\n              </div><div data-v-4e00c4f8="" class="tags-item">\n                线上来源_大客户渠道\n              </div><div data-v-4e00c4f8="" class="tags-item">\n                客户阅读行为\n              </div><div data-v-4e00c4f8="" class="tags-item">\n                预计购车周期\n              </div><div data-v-4e00c4f8="" class="tags-item">\n                服务体验与售后关注点\n              </div><div data-v-4e00c4f8="" class="tags-item">\n                购车预算\n              </div><div data-v-4e00c4f8="" class="tags-item">\n                购车性质（必选）\n              </div><div data-v-4e00c4f8="" class="tags-item">\n                已参与活动\n              </div><div data-v-4e00c4f8="" class="tags-item">\n                订车状态\n              </div><div data-v-4e00c4f8="" class="tags-item">\n                产品吐槽点\n              </div><div data-v-4e00c4f8="" class="tags-item">\n                现有车型品牌\n              </div><div data-v-4e00c4f8="" class="tags-item">\n                社群-（混合域自用）\n              </div><div data-v-4e00c4f8="" class="tags-item">\n                门店体验区域\n              </div><div data-v-4e00c4f8="" class="tags-item">\n                到店意愿\n              </div><div data-v-4e00c4f8="" class="tags-item">\n                用户情绪关注\n              </div><div data-v-4e00c4f8="" class="tags-item">\n                线上来源-微信平台\n              </div><div data-v-4e00c4f8="" class="tags-item">\n                金融偏好\n              </div><div data-v-4e00c4f8="" class="tags-item">\n                线下来源-活动（历史）\n              </div><div data-v-4e00c4f8="" class="tags-item">\n                画像-学历\n              </div><div data-v-4e00c4f8="" class="tags-item">\n                微信投放人群包\n              </div><div data-v-4e00c4f8="" class="tags-item">\n                画像-婚育\n              </div><div data-v-4e00c4f8="" class="tags-item">\n                画像-家庭年收入\n              </div><div data-v-4e00c4f8="" class="tags-item">\n                所在城市\n              </div><div data-v-4e00c4f8="" class="tags-item">\n                画像-家庭孩子情况\n              </div><div data-v-4e00c4f8="" class="tags-item">\n                客户私域状态\n              </div><div data-v-4e00c4f8="" class="tags-item">\n                建群邀请人群包\n              </div><div data-v-4e00c4f8="" class="tags-item">\n                RFQ模型预测\n              </div><div data-v-4e00c4f8="" class="tags-item">\n                线上来源-自有流量\n              </div><div data-v-4e00c4f8="" class="tags-item">\n                线下投放渠道\n              </div><div data-v-4e00c4f8="" class="tags-item">\n                现有车型能源形式\n              </div><div data-v-4e00c4f8="" class="tags-item">\n                意向车型偏好\n              </div><div data-v-4e00c4f8="" class="tags-item">\n                谈吐\n              </div><div data-v-4e00c4f8="" class="tags-item">\n                产品关注点（历史体系）\n              </div><div data-v-4e00c4f8="" class="tags-item">\n                不参与门店活动\n              </div><div data-v-4e00c4f8="" class="tags-item">\n                产品亮点关注（必选）\n              </div><div data-v-4e00c4f8="" class="tags-item">\n                门店客户停留最长时间区域\n              </div><div data-v-4e00c4f8="" class="tags-item">\n                意向购车品牌\n              </div><div data-v-4e00c4f8="" class="tags-item">\n                线上来源-其他流量平台\n              </div><div data-v-4e00c4f8="" class="tags-item">\n                外籍人士\n              </div><div data-v-4e00c4f8="" class="tags-item">\n                价格与权益关注点\n              </div><div data-v-4e00c4f8="" class="tags-item">\n                加C方式\n              </div><div data-v-4e00c4f8="" class="tags-item">\n                画像-年龄\n              </div><div data-v-4e00c4f8="" class="tags-item">\n                订车周期（必选）\n              </div><div data-v-4e00c4f8="" class="tags-item">\n                兴趣标签\n              </div><div data-v-4e00c4f8="" class="tags-item">\n                来源-其他\n              </div><div data-v-4e00c4f8="" class="tags-item">\n                画像-行业\n              </div><div data-v-4e00c4f8="" class="tags-item">\n                形象气质\n              </div><div data-v-4e00c4f8="" class="tags-item">\n                是否知道智己\n              </div><div data-v-4e00c4f8="" class="tags-item">\n                购车意向度（新）\n              </div><div data-v-4e00c4f8="" class="tags-item">\n                购车意向度\n              </div><div data-v-4e00c4f8="" class="tags-item">\n                是否同行\n              </div><div data-v-4e00c4f8="" class="tags-item">\n                其他\n              </div><div data-v-4e00c4f8="" class="tags-item">\n                订单人群\n              </div><div data-v-4e00c4f8="" class="tags-item">\n                昨日新增用户分层推送\n              </div><div data-v-4e00c4f8="" class="tags-item">\n                用户关怀\n              </div><div data-v-4e00c4f8="" class="tags-item">\n                意向车系\n              </div><div data-v-4e00c4f8="" class="tags-item">\n                订单状态\n              </div><div data-v-4e00c4f8="" class="tags-item">\n                订单车系\n              </div><div data-v-4e00c4f8="" class="tags-item">\n                试驾车系\n              </div></div></div> <div data-v-4e00c4f8="" class="right"><p data-v-4e00c4f8="" class="title">标签</p> <div data-v-4e00c4f8="" class="tags-list"><div data-v-4e00c4f8="" class="tags-item"><label data-v-4e00c4f8="" class="ivu-checkbox-wrapper"><span class="ivu-checkbox"><span class="ivu-checkbox-inner"></span> <input type="checkbox" class="ivu-checkbox-input"></span> 实验组_0915</label></div><div data-v-4e00c4f8="" class="tags-item"><label data-v-4e00c4f8="" class="ivu-checkbox-wrapper"><span class="ivu-checkbox"><span class="ivu-checkbox-inner"></span> <input type="checkbox" class="ivu-checkbox-input"></span> 实验组_1021</label></div><div data-v-4e00c4f8="" class="tags-item"><label data-v-4e00c4f8="" class="ivu-checkbox-wrapper"><span class="ivu-checkbox"><span class="ivu-checkbox-inner"></span> <input type="checkbox" class="ivu-checkbox-input"></span> 实验组_1017</label></div><div data-v-4e00c4f8="" class="tags-item"><label data-v-4e00c4f8="" class="ivu-checkbox-wrapper"><span class="ivu-checkbox"><span class="ivu-checkbox-inner"></span> <input type="checkbox" class="ivu-checkbox-input"></span> 实验组_1013</label></div><div data-v-4e00c4f8="" class="tags-item"><label data-v-4e00c4f8="" class="ivu-checkbox-wrapper"><span class="ivu-checkbox"><span class="ivu-checkbox-inner"></span> <input type="checkbox" class="ivu-checkbox-input"></span> 实验组_1010</label></div><div data-v-4e00c4f8="" class="tags-item"><label data-v-4e00c4f8="" class="ivu-checkbox-wrapper"><span class="ivu-checkbox"><span class="ivu-checkbox-inner"></span> <input type="checkbox" class="ivu-checkbox-input"></span> 实验组_0930</label></div><div data-v-4e00c4f8="" class="tags-item"><label data-v-4e00c4f8="" class="ivu-checkbox-wrapper"><span class="ivu-checkbox"><span class="ivu-checkbox-inner"></span> <input type="checkbox" class="ivu-checkbox-input"></span> 实验组_0922</label></div><div data-v-4e00c4f8="" class="tags-item"><label data-v-4e00c4f8="" class="ivu-checkbox-wrapper"><span class="ivu-checkbox"><span class="ivu-checkbox-inner"></span> <input type="checkbox" class="ivu-checkbox-input"></span> 实验组_0919</label></div><div data-v-4e00c4f8="" class="tags-item"><label data-v-4e00c4f8="" class="ivu-checkbox-wrapper"><span class="ivu-checkbox"><span class="ivu-checkbox-inner"></span> <input type="checkbox" class="ivu-checkbox-input"></span> 实验组_0913</label></div></div></div></div> <!----></div></div></form></div> <div class="ivu-modal-footer"><button type="button" class="ivu-btn ivu-btn-text ivu-btn-large"><!----> <!----> <span>取消</span></button> <button type="button" class="ivu-btn ivu-btn-primary ivu-btn-large"><!----> <!----> <span>确定</span></button></div></div></div></div></div></body></html>')
INFO     webdriver_helper:kdt.py:256 assert (i='雷达链接不能为空') in (msg='<html><head><meta http-equiv="Content-Type" content="text/html; charset=utf-8"><title>智己汽车</title><meta name="viewport" content="width=device-width,initial-scale=1,user-scalable=no"><meta name="renderer" content="webkit"><link rel="shortcut icon" href="/favicon.ico"><link href="/s/theme_default.min.css" rel="stylesheet"><link href="/s/lib.vendors.min.css?v=02454ce1810946b6696b" rel="stylesheet"><link href="/s/lib.core.min.css?v=02454ce1810946b6696b" rel="stylesheet"></head><body marginwidth="0" marginheight="0"><script>window.AppData = {\n        modules: ["im","ecommerce"],\n        enableUim: true,\n        site: {"title":"智己汽车","organization":"悄悄科技","copyright":"","favicon":"/favicon.ico","logo":"","logo_small":"/img/logo_small.png","url":"http://www.qiaoqiaowan.net","baidu_phone_url":"http://bj.bcebos.com/v1/yapweb/acp/prod/#/","uim":"https://wss-uat.immotors.com","groupTime":5,"timelineTime":10,"regionId":[100000206,100000223,100000196,100000091,100000056,100000244],"upload":{"image":{"size":10240},"video":{"size":10240}}},\n        user: {"id":64564179271680,"username":"19542812247","tenant":{"id":"2665ebc7957448ee86f4f81989c6e7f9","merchantId":"fa87962c-2660-43b1-9f87-11d0bd85e5e2","domain":"zhijiqiche","name":"智己汽车科技有限公司","ctime":1625731676000,"deviceQouta":5,"currentDevice":194,"bizCode":"","clusterId":"","webhookUrl":"","host":"","serverUrl":"tcp://:","httpUrl":"http://:6111","appKey":"defaultAppKey","utime":1673851804000,"bindType":0,"deviceType":2,"cluster":{"im":{"host":"micro_api","port":"8080","timeout":10000},"robot":{"host":"10.53.128.38","port":"8000","timeout":10000},"imGlobal":{"host":"10.53.128.38","port":"8110","timeout":10000},"domain":{"host":"mm-gateway-server","port":"5765","timeout":10000},"ecommerseDomain":{"host":"mm-gateway-server","port":"5765","timeout":10000},"domainGlobal":{"host":"mm-gateway-server","port":"5765","timeout":10000},"druid":{"host":"10.53.128.38","port":8082,"timeout":10000},"tenantLicense":{"host":"micro_api","port":"8080","timeout":10000},"patient":{"host":"mm-gateway-server","port":"5765","timeout":10000}}},"nickname":"神秘人","superUser":false,"sex":0} }</script><div class="main-page"><div class="main-content"><div data-v-5fc64bc0="" data-v-6150f88e="" class="ivu-card ivu-card-bordered"><!----> <!----> <div class="ivu-card-body"><div data-v-5fc64bc0="" class="ivu-row" style="margin-left: -16px; margin-right: -16px;"><div data-v-5fc64bc0="" class="ivu-col ivu-col-span-17" style="padding-left: 16px; padding-right: 16px;"><form data-v-5fc64bc0="" autocomplete="off" class="ivu-form ivu-form-label-right"><div data-v-5fc64bc0="" class="ivu-form-item ivu-form-item-required ivu-form-item-error"><label class="ivu-form-item-label" style="width: 110px;">雷达标题：</label> <div class="ivu-form-item-content" style="margin-left: 110px;"><div data-v-5fc64bc0="" class="ivu-input-wrapper ivu-input-type" style="width: 320px;"><!----> <!----> <i class="ivu-icon ivu-icon-load-c ivu-load-loop ivu-input-icon ivu-input-icon-validate"></i> <input autocomplete="off" spellcheck="false" type="text" placeholder="请输入雷达标题" maxlength="40" class="ivu-input"> <!----></div> <div class="ivu-form-item-error-tip">雷达标题不能为空</div></div></div> <div data-v-5fc64bc0="" class="ivu-form-item ivu-form-item-required ivu-form-item-error"><label class="ivu-form-item-label" style="width: 110px;">雷达链接：</label> <div class="ivu-form-item-content" style="margin-left: 110px;"><div data-v-5fc64bc0="" class="ivu-input-wrapper ivu-input-type" style="width: 320px;"><!----> <!----> <i class="ivu-icon ivu-icon-load-c ivu-load-loop ivu-input-icon ivu-input-icon-validate"></i> <input autocomplete="off" spellcheck="false" type="text" placeholder="请输入雷达链接" class="ivu-input"> <!----></div> <div class="ivu-form-item-error-tip">雷达链接不能为空</div></div></div> <div data-v-5fc64bc0="" class="ivu-form-item ivu-form-item-required ivu-form-item-error"><label class="ivu-form-item-label" style="width: 110px;">链接标题：</label> <div class="ivu-form-item-content" style="margin-left: 110px;"><div data-v-5fc64bc0="" class="ivu-input-wrapper ivu-input-type" style="width: 320px;"><!----> <!----> <i class="ivu-icon ivu-icon-load-c ivu-load-loop ivu-input-icon ivu-input-icon-validate"></i> <input autocomplete="off" spellcheck="false" type="text" placeholder="请输入链接标题" class="ivu-input"> <!----></div> <div class="ivu-form-item-error-tip">链接标题不能为空</div></div></div> <div data-v-5fc64bc0="" class="ivu-form-item ivu-form-item-required ivu-form-item-error"><label class="ivu-form-item-label" style="width: 110px;">链接摘要：</label> <div class="ivu-form-item-content" style="margin-left: 110px;"><div data-v-5fc64bc0="" class="ivu-input-wrapper ivu-input-type" style="width: 320px;"><textarea wrap="soft" autocomplete="off" spellcheck="false" placeholder="请输入链接摘要" rows="2" class="ivu-input"></textarea></div> <div class="ivu-form-item-error-tip">链接摘要不能为空</div></div></div> <div data-v-5fc64bc0="" class="ivu-form-item ivu-form-item-required ivu-form-item-error"><label class="ivu-form-item-label" style="width: 110px;">封面</label> <div class="ivu-form-item-content" style="margin-left: 110px;"><div data-v-5fc64bc0="" class="img"><div data-v-5fc64bc0="" class="img-item"><div data-v-2194efda="" data-v-5fc64bc0=""><button data-v-2194efda="" type="button" class="ivu-btn ivu-btn-primary btn-margin-left">\n    选择封面\n  </button> <!----> <!----></div></div></div> <div class="ivu-form-item-error-tip">封面不能为空</div></div></div> <div data-v-5fc64bc0="" class="ivu-form-item"><label class="ivu-form-item-label" style="width: 110px;">客户标签</label> <div class="ivu-form-item-content" style="margin-left: 110px;"><span data-v-5fc64bc0="" tabindex="0" class="ivu-switch"><input type="hidden" value="false"> <span class="ivu-switch-inner"><!----> </span></span> <!----></div></div> <div data-v-5fc64bc0="" class="ivu-form-item"><!----> <div class="ivu-form-item-content" style="margin-left: 110px;"><div data-v-08e22a4e="" data-v-5fc64bc0="" style="display: none;"><div data-v-08e22a4e="" class="ivu-form-item"><!----> <div class="ivu-form-item-content" style="margin-left: 110px;"><div data-v-08e22a4e="" class="tag-box"><div data-v-08e22a4e="">针对点击雷达的用户，自动打上对应标签</div> <section data-v-4e00c4f8="" data-v-08e22a4e="" class="tags-mange" style="display: inline-block; vertical-align: top; margin-right: 10px;"><div data-v-4e00c4f8="" class="tags-group flex-r fj-between"><button data-v-4e00c4f8="" type="button" class="ivu-btn ivu-btn-primary"><!----> <!----> <span>选择标签</span></button> <!----></div> <!----></section></div> <!----></div></div></div> <!----></div></div> <div data-v-5fc64bc0="" class="ivu-form-item"><!----> <div class="ivu-form-item-content" style="margin-left: 110px;"><button data-v-5fc64bc0="" type="button" class="ivu-btn ivu-btn-primary"><!----> <!----> <span style="border: 0px;">确定\n          </span></button> <button data-v-5fc64bc0="" type="button" class="ivu-btn"><!----> <!----> <span>重置</span></button> <!----></div></div></form></div> <div data-v-5fc64bc0="" class="ivu-col ivu-col-span-7" style="padding-left: 16px; padding-right: 16px;"><div data-v-5fc64bc0="" class="ivu-card ivu-card-bordered"><div class="ivu-card-head"><p><!---->\n            雷达预览\n        </p></div> <!----> <div class="ivu-card-body"><div data-v-4637997c="" data-v-5fc64bc0="" class="radar-preview-layout"><div data-v-4637997c="" class="radar-preview-left"><div data-v-4637997c="" class="radar-preview-title"></div> <div data-v-4637997c="" class="radar-preview-desc"></div></div> <!----></div></div></div></div></div></div></div></div></div><script src="/s/manifest.min.js?v=e26c10898ae94e5b6be9"></script><script src="/s/lib.ui.min.js?v=2939458c7e52b098a515"></script><script src="/s/lib.vendors.min.js?v=38ee2c2a3a1ea0b78f62"></script><script src="/s/lib.core.min.js?v=ce9da09ae42f5c5d3745"></script><script src="/s/marketing.interactRadar.create.min.js?v=15bb00cf084346935a9c"></script><div data-v-4e00c4f8="" data-transfer="true" class="v-transfer-dom"><div class="ivu-modal-mask" style="display: none;"></div> <div class="ivu-modal-wrap ivu-modal-hidden"><div class="ivu-modal" style="width: 600px; top: 20px; display: none;"><div class="ivu-modal-content"><!----> <div class="ivu-modal-header"><div class="ivu-modal-header-inner">标签管理</div></div> <div class="ivu-modal-body"><form data-v-4e00c4f8="" autocomplete="off" class="tags-form ivu-form ivu-form-label-right"><div data-v-4e00c4f8="" class="ivu-form-item"><label class="ivu-form-item-label" style="width: 120px;">已有标签：</label> <div class="ivu-form-item-content" style="margin-left: 120px;"><p data-v-4e00c4f8="">0个</p> <div data-v-4e00c4f8="" class="tags-wrap flex-c fj-between"><div data-v-4e00c4f8="" class="tags-box"></div> <div data-v-4e00c4f8="" class="flex-r fj-end" style="padding: 4px;"><button data-v-4e00c4f8="" type="button" class="ivu-btn ivu-btn-primary"><!----> <!----> <span>删除标签</span></button></div></div> <!----></div></div> <div data-v-4e00c4f8="" class="ivu-form-item"><label class="ivu-form-item-label" style="width: 120px;">添加标签：</label> <div class="ivu-form-item-content" style="margin-left: 120px;"><div data-v-4e00c4f8="" class="select-wrap flex-r fj-between"><div data-v-4e00c4f8="" class="left"><p data-v-4e00c4f8="" class="title">标签组</p> <div data-v-4e00c4f8="" class="tags-list"><div data-v-4e00c4f8="" class="tags-item active">\n                下订预测推送实验\n              </div><div data-v-4e00c4f8="" class="tags-item">\n                临时人群包\n              </div><div data-v-4e00c4f8="" class="tags-item">\n                现场驻足时间\n              </div><div data-v-4e00c4f8="" class="tags-item">\n                人事专用标签\n              </div><div data-v-4e00c4f8="" class="tags-item">\n                转移客户\n              </div><div data-v-4e00c4f8="" class="tags-item">\n                现场性格\n              </div><div data-v-4e00c4f8="" class="tags-item">\n                线上来源_大客户渠道\n              </div><div data-v-4e00c4f8="" class="tags-item">\n                客户阅读行为\n              </div><div data-v-4e00c4f8="" class="tags-item">\n                预计购车周期\n              </div><div data-v-4e00c4f8="" class="tags-item">\n                服务体验与售后关注点\n              </div><div data-v-4e00c4f8="" class="tags-item">\n                购车预算\n              </div><div data-v-4e00c4f8="" class="tags-item">\n                购车性质（必选）\n              </div><div data-v-4e00c4f8="" class="tags-item">\n                已参与活动\n              </div><div data-v-4e00c4f8="" class="tags-item">\n                订车状态\n              </div><div data-v-4e00c4f8="" class="tags-item">\n                产品吐槽点\n              </div><div data-v-4e00c4f8="" class="tags-item">\n                现有车型品牌\n              </div><div data-v-4e00c4f8="" class="tags-item">\n                社群-（混合域自用）\n              </div><div data-v-4e00c4f8="" class="tags-item">\n                门店体验区域\n              </div><div data-v-4e00c4f8="" class="tags-item">\n                到店意愿\n              </div><div data-v-4e00c4f8="" class="tags-item">\n                用户情绪关注\n              </div><div data-v-4e00c4f8="" class="tags-item">\n                线上来源-微信平台\n              </div><div data-v-4e00c4f8="" class="tags-item">\n                金融偏好\n              </div><div data-v-4e00c4f8="" class="tags-item">\n                线下来源-活动（历史）\n              </div><div data-v-4e00c4f8="" class="tags-item">\n                画像-学历\n              </div><div data-v-4e00c4f8="" class="tags-item">\n                微信投放人群包\n              </div><div data-v-4e00c4f8="" class="tags-item">\n                画像-婚育\n              </div><div data-v-4e00c4f8="" class="tags-item">\n                画像-家庭年收入\n              </div><div data-v-4e00c4f8="" class="tags-item">\n                所在城市\n              </div><div data-v-4e00c4f8="" class="tags-item">\n                画像-家庭孩子情况\n              </div><div data-v-4e00c4f8="" class="tags-item">\n                客户私域状态\n              </div><div data-v-4e00c4f8="" class="tags-item">\n                建群邀请人群包\n              </div><div data-v-4e00c4f8="" class="tags-item">\n                RFQ模型预测\n              </div><div data-v-4e00c4f8="" class="tags-item">\n                线上来源-自有流量\n              </div><div data-v-4e00c4f8="" class="tags-item">\n                线下投放渠道\n              </div><div data-v-4e00c4f8="" class="tags-item">\n                现有车型能源形式\n              </div><div data-v-4e00c4f8="" class="tags-item">\n                意向车型偏好\n              </div><div data-v-4e00c4f8="" class="tags-item">\n                谈吐\n              </div><div data-v-4e00c4f8="" class="tags-item">\n                产品关注点（历史体系）\n              </div><div data-v-4e00c4f8="" class="tags-item">\n                不参与门店活动\n              </div><div data-v-4e00c4f8="" class="tags-item">\n                产品亮点关注（必选）\n              </div><div data-v-4e00c4f8="" class="tags-item">\n                门店客户停留最长时间区域\n              </div><div data-v-4e00c4f8="" class="tags-item">\n                意向购车品牌\n              </div><div data-v-4e00c4f8="" class="tags-item">\n                线上来源-其他流量平台\n              </div><div data-v-4e00c4f8="" class="tags-item">\n                外籍人士\n              </div><div data-v-4e00c4f8="" class="tags-item">\n                价格与权益关注点\n              </div><div data-v-4e00c4f8="" class="tags-item">\n                加C方式\n              </div><div data-v-4e00c4f8="" class="tags-item">\n                画像-年龄\n              </div><div data-v-4e00c4f8="" class="tags-item">\n                订车周期（必选）\n              </div><div data-v-4e00c4f8="" class="tags-item">\n                兴趣标签\n              </div><div data-v-4e00c4f8="" class="tags-item">\n                来源-其他\n              </div><div data-v-4e00c4f8="" class="tags-item">\n                画像-行业\n              </div><div data-v-4e00c4f8="" class="tags-item">\n                形象气质\n              </div><div data-v-4e00c4f8="" class="tags-item">\n                是否知道智己\n              </div><div data-v-4e00c4f8="" class="tags-item">\n                购车意向度（新）\n              </div><div data-v-4e00c4f8="" class="tags-item">\n                购车意向度\n              </div><div data-v-4e00c4f8="" class="tags-item">\n                是否同行\n              </div><div data-v-4e00c4f8="" class="tags-item">\n                其他\n              </div><div data-v-4e00c4f8="" class="tags-item">\n                订单人群\n              </div><div data-v-4e00c4f8="" class="tags-item">\n                昨日新增用户分层推送\n              </div><div data-v-4e00c4f8="" class="tags-item">\n                用户关怀\n              </div><div data-v-4e00c4f8="" class="tags-item">\n                意向车系\n              </div><div data-v-4e00c4f8="" class="tags-item">\n                订单状态\n              </div><div data-v-4e00c4f8="" class="tags-item">\n                订单车系\n              </div><div data-v-4e00c4f8="" class="tags-item">\n                试驾车系\n              </div></div></div> <div data-v-4e00c4f8="" class="right"><p data-v-4e00c4f8="" class="title">标签</p> <div data-v-4e00c4f8="" class="tags-list"><div data-v-4e00c4f8="" class="tags-item"><label data-v-4e00c4f8="" class="ivu-checkbox-wrapper"><span class="ivu-checkbox"><span class="ivu-checkbox-inner"></span> <input type="checkbox" class="ivu-checkbox-input"></span> 实验组_0915</label></div><div data-v-4e00c4f8="" class="tags-item"><label data-v-4e00c4f8="" class="ivu-checkbox-wrapper"><span class="ivu-checkbox"><span class="ivu-checkbox-inner"></span> <input type="checkbox" class="ivu-checkbox-input"></span> 实验组_1021</label></div><div data-v-4e00c4f8="" class="tags-item"><label data-v-4e00c4f8="" class="ivu-checkbox-wrapper"><span class="ivu-checkbox"><span class="ivu-checkbox-inner"></span> <input type="checkbox" class="ivu-checkbox-input"></span> 实验组_1017</label></div><div data-v-4e00c4f8="" class="tags-item"><label data-v-4e00c4f8="" class="ivu-checkbox-wrapper"><span class="ivu-checkbox"><span class="ivu-checkbox-inner"></span> <input type="checkbox" class="ivu-checkbox-input"></span> 实验组_1013</label></div><div data-v-4e00c4f8="" class="tags-item"><label data-v-4e00c4f8="" class="ivu-checkbox-wrapper"><span class="ivu-checkbox"><span class="ivu-checkbox-inner"></span> <input type="checkbox" class="ivu-checkbox-input"></span> 实验组_1010</label></div><div data-v-4e00c4f8="" class="tags-item"><label data-v-4e00c4f8="" class="ivu-checkbox-wrapper"><span class="ivu-checkbox"><span class="ivu-checkbox-inner"></span> <input type="checkbox" class="ivu-checkbox-input"></span> 实验组_0930</label></div><div data-v-4e00c4f8="" class="tags-item"><label data-v-4e00c4f8="" class="ivu-checkbox-wrapper"><span class="ivu-checkbox"><span class="ivu-checkbox-inner"></span> <input type="checkbox" class="ivu-checkbox-input"></span> 实验组_0922</label></div><div data-v-4e00c4f8="" class="tags-item"><label data-v-4e00c4f8="" class="ivu-checkbox-wrapper"><span class="ivu-checkbox"><span class="ivu-checkbox-inner"></span> <input type="checkbox" class="ivu-checkbox-input"></span> 实验组_0919</label></div><div data-v-4e00c4f8="" class="tags-item"><label data-v-4e00c4f8="" class="ivu-checkbox-wrapper"><span class="ivu-checkbox"><span class="ivu-checkbox-inner"></span> <input type="checkbox" class="ivu-checkbox-input"></span> 实验组_0913</label></div></div></div></div> <!----></div></div></form></div> <div class="ivu-modal-footer"><button type="button" class="ivu-btn ivu-btn-text ivu-btn-large"><!----> <!----> <span>取消</span></button> <button type="button" class="ivu-btn ivu-btn-primary ivu-btn-large"><!----> <!----> <span>确定</span></button></div></div></div></div></div></body></html>')
INFO     webdriver_helper:kdt.py:256 assert (i='链接标题不能为空') in (msg='<html><head><meta http-equiv="Content-Type" content="text/html; charset=utf-8"><title>智己汽车</title><meta name="viewport" content="width=device-width,initial-scale=1,user-scalable=no"><meta name="renderer" content="webkit"><link rel="shortcut icon" href="/favicon.ico"><link href="/s/theme_default.min.css" rel="stylesheet"><link href="/s/lib.vendors.min.css?v=02454ce1810946b6696b" rel="stylesheet"><link href="/s/lib.core.min.css?v=02454ce1810946b6696b" rel="stylesheet"></head><body marginwidth="0" marginheight="0"><script>window.AppData = {\n        modules: ["im","ecommerce"],\n        enableUim: true,\n        site: {"title":"智己汽车","organization":"悄悄科技","copyright":"","favicon":"/favicon.ico","logo":"","logo_small":"/img/logo_small.png","url":"http://www.qiaoqiaowan.net","baidu_phone_url":"http://bj.bcebos.com/v1/yapweb/acp/prod/#/","uim":"https://wss-uat.immotors.com","groupTime":5,"timelineTime":10,"regionId":[100000206,100000223,100000196,100000091,100000056,100000244],"upload":{"image":{"size":10240},"video":{"size":10240}}},\n        user: {"id":64564179271680,"username":"19542812247","tenant":{"id":"2665ebc7957448ee86f4f81989c6e7f9","merchantId":"fa87962c-2660-43b1-9f87-11d0bd85e5e2","domain":"zhijiqiche","name":"智己汽车科技有限公司","ctime":1625731676000,"deviceQouta":5,"currentDevice":194,"bizCode":"","clusterId":"","webhookUrl":"","host":"","serverUrl":"tcp://:","httpUrl":"http://:6111","appKey":"defaultAppKey","utime":1673851804000,"bindType":0,"deviceType":2,"cluster":{"im":{"host":"micro_api","port":"8080","timeout":10000},"robot":{"host":"10.53.128.38","port":"8000","timeout":10000},"imGlobal":{"host":"10.53.128.38","port":"8110","timeout":10000},"domain":{"host":"mm-gateway-server","port":"5765","timeout":10000},"ecommerseDomain":{"host":"mm-gateway-server","port":"5765","timeout":10000},"domainGlobal":{"host":"mm-gateway-server","port":"5765","timeout":10000},"druid":{"host":"10.53.128.38","port":8082,"timeout":10000},"tenantLicense":{"host":"micro_api","port":"8080","timeout":10000},"patient":{"host":"mm-gateway-server","port":"5765","timeout":10000}}},"nickname":"神秘人","superUser":false,"sex":0} }</script><div class="main-page"><div class="main-content"><div data-v-5fc64bc0="" data-v-6150f88e="" class="ivu-card ivu-card-bordered"><!----> <!----> <div class="ivu-card-body"><div data-v-5fc64bc0="" class="ivu-row" style="margin-left: -16px; margin-right: -16px;"><div data-v-5fc64bc0="" class="ivu-col ivu-col-span-17" style="padding-left: 16px; padding-right: 16px;"><form data-v-5fc64bc0="" autocomplete="off" class="ivu-form ivu-form-label-right"><div data-v-5fc64bc0="" class="ivu-form-item ivu-form-item-required ivu-form-item-error"><label class="ivu-form-item-label" style="width: 110px;">雷达标题：</label> <div class="ivu-form-item-content" style="margin-left: 110px;"><div data-v-5fc64bc0="" class="ivu-input-wrapper ivu-input-type" style="width: 320px;"><!----> <!----> <i class="ivu-icon ivu-icon-load-c ivu-load-loop ivu-input-icon ivu-input-icon-validate"></i> <input autocomplete="off" spellcheck="false" type="text" placeholder="请输入雷达标题" maxlength="40" class="ivu-input"> <!----></div> <div class="ivu-form-item-error-tip">雷达标题不能为空</div></div></div> <div data-v-5fc64bc0="" class="ivu-form-item ivu-form-item-required ivu-form-item-error"><label class="ivu-form-item-label" style="width: 110px;">雷达链接：</label> <div class="ivu-form-item-content" style="margin-left: 110px;"><div data-v-5fc64bc0="" class="ivu-input-wrapper ivu-input-type" style="width: 320px;"><!----> <!----> <i class="ivu-icon ivu-icon-load-c ivu-load-loop ivu-input-icon ivu-input-icon-validate"></i> <input autocomplete="off" spellcheck="false" type="text" placeholder="请输入雷达链接" class="ivu-input"> <!----></div> <div class="ivu-form-item-error-tip">雷达链接不能为空</div></div></div> <div data-v-5fc64bc0="" class="ivu-form-item ivu-form-item-required ivu-form-item-error"><label class="ivu-form-item-label" style="width: 110px;">链接标题：</label> <div class="ivu-form-item-content" style="margin-left: 110px;"><div data-v-5fc64bc0="" class="ivu-input-wrapper ivu-input-type" style="width: 320px;"><!----> <!----> <i class="ivu-icon ivu-icon-load-c ivu-load-loop ivu-input-icon ivu-input-icon-validate"></i> <input autocomplete="off" spellcheck="false" type="text" placeholder="请输入链接标题" class="ivu-input"> <!----></div> <div class="ivu-form-item-error-tip">链接标题不能为空</div></div></div> <div data-v-5fc64bc0="" class="ivu-form-item ivu-form-item-required ivu-form-item-error"><label class="ivu-form-item-label" style="width: 110px;">链接摘要：</label> <div class="ivu-form-item-content" style="margin-left: 110px;"><div data-v-5fc64bc0="" class="ivu-input-wrapper ivu-input-type" style="width: 320px;"><textarea wrap="soft" autocomplete="off" spellcheck="false" placeholder="请输入链接摘要" rows="2" class="ivu-input"></textarea></div> <div class="ivu-form-item-error-tip">链接摘要不能为空</div></div></div> <div data-v-5fc64bc0="" class="ivu-form-item ivu-form-item-required ivu-form-item-error"><label class="ivu-form-item-label" style="width: 110px;">封面</label> <div class="ivu-form-item-content" style="margin-left: 110px;"><div data-v-5fc64bc0="" class="img"><div data-v-5fc64bc0="" class="img-item"><div data-v-2194efda="" data-v-5fc64bc0=""><button data-v-2194efda="" type="button" class="ivu-btn ivu-btn-primary btn-margin-left">\n    选择封面\n  </button> <!----> <!----></div></div></div> <div class="ivu-form-item-error-tip">封面不能为空</div></div></div> <div data-v-5fc64bc0="" class="ivu-form-item"><label class="ivu-form-item-label" style="width: 110px;">客户标签</label> <div class="ivu-form-item-content" style="margin-left: 110px;"><span data-v-5fc64bc0="" tabindex="0" class="ivu-switch"><input type="hidden" value="false"> <span class="ivu-switch-inner"><!----> </span></span> <!----></div></div> <div data-v-5fc64bc0="" class="ivu-form-item"><!----> <div class="ivu-form-item-content" style="margin-left: 110px;"><div data-v-08e22a4e="" data-v-5fc64bc0="" style="display: none;"><div data-v-08e22a4e="" class="ivu-form-item"><!----> <div class="ivu-form-item-content" style="margin-left: 110px;"><div data-v-08e22a4e="" class="tag-box"><div data-v-08e22a4e="">针对点击雷达的用户，自动打上对应标签</div> <section data-v-4e00c4f8="" data-v-08e22a4e="" class="tags-mange" style="display: inline-block; vertical-align: top; margin-right: 10px;"><div data-v-4e00c4f8="" class="tags-group flex-r fj-between"><button data-v-4e00c4f8="" type="button" class="ivu-btn ivu-btn-primary"><!----> <!----> <span>选择标签</span></button> <!----></div> <!----></section></div> <!----></div></div></div> <!----></div></div> <div data-v-5fc64bc0="" class="ivu-form-item"><!----> <div class="ivu-form-item-content" style="margin-left: 110px;"><button data-v-5fc64bc0="" type="button" class="ivu-btn ivu-btn-primary"><!----> <!----> <span style="border: 0px;">确定\n          </span></button> <button data-v-5fc64bc0="" type="button" class="ivu-btn"><!----> <!----> <span>重置</span></button> <!----></div></div></form></div> <div data-v-5fc64bc0="" class="ivu-col ivu-col-span-7" style="padding-left: 16px; padding-right: 16px;"><div data-v-5fc64bc0="" class="ivu-card ivu-card-bordered"><div class="ivu-card-head"><p><!---->\n            雷达预览\n        </p></div> <!----> <div class="ivu-card-body"><div data-v-4637997c="" data-v-5fc64bc0="" class="radar-preview-layout"><div data-v-4637997c="" class="radar-preview-left"><div data-v-4637997c="" class="radar-preview-title"></div> <div data-v-4637997c="" class="radar-preview-desc"></div></div> <!----></div></div></div></div></div></div></div></div></div><script src="/s/manifest.min.js?v=e26c10898ae94e5b6be9"></script><script src="/s/lib.ui.min.js?v=2939458c7e52b098a515"></script><script src="/s/lib.vendors.min.js?v=38ee2c2a3a1ea0b78f62"></script><script src="/s/lib.core.min.js?v=ce9da09ae42f5c5d3745"></script><script src="/s/marketing.interactRadar.create.min.js?v=15bb00cf084346935a9c"></script><div data-v-4e00c4f8="" data-transfer="true" class="v-transfer-dom"><div class="ivu-modal-mask" style="display: none;"></div> <div class="ivu-modal-wrap ivu-modal-hidden"><div class="ivu-modal" style="width: 600px; top: 20px; display: none;"><div class="ivu-modal-content"><!----> <div class="ivu-modal-header"><div class="ivu-modal-header-inner">标签管理</div></div> <div class="ivu-modal-body"><form data-v-4e00c4f8="" autocomplete="off" class="tags-form ivu-form ivu-form-label-right"><div data-v-4e00c4f8="" class="ivu-form-item"><label class="ivu-form-item-label" style="width: 120px;">已有标签：</label> <div class="ivu-form-item-content" style="margin-left: 120px;"><p data-v-4e00c4f8="">0个</p> <div data-v-4e00c4f8="" class="tags-wrap flex-c fj-between"><div data-v-4e00c4f8="" class="tags-box"></div> <div data-v-4e00c4f8="" class="flex-r fj-end" style="padding: 4px;"><button data-v-4e00c4f8="" type="button" class="ivu-btn ivu-btn-primary"><!----> <!----> <span>删除标签</span></button></div></div> <!----></div></div> <div data-v-4e00c4f8="" class="ivu-form-item"><label class="ivu-form-item-label" style="width: 120px;">添加标签：</label> <div class="ivu-form-item-content" style="margin-left: 120px;"><div data-v-4e00c4f8="" class="select-wrap flex-r fj-between"><div data-v-4e00c4f8="" class="left"><p data-v-4e00c4f8="" class="title">标签组</p> <div data-v-4e00c4f8="" class="tags-list"><div data-v-4e00c4f8="" class="tags-item active">\n                下订预测推送实验\n              </div><div data-v-4e00c4f8="" class="tags-item">\n                临时人群包\n              </div><div data-v-4e00c4f8="" class="tags-item">\n                现场驻足时间\n              </div><div data-v-4e00c4f8="" class="tags-item">\n                人事专用标签\n              </div><div data-v-4e00c4f8="" class="tags-item">\n                转移客户\n              </div><div data-v-4e00c4f8="" class="tags-item">\n                现场性格\n              </div><div data-v-4e00c4f8="" class="tags-item">\n                线上来源_大客户渠道\n              </div><div data-v-4e00c4f8="" class="tags-item">\n                客户阅读行为\n              </div><div data-v-4e00c4f8="" class="tags-item">\n                预计购车周期\n              </div><div data-v-4e00c4f8="" class="tags-item">\n                服务体验与售后关注点\n              </div><div data-v-4e00c4f8="" class="tags-item">\n                购车预算\n              </div><div data-v-4e00c4f8="" class="tags-item">\n                购车性质（必选）\n              </div><div data-v-4e00c4f8="" class="tags-item">\n                已参与活动\n              </div><div data-v-4e00c4f8="" class="tags-item">\n                订车状态\n              </div><div data-v-4e00c4f8="" class="tags-item">\n                产品吐槽点\n              </div><div data-v-4e00c4f8="" class="tags-item">\n                现有车型品牌\n              </div><div data-v-4e00c4f8="" class="tags-item">\n                社群-（混合域自用）\n              </div><div data-v-4e00c4f8="" class="tags-item">\n                门店体验区域\n              </div><div data-v-4e00c4f8="" class="tags-item">\n                到店意愿\n              </div><div data-v-4e00c4f8="" class="tags-item">\n                用户情绪关注\n              </div><div data-v-4e00c4f8="" class="tags-item">\n                线上来源-微信平台\n              </div><div data-v-4e00c4f8="" class="tags-item">\n                金融偏好\n              </div><div data-v-4e00c4f8="" class="tags-item">\n                线下来源-活动（历史）\n              </div><div data-v-4e00c4f8="" class="tags-item">\n                画像-学历\n              </div><div data-v-4e00c4f8="" class="tags-item">\n                微信投放人群包\n              </div><div data-v-4e00c4f8="" class="tags-item">\n                画像-婚育\n              </div><div data-v-4e00c4f8="" class="tags-item">\n                画像-家庭年收入\n              </div><div data-v-4e00c4f8="" class="tags-item">\n                所在城市\n              </div><div data-v-4e00c4f8="" class="tags-item">\n                画像-家庭孩子情况\n              </div><div data-v-4e00c4f8="" class="tags-item">\n                客户私域状态\n              </div><div data-v-4e00c4f8="" class="tags-item">\n                建群邀请人群包\n              </div><div data-v-4e00c4f8="" class="tags-item">\n                RFQ模型预测\n              </div><div data-v-4e00c4f8="" class="tags-item">\n                线上来源-自有流量\n              </div><div data-v-4e00c4f8="" class="tags-item">\n                线下投放渠道\n              </div><div data-v-4e00c4f8="" class="tags-item">\n                现有车型能源形式\n              </div><div data-v-4e00c4f8="" class="tags-item">\n                意向车型偏好\n              </div><div data-v-4e00c4f8="" class="tags-item">\n                谈吐\n              </div><div data-v-4e00c4f8="" class="tags-item">\n                产品关注点（历史体系）\n              </div><div data-v-4e00c4f8="" class="tags-item">\n                不参与门店活动\n              </div><div data-v-4e00c4f8="" class="tags-item">\n                产品亮点关注（必选）\n              </div><div data-v-4e00c4f8="" class="tags-item">\n                门店客户停留最长时间区域\n              </div><div data-v-4e00c4f8="" class="tags-item">\n                意向购车品牌\n              </div><div data-v-4e00c4f8="" class="tags-item">\n                线上来源-其他流量平台\n              </div><div data-v-4e00c4f8="" class="tags-item">\n                外籍人士\n              </div><div data-v-4e00c4f8="" class="tags-item">\n                价格与权益关注点\n              </div><div data-v-4e00c4f8="" class="tags-item">\n                加C方式\n              </div><div data-v-4e00c4f8="" class="tags-item">\n                画像-年龄\n              </div><div data-v-4e00c4f8="" class="tags-item">\n                订车周期（必选）\n              </div><div data-v-4e00c4f8="" class="tags-item">\n                兴趣标签\n              </div><div data-v-4e00c4f8="" class="tags-item">\n                来源-其他\n              </div><div data-v-4e00c4f8="" class="tags-item">\n                画像-行业\n              </div><div data-v-4e00c4f8="" class="tags-item">\n                形象气质\n              </div><div data-v-4e00c4f8="" class="tags-item">\n                是否知道智己\n              </div><div data-v-4e00c4f8="" class="tags-item">\n                购车意向度（新）\n              </div><div data-v-4e00c4f8="" class="tags-item">\n                购车意向度\n              </div><div data-v-4e00c4f8="" class="tags-item">\n                是否同行\n              </div><div data-v-4e00c4f8="" class="tags-item">\n                其他\n              </div><div data-v-4e00c4f8="" class="tags-item">\n                订单人群\n              </div><div data-v-4e00c4f8="" class="tags-item">\n                昨日新增用户分层推送\n              </div><div data-v-4e00c4f8="" class="tags-item">\n                用户关怀\n              </div><div data-v-4e00c4f8="" class="tags-item">\n                意向车系\n              </div><div data-v-4e00c4f8="" class="tags-item">\n                订单状态\n              </div><div data-v-4e00c4f8="" class="tags-item">\n                订单车系\n              </div><div data-v-4e00c4f8="" class="tags-item">\n                试驾车系\n              </div></div></div> <div data-v-4e00c4f8="" class="right"><p data-v-4e00c4f8="" class="title">标签</p> <div data-v-4e00c4f8="" class="tags-list"><div data-v-4e00c4f8="" class="tags-item"><label data-v-4e00c4f8="" class="ivu-checkbox-wrapper"><span class="ivu-checkbox"><span class="ivu-checkbox-inner"></span> <input type="checkbox" class="ivu-checkbox-input"></span> 实验组_0915</label></div><div data-v-4e00c4f8="" class="tags-item"><label data-v-4e00c4f8="" class="ivu-checkbox-wrapper"><span class="ivu-checkbox"><span class="ivu-checkbox-inner"></span> <input type="checkbox" class="ivu-checkbox-input"></span> 实验组_1021</label></div><div data-v-4e00c4f8="" class="tags-item"><label data-v-4e00c4f8="" class="ivu-checkbox-wrapper"><span class="ivu-checkbox"><span class="ivu-checkbox-inner"></span> <input type="checkbox" class="ivu-checkbox-input"></span> 实验组_1017</label></div><div data-v-4e00c4f8="" class="tags-item"><label data-v-4e00c4f8="" class="ivu-checkbox-wrapper"><span class="ivu-checkbox"><span class="ivu-checkbox-inner"></span> <input type="checkbox" class="ivu-checkbox-input"></span> 实验组_1013</label></div><div data-v-4e00c4f8="" class="tags-item"><label data-v-4e00c4f8="" class="ivu-checkbox-wrapper"><span class="ivu-checkbox"><span class="ivu-checkbox-inner"></span> <input type="checkbox" class="ivu-checkbox-input"></span> 实验组_1010</label></div><div data-v-4e00c4f8="" class="tags-item"><label data-v-4e00c4f8="" class="ivu-checkbox-wrapper"><span class="ivu-checkbox"><span class="ivu-checkbox-inner"></span> <input type="checkbox" class="ivu-checkbox-input"></span> 实验组_0930</label></div><div data-v-4e00c4f8="" class="tags-item"><label data-v-4e00c4f8="" class="ivu-checkbox-wrapper"><span class="ivu-checkbox"><span class="ivu-checkbox-inner"></span> <input type="checkbox" class="ivu-checkbox-input"></span> 实验组_0922</label></div><div data-v-4e00c4f8="" class="tags-item"><label data-v-4e00c4f8="" class="ivu-checkbox-wrapper"><span class="ivu-checkbox"><span class="ivu-checkbox-inner"></span> <input type="checkbox" class="ivu-checkbox-input"></span> 实验组_0919</label></div><div data-v-4e00c4f8="" class="tags-item"><label data-v-4e00c4f8="" class="ivu-checkbox-wrapper"><span class="ivu-checkbox"><span class="ivu-checkbox-inner"></span> <input type="checkbox" class="ivu-checkbox-input"></span> 实验组_0913</label></div></div></div></div> <!----></div></div></form></div> <div class="ivu-modal-footer"><button type="button" class="ivu-btn ivu-btn-text ivu-btn-large"><!----> <!----> <span>取消</span></button> <button type="button" class="ivu-btn ivu-btn-primary ivu-btn-large"><!----> <!----> <span>确定</span></button></div></div></div></div></div></body></html>')
INFO     webdriver_helper:kdt.py:256 assert (i='链接摘要不能为空') in (msg='<html><head><meta http-equiv="Content-Type" content="text/html; charset=utf-8"><title>智己汽车</title><meta name="viewport" content="width=device-width,initial-scale=1,user-scalable=no"><meta name="renderer" content="webkit"><link rel="shortcut icon" href="/favicon.ico"><link href="/s/theme_default.min.css" rel="stylesheet"><link href="/s/lib.vendors.min.css?v=02454ce1810946b6696b" rel="stylesheet"><link href="/s/lib.core.min.css?v=02454ce1810946b6696b" rel="stylesheet"></head><body marginwidth="0" marginheight="0"><script>window.AppData = {\n        modules: ["im","ecommerce"],\n        enableUim: true,\n        site: {"title":"智己汽车","organization":"悄悄科技","copyright":"","favicon":"/favicon.ico","logo":"","logo_small":"/img/logo_small.png","url":"http://www.qiaoqiaowan.net","baidu_phone_url":"http://bj.bcebos.com/v1/yapweb/acp/prod/#/","uim":"https://wss-uat.immotors.com","groupTime":5,"timelineTime":10,"regionId":[100000206,100000223,100000196,100000091,100000056,100000244],"upload":{"image":{"size":10240},"video":{"size":10240}}},\n        user: {"id":64564179271680,"username":"19542812247","tenant":{"id":"2665ebc7957448ee86f4f81989c6e7f9","merchantId":"fa87962c-2660-43b1-9f87-11d0bd85e5e2","domain":"zhijiqiche","name":"智己汽车科技有限公司","ctime":1625731676000,"deviceQouta":5,"currentDevice":194,"bizCode":"","clusterId":"","webhookUrl":"","host":"","serverUrl":"tcp://:","httpUrl":"http://:6111","appKey":"defaultAppKey","utime":1673851804000,"bindType":0,"deviceType":2,"cluster":{"im":{"host":"micro_api","port":"8080","timeout":10000},"robot":{"host":"10.53.128.38","port":"8000","timeout":10000},"imGlobal":{"host":"10.53.128.38","port":"8110","timeout":10000},"domain":{"host":"mm-gateway-server","port":"5765","timeout":10000},"ecommerseDomain":{"host":"mm-gateway-server","port":"5765","timeout":10000},"domainGlobal":{"host":"mm-gateway-server","port":"5765","timeout":10000},"druid":{"host":"10.53.128.38","port":8082,"timeout":10000},"tenantLicense":{"host":"micro_api","port":"8080","timeout":10000},"patient":{"host":"mm-gateway-server","port":"5765","timeout":10000}}},"nickname":"神秘人","superUser":false,"sex":0} }</script><div class="main-page"><div class="main-content"><div data-v-5fc64bc0="" data-v-6150f88e="" class="ivu-card ivu-card-bordered"><!----> <!----> <div class="ivu-card-body"><div data-v-5fc64bc0="" class="ivu-row" style="margin-left: -16px; margin-right: -16px;"><div data-v-5fc64bc0="" class="ivu-col ivu-col-span-17" style="padding-left: 16px; padding-right: 16px;"><form data-v-5fc64bc0="" autocomplete="off" class="ivu-form ivu-form-label-right"><div data-v-5fc64bc0="" class="ivu-form-item ivu-form-item-required ivu-form-item-error"><label class="ivu-form-item-label" style="width: 110px;">雷达标题：</label> <div class="ivu-form-item-content" style="margin-left: 110px;"><div data-v-5fc64bc0="" class="ivu-input-wrapper ivu-input-type" style="width: 320px;"><!----> <!----> <i class="ivu-icon ivu-icon-load-c ivu-load-loop ivu-input-icon ivu-input-icon-validate"></i> <input autocomplete="off" spellcheck="false" type="text" placeholder="请输入雷达标题" maxlength="40" class="ivu-input"> <!----></div> <div class="ivu-form-item-error-tip">雷达标题不能为空</div></div></div> <div data-v-5fc64bc0="" class="ivu-form-item ivu-form-item-required ivu-form-item-error"><label class="ivu-form-item-label" style="width: 110px;">雷达链接：</label> <div class="ivu-form-item-content" style="margin-left: 110px;"><div data-v-5fc64bc0="" class="ivu-input-wrapper ivu-input-type" style="width: 320px;"><!----> <!----> <i class="ivu-icon ivu-icon-load-c ivu-load-loop ivu-input-icon ivu-input-icon-validate"></i> <input autocomplete="off" spellcheck="false" type="text" placeholder="请输入雷达链接" class="ivu-input"> <!----></div> <div class="ivu-form-item-error-tip">雷达链接不能为空</div></div></div> <div data-v-5fc64bc0="" class="ivu-form-item ivu-form-item-required ivu-form-item-error"><label class="ivu-form-item-label" style="width: 110px;">链接标题：</label> <div class="ivu-form-item-content" style="margin-left: 110px;"><div data-v-5fc64bc0="" class="ivu-input-wrapper ivu-input-type" style="width: 320px;"><!----> <!----> <i class="ivu-icon ivu-icon-load-c ivu-load-loop ivu-input-icon ivu-input-icon-validate"></i> <input autocomplete="off" spellcheck="false" type="text" placeholder="请输入链接标题" class="ivu-input"> <!----></div> <div class="ivu-form-item-error-tip">链接标题不能为空</div></div></div> <div data-v-5fc64bc0="" class="ivu-form-item ivu-form-item-required ivu-form-item-error"><label class="ivu-form-item-label" style="width: 110px;">链接摘要：</label> <div class="ivu-form-item-content" style="margin-left: 110px;"><div data-v-5fc64bc0="" class="ivu-input-wrapper ivu-input-type" style="width: 320px;"><textarea wrap="soft" autocomplete="off" spellcheck="false" placeholder="请输入链接摘要" rows="2" class="ivu-input"></textarea></div> <div class="ivu-form-item-error-tip">链接摘要不能为空</div></div></div> <div data-v-5fc64bc0="" class="ivu-form-item ivu-form-item-required ivu-form-item-error"><label class="ivu-form-item-label" style="width: 110px;">封面</label> <div class="ivu-form-item-content" style="margin-left: 110px;"><div data-v-5fc64bc0="" class="img"><div data-v-5fc64bc0="" class="img-item"><div data-v-2194efda="" data-v-5fc64bc0=""><button data-v-2194efda="" type="button" class="ivu-btn ivu-btn-primary btn-margin-left">\n    选择封面\n  </button> <!----> <!----></div></div></div> <div class="ivu-form-item-error-tip">封面不能为空</div></div></div> <div data-v-5fc64bc0="" class="ivu-form-item"><label class="ivu-form-item-label" style="width: 110px;">客户标签</label> <div class="ivu-form-item-content" style="margin-left: 110px;"><span data-v-5fc64bc0="" tabindex="0" class="ivu-switch"><input type="hidden" value="false"> <span class="ivu-switch-inner"><!----> </span></span> <!----></div></div> <div data-v-5fc64bc0="" class="ivu-form-item"><!----> <div class="ivu-form-item-content" style="margin-left: 110px;"><div data-v-08e22a4e="" data-v-5fc64bc0="" style="display: none;"><div data-v-08e22a4e="" class="ivu-form-item"><!----> <div class="ivu-form-item-content" style="margin-left: 110px;"><div data-v-08e22a4e="" class="tag-box"><div data-v-08e22a4e="">针对点击雷达的用户，自动打上对应标签</div> <section data-v-4e00c4f8="" data-v-08e22a4e="" class="tags-mange" style="display: inline-block; vertical-align: top; margin-right: 10px;"><div data-v-4e00c4f8="" class="tags-group flex-r fj-between"><button data-v-4e00c4f8="" type="button" class="ivu-btn ivu-btn-primary"><!----> <!----> <span>选择标签</span></button> <!----></div> <!----></section></div> <!----></div></div></div> <!----></div></div> <div data-v-5fc64bc0="" class="ivu-form-item"><!----> <div class="ivu-form-item-content" style="margin-left: 110px;"><button data-v-5fc64bc0="" type="button" class="ivu-btn ivu-btn-primary"><!----> <!----> <span style="border: 0px;">确定\n          </span></button> <button data-v-5fc64bc0="" type="button" class="ivu-btn"><!----> <!----> <span>重置</span></button> <!----></div></div></form></div> <div data-v-5fc64bc0="" class="ivu-col ivu-col-span-7" style="padding-left: 16px; padding-right: 16px;"><div data-v-5fc64bc0="" class="ivu-card ivu-card-bordered"><div class="ivu-card-head"><p><!---->\n            雷达预览\n        </p></div> <!----> <div class="ivu-card-body"><div data-v-4637997c="" data-v-5fc64bc0="" class="radar-preview-layout"><div data-v-4637997c="" class="radar-preview-left"><div data-v-4637997c="" class="radar-preview-title"></div> <div data-v-4637997c="" class="radar-preview-desc"></div></div> <!----></div></div></div></div></div></div></div></div></div><script src="/s/manifest.min.js?v=e26c10898ae94e5b6be9"></script><script src="/s/lib.ui.min.js?v=2939458c7e52b098a515"></script><script src="/s/lib.vendors.min.js?v=38ee2c2a3a1ea0b78f62"></script><script src="/s/lib.core.min.js?v=ce9da09ae42f5c5d3745"></script><script src="/s/marketing.interactRadar.create.min.js?v=15bb00cf084346935a9c"></script><div data-v-4e00c4f8="" data-transfer="true" class="v-transfer-dom"><div class="ivu-modal-mask" style="display: none;"></div> <div class="ivu-modal-wrap ivu-modal-hidden"><div class="ivu-modal" style="width: 600px; top: 20px; display: none;"><div class="ivu-modal-content"><!----> <div class="ivu-modal-header"><div class="ivu-modal-header-inner">标签管理</div></div> <div class="ivu-modal-body"><form data-v-4e00c4f8="" autocomplete="off" class="tags-form ivu-form ivu-form-label-right"><div data-v-4e00c4f8="" class="ivu-form-item"><label class="ivu-form-item-label" style="width: 120px;">已有标签：</label> <div class="ivu-form-item-content" style="margin-left: 120px;"><p data-v-4e00c4f8="">0个</p> <div data-v-4e00c4f8="" class="tags-wrap flex-c fj-between"><div data-v-4e00c4f8="" class="tags-box"></div> <div data-v-4e00c4f8="" class="flex-r fj-end" style="padding: 4px;"><button data-v-4e00c4f8="" type="button" class="ivu-btn ivu-btn-primary"><!----> <!----> <span>删除标签</span></button></div></div> <!----></div></div> <div data-v-4e00c4f8="" class="ivu-form-item"><label class="ivu-form-item-label" style="width: 120px;">添加标签：</label> <div class="ivu-form-item-content" style="margin-left: 120px;"><div data-v-4e00c4f8="" class="select-wrap flex-r fj-between"><div data-v-4e00c4f8="" class="left"><p data-v-4e00c4f8="" class="title">标签组</p> <div data-v-4e00c4f8="" class="tags-list"><div data-v-4e00c4f8="" class="tags-item active">\n                下订预测推送实验\n              </div><div data-v-4e00c4f8="" class="tags-item">\n                临时人群包\n              </div><div data-v-4e00c4f8="" class="tags-item">\n                现场驻足时间\n              </div><div data-v-4e00c4f8="" class="tags-item">\n                人事专用标签\n              </div><div data-v-4e00c4f8="" class="tags-item">\n                转移客户\n              </div><div data-v-4e00c4f8="" class="tags-item">\n                现场性格\n              </div><div data-v-4e00c4f8="" class="tags-item">\n                线上来源_大客户渠道\n              </div><div data-v-4e00c4f8="" class="tags-item">\n                客户阅读行为\n              </div><div data-v-4e00c4f8="" class="tags-item">\n                预计购车周期\n              </div><div data-v-4e00c4f8="" class="tags-item">\n                服务体验与售后关注点\n              </div><div data-v-4e00c4f8="" class="tags-item">\n                购车预算\n              </div><div data-v-4e00c4f8="" class="tags-item">\n                购车性质（必选）\n              </div><div data-v-4e00c4f8="" class="tags-item">\n                已参与活动\n              </div><div data-v-4e00c4f8="" class="tags-item">\n                订车状态\n              </div><div data-v-4e00c4f8="" class="tags-item">\n                产品吐槽点\n              </div><div data-v-4e00c4f8="" class="tags-item">\n                现有车型品牌\n              </div><div data-v-4e00c4f8="" class="tags-item">\n                社群-（混合域自用）\n              </div><div data-v-4e00c4f8="" class="tags-item">\n                门店体验区域\n              </div><div data-v-4e00c4f8="" class="tags-item">\n                到店意愿\n              </div><div data-v-4e00c4f8="" class="tags-item">\n                用户情绪关注\n              </div><div data-v-4e00c4f8="" class="tags-item">\n                线上来源-微信平台\n              </div><div data-v-4e00c4f8="" class="tags-item">\n                金融偏好\n              </div><div data-v-4e00c4f8="" class="tags-item">\n                线下来源-活动（历史）\n              </div><div data-v-4e00c4f8="" class="tags-item">\n                画像-学历\n              </div><div data-v-4e00c4f8="" class="tags-item">\n                微信投放人群包\n              </div><div data-v-4e00c4f8="" class="tags-item">\n                画像-婚育\n              </div><div data-v-4e00c4f8="" class="tags-item">\n                画像-家庭年收入\n              </div><div data-v-4e00c4f8="" class="tags-item">\n                所在城市\n              </div><div data-v-4e00c4f8="" class="tags-item">\n                画像-家庭孩子情况\n              </div><div data-v-4e00c4f8="" class="tags-item">\n                客户私域状态\n              </div><div data-v-4e00c4f8="" class="tags-item">\n                建群邀请人群包\n              </div><div data-v-4e00c4f8="" class="tags-item">\n                RFQ模型预测\n              </div><div data-v-4e00c4f8="" class="tags-item">\n                线上来源-自有流量\n              </div><div data-v-4e00c4f8="" class="tags-item">\n                线下投放渠道\n              </div><div data-v-4e00c4f8="" class="tags-item">\n                现有车型能源形式\n              </div><div data-v-4e00c4f8="" class="tags-item">\n                意向车型偏好\n              </div><div data-v-4e00c4f8="" class="tags-item">\n                谈吐\n              </div><div data-v-4e00c4f8="" class="tags-item">\n                产品关注点（历史体系）\n              </div><div data-v-4e00c4f8="" class="tags-item">\n                不参与门店活动\n              </div><div data-v-4e00c4f8="" class="tags-item">\n                产品亮点关注（必选）\n              </div><div data-v-4e00c4f8="" class="tags-item">\n                门店客户停留最长时间区域\n              </div><div data-v-4e00c4f8="" class="tags-item">\n                意向购车品牌\n              </div><div data-v-4e00c4f8="" class="tags-item">\n                线上来源-其他流量平台\n              </div><div data-v-4e00c4f8="" class="tags-item">\n                外籍人士\n              </div><div data-v-4e00c4f8="" class="tags-item">\n                价格与权益关注点\n              </div><div data-v-4e00c4f8="" class="tags-item">\n                加C方式\n              </div><div data-v-4e00c4f8="" class="tags-item">\n                画像-年龄\n              </div><div data-v-4e00c4f8="" class="tags-item">\n                订车周期（必选）\n              </div><div data-v-4e00c4f8="" class="tags-item">\n                兴趣标签\n              </div><div data-v-4e00c4f8="" class="tags-item">\n                来源-其他\n              </div><div data-v-4e00c4f8="" class="tags-item">\n                画像-行业\n              </div><div data-v-4e00c4f8="" class="tags-item">\n                形象气质\n              </div><div data-v-4e00c4f8="" class="tags-item">\n                是否知道智己\n              </div><div data-v-4e00c4f8="" class="tags-item">\n                购车意向度（新）\n              </div><div data-v-4e00c4f8="" class="tags-item">\n                购车意向度\n              </div><div data-v-4e00c4f8="" class="tags-item">\n                是否同行\n              </div><div data-v-4e00c4f8="" class="tags-item">\n                其他\n              </div><div data-v-4e00c4f8="" class="tags-item">\n                订单人群\n              </div><div data-v-4e00c4f8="" class="tags-item">\n                昨日新增用户分层推送\n              </div><div data-v-4e00c4f8="" class="tags-item">\n                用户关怀\n              </div><div data-v-4e00c4f8="" class="tags-item">\n                意向车系\n              </div><div data-v-4e00c4f8="" class="tags-item">\n                订单状态\n              </div><div data-v-4e00c4f8="" class="tags-item">\n                订单车系\n              </div><div data-v-4e00c4f8="" class="tags-item">\n                试驾车系\n              </div></div></div> <div data-v-4e00c4f8="" class="right"><p data-v-4e00c4f8="" class="title">标签</p> <div data-v-4e00c4f8="" class="tags-list"><div data-v-4e00c4f8="" class="tags-item"><label data-v-4e00c4f8="" class="ivu-checkbox-wrapper"><span class="ivu-checkbox"><span class="ivu-checkbox-inner"></span> <input type="checkbox" class="ivu-checkbox-input"></span> 实验组_0915</label></div><div data-v-4e00c4f8="" class="tags-item"><label data-v-4e00c4f8="" class="ivu-checkbox-wrapper"><span class="ivu-checkbox"><span class="ivu-checkbox-inner"></span> <input type="checkbox" class="ivu-checkbox-input"></span> 实验组_1021</label></div><div data-v-4e00c4f8="" class="tags-item"><label data-v-4e00c4f8="" class="ivu-checkbox-wrapper"><span class="ivu-checkbox"><span class="ivu-checkbox-inner"></span> <input type="checkbox" class="ivu-checkbox-input"></span> 实验组_1017</label></div><div data-v-4e00c4f8="" class="tags-item"><label data-v-4e00c4f8="" class="ivu-checkbox-wrapper"><span class="ivu-checkbox"><span class="ivu-checkbox-inner"></span> <input type="checkbox" class="ivu-checkbox-input"></span> 实验组_1013</label></div><div data-v-4e00c4f8="" class="tags-item"><label data-v-4e00c4f8="" class="ivu-checkbox-wrapper"><span class="ivu-checkbox"><span class="ivu-checkbox-inner"></span> <input type="checkbox" class="ivu-checkbox-input"></span> 实验组_1010</label></div><div data-v-4e00c4f8="" class="tags-item"><label data-v-4e00c4f8="" class="ivu-checkbox-wrapper"><span class="ivu-checkbox"><span class="ivu-checkbox-inner"></span> <input type="checkbox" class="ivu-checkbox-input"></span> 实验组_0930</label></div><div data-v-4e00c4f8="" class="tags-item"><label data-v-4e00c4f8="" class="ivu-checkbox-wrapper"><span class="ivu-checkbox"><span class="ivu-checkbox-inner"></span> <input type="checkbox" class="ivu-checkbox-input"></span> 实验组_0922</label></div><div data-v-4e00c4f8="" class="tags-item"><label data-v-4e00c4f8="" class="ivu-checkbox-wrapper"><span class="ivu-checkbox"><span class="ivu-checkbox-inner"></span> <input type="checkbox" class="ivu-checkbox-input"></span> 实验组_0919</label></div><div data-v-4e00c4f8="" class="tags-item"><label data-v-4e00c4f8="" class="ivu-checkbox-wrapper"><span class="ivu-checkbox"><span class="ivu-checkbox-inner"></span> <input type="checkbox" class="ivu-checkbox-input"></span> 实验组_0913</label></div></div></div></div> <!----></div></div></form></div> <div class="ivu-modal-footer"><button type="button" class="ivu-btn ivu-btn-text ivu-btn-large"><!----> <!----> <span>取消</span></button> <button type="button" class="ivu-btn ivu-btn-primary ivu-btn-large"><!----> <!----> <span>确定</span></button></div></div></div></div></div></body></html>')
INFO     webdriver_helper:kdt.py:256 assert (i='封面不能为空') in (msg='<html><head><meta http-equiv="Content-Type" content="text/html; charset=utf-8"><title>智己汽车</title><meta name="viewport" content="width=device-width,initial-scale=1,user-scalable=no"><meta name="renderer" content="webkit"><link rel="shortcut icon" href="/favicon.ico"><link href="/s/theme_default.min.css" rel="stylesheet"><link href="/s/lib.vendors.min.css?v=02454ce1810946b6696b" rel="stylesheet"><link href="/s/lib.core.min.css?v=02454ce1810946b6696b" rel="stylesheet"></head><body marginwidth="0" marginheight="0"><script>window.AppData = {\n        modules: ["im","ecommerce"],\n        enableUim: true,\n        site: {"title":"智己汽车","organization":"悄悄科技","copyright":"","favicon":"/favicon.ico","logo":"","logo_small":"/img/logo_small.png","url":"http://www.qiaoqiaowan.net","baidu_phone_url":"http://bj.bcebos.com/v1/yapweb/acp/prod/#/","uim":"https://wss-uat.immotors.com","groupTime":5,"timelineTime":10,"regionId":[100000206,100000223,100000196,100000091,100000056,100000244],"upload":{"image":{"size":10240},"video":{"size":10240}}},\n        user: {"id":64564179271680,"username":"19542812247","tenant":{"id":"2665ebc7957448ee86f4f81989c6e7f9","merchantId":"fa87962c-2660-43b1-9f87-11d0bd85e5e2","domain":"zhijiqiche","name":"智己汽车科技有限公司","ctime":1625731676000,"deviceQouta":5,"currentDevice":194,"bizCode":"","clusterId":"","webhookUrl":"","host":"","serverUrl":"tcp://:","httpUrl":"http://:6111","appKey":"defaultAppKey","utime":1673851804000,"bindType":0,"deviceType":2,"cluster":{"im":{"host":"micro_api","port":"8080","timeout":10000},"robot":{"host":"10.53.128.38","port":"8000","timeout":10000},"imGlobal":{"host":"10.53.128.38","port":"8110","timeout":10000},"domain":{"host":"mm-gateway-server","port":"5765","timeout":10000},"ecommerseDomain":{"host":"mm-gateway-server","port":"5765","timeout":10000},"domainGlobal":{"host":"mm-gateway-server","port":"5765","timeout":10000},"druid":{"host":"10.53.128.38","port":8082,"timeout":10000},"tenantLicense":{"host":"micro_api","port":"8080","timeout":10000},"patient":{"host":"mm-gateway-server","port":"5765","timeout":10000}}},"nickname":"神秘人","superUser":false,"sex":0} }</script><div class="main-page"><div class="main-content"><div data-v-5fc64bc0="" data-v-6150f88e="" class="ivu-card ivu-card-bordered"><!----> <!----> <div class="ivu-card-body"><div data-v-5fc64bc0="" class="ivu-row" style="margin-left: -16px; margin-right: -16px;"><div data-v-5fc64bc0="" class="ivu-col ivu-col-span-17" style="padding-left: 16px; padding-right: 16px;"><form data-v-5fc64bc0="" autocomplete="off" class="ivu-form ivu-form-label-right"><div data-v-5fc64bc0="" class="ivu-form-item ivu-form-item-required ivu-form-item-error"><label class="ivu-form-item-label" style="width: 110px;">雷达标题：</label> <div class="ivu-form-item-content" style="margin-left: 110px;"><div data-v-5fc64bc0="" class="ivu-input-wrapper ivu-input-type" style="width: 320px;"><!----> <!----> <i class="ivu-icon ivu-icon-load-c ivu-load-loop ivu-input-icon ivu-input-icon-validate"></i> <input autocomplete="off" spellcheck="false" type="text" placeholder="请输入雷达标题" maxlength="40" class="ivu-input"> <!----></div> <div class="ivu-form-item-error-tip">雷达标题不能为空</div></div></div> <div data-v-5fc64bc0="" class="ivu-form-item ivu-form-item-required ivu-form-item-error"><label class="ivu-form-item-label" style="width: 110px;">雷达链接：</label> <div class="ivu-form-item-content" style="margin-left: 110px;"><div data-v-5fc64bc0="" class="ivu-input-wrapper ivu-input-type" style="width: 320px;"><!----> <!----> <i class="ivu-icon ivu-icon-load-c ivu-load-loop ivu-input-icon ivu-input-icon-validate"></i> <input autocomplete="off" spellcheck="false" type="text" placeholder="请输入雷达链接" class="ivu-input"> <!----></div> <div class="ivu-form-item-error-tip">雷达链接不能为空</div></div></div> <div data-v-5fc64bc0="" class="ivu-form-item ivu-form-item-required ivu-form-item-error"><label class="ivu-form-item-label" style="width: 110px;">链接标题：</label> <div class="ivu-form-item-content" style="margin-left: 110px;"><div data-v-5fc64bc0="" class="ivu-input-wrapper ivu-input-type" style="width: 320px;"><!----> <!----> <i class="ivu-icon ivu-icon-load-c ivu-load-loop ivu-input-icon ivu-input-icon-validate"></i> <input autocomplete="off" spellcheck="false" type="text" placeholder="请输入链接标题" class="ivu-input"> <!----></div> <div class="ivu-form-item-error-tip">链接标题不能为空</div></div></div> <div data-v-5fc64bc0="" class="ivu-form-item ivu-form-item-required ivu-form-item-error"><label class="ivu-form-item-label" style="width: 110px;">链接摘要：</label> <div class="ivu-form-item-content" style="margin-left: 110px;"><div data-v-5fc64bc0="" class="ivu-input-wrapper ivu-input-type" style="width: 320px;"><textarea wrap="soft" autocomplete="off" spellcheck="false" placeholder="请输入链接摘要" rows="2" class="ivu-input"></textarea></div> <div class="ivu-form-item-error-tip">链接摘要不能为空</div></div></div> <div data-v-5fc64bc0="" class="ivu-form-item ivu-form-item-required ivu-form-item-error"><label class="ivu-form-item-label" style="width: 110px;">封面</label> <div class="ivu-form-item-content" style="margin-left: 110px;"><div data-v-5fc64bc0="" class="img"><div data-v-5fc64bc0="" class="img-item"><div data-v-2194efda="" data-v-5fc64bc0=""><button data-v-2194efda="" type="button" class="ivu-btn ivu-btn-primary btn-margin-left">\n    选择封面\n  </button> <!----> <!----></div></div></div> <div class="ivu-form-item-error-tip">封面不能为空</div></div></div> <div data-v-5fc64bc0="" class="ivu-form-item"><label class="ivu-form-item-label" style="width: 110px;">客户标签</label> <div class="ivu-form-item-content" style="margin-left: 110px;"><span data-v-5fc64bc0="" tabindex="0" class="ivu-switch"><input type="hidden" value="false"> <span class="ivu-switch-inner"><!----> </span></span> <!----></div></div> <div data-v-5fc64bc0="" class="ivu-form-item"><!----> <div class="ivu-form-item-content" style="margin-left: 110px;"><div data-v-08e22a4e="" data-v-5fc64bc0="" style="display: none;"><div data-v-08e22a4e="" class="ivu-form-item"><!----> <div class="ivu-form-item-content" style="margin-left: 110px;"><div data-v-08e22a4e="" class="tag-box"><div data-v-08e22a4e="">针对点击雷达的用户，自动打上对应标签</div> <section data-v-4e00c4f8="" data-v-08e22a4e="" class="tags-mange" style="display: inline-block; vertical-align: top; margin-right: 10px;"><div data-v-4e00c4f8="" class="tags-group flex-r fj-between"><button data-v-4e00c4f8="" type="button" class="ivu-btn ivu-btn-primary"><!----> <!----> <span>选择标签</span></button> <!----></div> <!----></section></div> <!----></div></div></div> <!----></div></div> <div data-v-5fc64bc0="" class="ivu-form-item"><!----> <div class="ivu-form-item-content" style="margin-left: 110px;"><button data-v-5fc64bc0="" type="button" class="ivu-btn ivu-btn-primary"><!----> <!----> <span style="border: 0px;">确定\n          </span></button> <button data-v-5fc64bc0="" type="button" class="ivu-btn"><!----> <!----> <span>重置</span></button> <!----></div></div></form></div> <div data-v-5fc64bc0="" class="ivu-col ivu-col-span-7" style="padding-left: 16px; padding-right: 16px;"><div data-v-5fc64bc0="" class="ivu-card ivu-card-bordered"><div class="ivu-card-head"><p><!---->\n            雷达预览\n        </p></div> <!----> <div class="ivu-card-body"><div data-v-4637997c="" data-v-5fc64bc0="" class="radar-preview-layout"><div data-v-4637997c="" class="radar-preview-left"><div data-v-4637997c="" class="radar-preview-title"></div> <div data-v-4637997c="" class="radar-preview-desc"></div></div> <!----></div></div></div></div></div></div></div></div></div><script src="/s/manifest.min.js?v=e26c10898ae94e5b6be9"></script><script src="/s/lib.ui.min.js?v=2939458c7e52b098a515"></script><script src="/s/lib.vendors.min.js?v=38ee2c2a3a1ea0b78f62"></script><script src="/s/lib.core.min.js?v=ce9da09ae42f5c5d3745"></script><script src="/s/marketing.interactRadar.create.min.js?v=15bb00cf084346935a9c"></script><div data-v-4e00c4f8="" data-transfer="true" class="v-transfer-dom"><div class="ivu-modal-mask" style="display: none;"></div> <div class="ivu-modal-wrap ivu-modal-hidden"><div class="ivu-modal" style="width: 600px; top: 20px; display: none;"><div class="ivu-modal-content"><!----> <div class="ivu-modal-header"><div class="ivu-modal-header-inner">标签管理</div></div> <div class="ivu-modal-body"><form data-v-4e00c4f8="" autocomplete="off" class="tags-form ivu-form ivu-form-label-right"><div data-v-4e00c4f8="" class="ivu-form-item"><label class="ivu-form-item-label" style="width: 120px;">已有标签：</label> <div class="ivu-form-item-content" style="margin-left: 120px;"><p data-v-4e00c4f8="">0个</p> <div data-v-4e00c4f8="" class="tags-wrap flex-c fj-between"><div data-v-4e00c4f8="" class="tags-box"></div> <div data-v-4e00c4f8="" class="flex-r fj-end" style="padding: 4px;"><button data-v-4e00c4f8="" type="button" class="ivu-btn ivu-btn-primary"><!----> <!----> <span>删除标签</span></button></div></div> <!----></div></div> <div data-v-4e00c4f8="" class="ivu-form-item"><label class="ivu-form-item-label" style="width: 120px;">添加标签：</label> <div class="ivu-form-item-content" style="margin-left: 120px;"><div data-v-4e00c4f8="" class="select-wrap flex-r fj-between"><div data-v-4e00c4f8="" class="left"><p data-v-4e00c4f8="" class="title">标签组</p> <div data-v-4e00c4f8="" class="tags-list"><div data-v-4e00c4f8="" class="tags-item active">\n                下订预测推送实验\n              </div><div data-v-4e00c4f8="" class="tags-item">\n                临时人群包\n              </div><div data-v-4e00c4f8="" class="tags-item">\n                现场驻足时间\n              </div><div data-v-4e00c4f8="" class="tags-item">\n                人事专用标签\n              </div><div data-v-4e00c4f8="" class="tags-item">\n                转移客户\n              </div><div data-v-4e00c4f8="" class="tags-item">\n                现场性格\n              </div><div data-v-4e00c4f8="" class="tags-item">\n                线上来源_大客户渠道\n              </div><div data-v-4e00c4f8="" class="tags-item">\n                客户阅读行为\n              </div><div data-v-4e00c4f8="" class="tags-item">\n                预计购车周期\n              </div><div data-v-4e00c4f8="" class="tags-item">\n                服务体验与售后关注点\n              </div><div data-v-4e00c4f8="" class="tags-item">\n                购车预算\n              </div><div data-v-4e00c4f8="" class="tags-item">\n                购车性质（必选）\n              </div><div data-v-4e00c4f8="" class="tags-item">\n                已参与活动\n              </div><div data-v-4e00c4f8="" class="tags-item">\n                订车状态\n              </div><div data-v-4e00c4f8="" class="tags-item">\n                产品吐槽点\n              </div><div data-v-4e00c4f8="" class="tags-item">\n                现有车型品牌\n              </div><div data-v-4e00c4f8="" class="tags-item">\n                社群-（混合域自用）\n              </div><div data-v-4e00c4f8="" class="tags-item">\n                门店体验区域\n              </div><div data-v-4e00c4f8="" class="tags-item">\n                到店意愿\n              </div><div data-v-4e00c4f8="" class="tags-item">\n                用户情绪关注\n              </div><div data-v-4e00c4f8="" class="tags-item">\n                线上来源-微信平台\n              </div><div data-v-4e00c4f8="" class="tags-item">\n                金融偏好\n              </div><div data-v-4e00c4f8="" class="tags-item">\n                线下来源-活动（历史）\n              </div><div data-v-4e00c4f8="" class="tags-item">\n                画像-学历\n              </div><div data-v-4e00c4f8="" class="tags-item">\n                微信投放人群包\n              </div><div data-v-4e00c4f8="" class="tags-item">\n                画像-婚育\n              </div><div data-v-4e00c4f8="" class="tags-item">\n                画像-家庭年收入\n              </div><div data-v-4e00c4f8="" class="tags-item">\n                所在城市\n              </div><div data-v-4e00c4f8="" class="tags-item">\n                画像-家庭孩子情况\n              </div><div data-v-4e00c4f8="" class="tags-item">\n                客户私域状态\n              </div><div data-v-4e00c4f8="" class="tags-item">\n                建群邀请人群包\n              </div><div data-v-4e00c4f8="" class="tags-item">\n                RFQ模型预测\n              </div><div data-v-4e00c4f8="" class="tags-item">\n                线上来源-自有流量\n              </div><div data-v-4e00c4f8="" class="tags-item">\n                线下投放渠道\n              </div><div data-v-4e00c4f8="" class="tags-item">\n                现有车型能源形式\n              </div><div data-v-4e00c4f8="" class="tags-item">\n                意向车型偏好\n              </div><div data-v-4e00c4f8="" class="tags-item">\n                谈吐\n              </div><div data-v-4e00c4f8="" class="tags-item">\n                产品关注点（历史体系）\n              </div><div data-v-4e00c4f8="" class="tags-item">\n                不参与门店活动\n              </div><div data-v-4e00c4f8="" class="tags-item">\n                产品亮点关注（必选）\n              </div><div data-v-4e00c4f8="" class="tags-item">\n                门店客户停留最长时间区域\n              </div><div data-v-4e00c4f8="" class="tags-item">\n                意向购车品牌\n              </div><div data-v-4e00c4f8="" class="tags-item">\n                线上来源-其他流量平台\n              </div><div data-v-4e00c4f8="" class="tags-item">\n                外籍人士\n              </div><div data-v-4e00c4f8="" class="tags-item">\n                价格与权益关注点\n              </div><div data-v-4e00c4f8="" class="tags-item">\n                加C方式\n              </div><div data-v-4e00c4f8="" class="tags-item">\n                画像-年龄\n              </div><div data-v-4e00c4f8="" class="tags-item">\n                订车周期（必选）\n              </div><div data-v-4e00c4f8="" class="tags-item">\n                兴趣标签\n              </div><div data-v-4e00c4f8="" class="tags-item">\n                来源-其他\n              </div><div data-v-4e00c4f8="" class="tags-item">\n                画像-行业\n              </div><div data-v-4e00c4f8="" class="tags-item">\n                形象气质\n              </div><div data-v-4e00c4f8="" class="tags-item">\n                是否知道智己\n              </div><div data-v-4e00c4f8="" class="tags-item">\n                购车意向度（新）\n              </div><div data-v-4e00c4f8="" class="tags-item">\n                购车意向度\n              </div><div data-v-4e00c4f8="" class="tags-item">\n                是否同行\n              </div><div data-v-4e00c4f8="" class="tags-item">\n                其他\n              </div><div data-v-4e00c4f8="" class="tags-item">\n                订单人群\n              </div><div data-v-4e00c4f8="" class="tags-item">\n                昨日新增用户分层推送\n              </div><div data-v-4e00c4f8="" class="tags-item">\n                用户关怀\n              </div><div data-v-4e00c4f8="" class="tags-item">\n                意向车系\n              </div><div data-v-4e00c4f8="" class="tags-item">\n                订单状态\n              </div><div data-v-4e00c4f8="" class="tags-item">\n                订单车系\n              </div><div data-v-4e00c4f8="" class="tags-item">\n                试驾车系\n              </div></div></div> <div data-v-4e00c4f8="" class="right"><p data-v-4e00c4f8="" class="title">标签</p> <div data-v-4e00c4f8="" class="tags-list"><div data-v-4e00c4f8="" class="tags-item"><label data-v-4e00c4f8="" class="ivu-checkbox-wrapper"><span class="ivu-checkbox"><span class="ivu-checkbox-inner"></span> <input type="checkbox" class="ivu-checkbox-input"></span> 实验组_0915</label></div><div data-v-4e00c4f8="" class="tags-item"><label data-v-4e00c4f8="" class="ivu-checkbox-wrapper"><span class="ivu-checkbox"><span class="ivu-checkbox-inner"></span> <input type="checkbox" class="ivu-checkbox-input"></span> 实验组_1021</label></div><div data-v-4e00c4f8="" class="tags-item"><label data-v-4e00c4f8="" class="ivu-checkbox-wrapper"><span class="ivu-checkbox"><span class="ivu-checkbox-inner"></span> <input type="checkbox" class="ivu-checkbox-input"></span> 实验组_1017</label></div><div data-v-4e00c4f8="" class="tags-item"><label data-v-4e00c4f8="" class="ivu-checkbox-wrapper"><span class="ivu-checkbox"><span class="ivu-checkbox-inner"></span> <input type="checkbox" class="ivu-checkbox-input"></span> 实验组_1013</label></div><div data-v-4e00c4f8="" class="tags-item"><label data-v-4e00c4f8="" class="ivu-checkbox-wrapper"><span class="ivu-checkbox"><span class="ivu-checkbox-inner"></span> <input type="checkbox" class="ivu-checkbox-input"></span> 实验组_1010</label></div><div data-v-4e00c4f8="" class="tags-item"><label data-v-4e00c4f8="" class="ivu-checkbox-wrapper"><span class="ivu-checkbox"><span class="ivu-checkbox-inner"></span> <input type="checkbox" class="ivu-checkbox-input"></span> 实验组_0930</label></div><div data-v-4e00c4f8="" class="tags-item"><label data-v-4e00c4f8="" class="ivu-checkbox-wrapper"><span class="ivu-checkbox"><span class="ivu-checkbox-inner"></span> <input type="checkbox" class="ivu-checkbox-input"></span> 实验组_0922</label></div><div data-v-4e00c4f8="" class="tags-item"><label data-v-4e00c4f8="" class="ivu-checkbox-wrapper"><span class="ivu-checkbox"><span class="ivu-checkbox-inner"></span> <input type="checkbox" class="ivu-checkbox-input"></span> 实验组_0919</label></div><div data-v-4e00c4f8="" class="tags-item"><label data-v-4e00c4f8="" class="ivu-checkbox-wrapper"><span class="ivu-checkbox"><span class="ivu-checkbox-inner"></span> <input type="checkbox" class="ivu-checkbox-input"></span> 实验组_0913</label></div></div></div></div> <!----></div></div></form></div> <div class="ivu-modal-footer"><button type="button" class="ivu-btn ivu-btn-text ivu-btn-large"><!----> <!----> <span>取消</span></button> <button type="button" class="ivu-btn ivu-btn-primary ivu-btn-large"><!----> <!----> <span>确定</span></button></div></div></div></div></div></body></html>')
INFO     core.until.cases:cases.py:112 测试用例执行结束
INFO     core.until.cases:cases.py:80 测试用例开始执行
INFO     core.until.cases:cases.py:90 解析用例名称:case_name='检验输入框输入内容限制', fixture_name='admin_driver'
INFO     core.until.cases:cases.py:103 执行关键字name='点击导航栏互动雷达选项', key='click', args=['/html/body/div[1]/div[1]/div[1]/div[2]/div/ul/li[4]/div/span']
INFO     core.until.cases:cases.py:103 执行关键字name='切换互动雷达主页', key='iframe_enter', args=['//iframe[@src="/marketing/interactRadar/page"]']
INFO     core.until.cases:cases.py:103 执行关键字name='点击创建雷达按钮', key='click', args=["//span[contains(text(),'创建雷达')]"]
INFO     core.until.cases:cases.py:103 执行关键字name='退出页面', key='iframe_exit', args=[]
INFO     core.until.cases:cases.py:103 执行关键字name='切换创建互动雷达页面', key='iframe_enter', args=['//iframe[@src="/marketing/interactRadar/create"]']
INFO     core.until.cases:cases.py:103 执行关键字name='输入雷达标题', key='input', args=['//input[@placeholder="请输入雷达标题"]', '123456789123456789123']
INFO     core.until.cases:cases.py:103 执行关键字name='输入雷达链接', key='input', args=['//input[@placeholder="请输入雷达链接"]', 'hps://mp.weixin.qq.com/s/0pFHRj1NkWfQvFDPnZEFJw']
INFO     core.until.cases:cases.py:103 执行关键字name='输入链接标题', key='input', args=['//input[@placeholder="请输入链接标题"]', '1234567891234567891234567891234']
INFO     core.until.cases:cases.py:103 执行关键字name='输入链接摘要', key='input', args=['//textarea[@placeholder="请输入链接摘要"]', '1234567891234567891234567891234']
INFO     core.until.cases:cases.py:103 执行关键字name='点击创建互动雷达页面确认按钮', key='click', args=['//span[contains(text(),"确定")]']
INFO     core.until.cases:cases.py:103 执行关键字name='断言提示信息', key='assert_mandatory_field', args=['雷达标题不能超过20字, 雷达链接请以http://或https://开头, 链接标题不能超过30字,链接摘要不能超过30字, 封面不能为空']
INFO     webdriver_helper:kdt.py:254 (['雷达标题不能超过20字', '雷达链接请以http://或https://开头', '链接标题不能超过30字', '链接摘要不能超过30字', '封面不能为空'])
INFO     webdriver_helper:kdt.py:256 assert (i='雷达标题不能超过20字') in (msg='<html><head><meta http-equiv="Content-Type" content="text/html; charset=utf-8"><title>智己汽车</title><meta name="viewport" content="width=device-width,initial-scale=1,user-scalable=no"><meta name="renderer" content="webkit"><link rel="shortcut icon" href="/favicon.ico"><link href="/s/theme_default.min.css" rel="stylesheet"><link href="/s/lib.vendors.min.css?v=02454ce1810946b6696b" rel="stylesheet"><link href="/s/lib.core.min.css?v=02454ce1810946b6696b" rel="stylesheet"></head><body marginwidth="0" marginheight="0"><script>window.AppData = {\n        modules: ["im","ecommerce"],\n        enableUim: true,\n        site: {"title":"智己汽车","organization":"悄悄科技","copyright":"","favicon":"/favicon.ico","logo":"","logo_small":"/img/logo_small.png","url":"http://www.qiaoqiaowan.net","baidu_phone_url":"http://bj.bcebos.com/v1/yapweb/acp/prod/#/","uim":"https://wss-uat.immotors.com","groupTime":5,"timelineTime":10,"regionId":[100000206,100000223,100000196,100000091,100000056,100000244],"upload":{"image":{"size":10240},"video":{"size":10240}}},\n        user: {"id":64564179271680,"username":"19542812247","tenant":{"id":"2665ebc7957448ee86f4f81989c6e7f9","merchantId":"fa87962c-2660-43b1-9f87-11d0bd85e5e2","domain":"zhijiqiche","name":"智己汽车科技有限公司","ctime":1625731676000,"deviceQouta":5,"currentDevice":194,"bizCode":"","clusterId":"","webhookUrl":"","host":"","serverUrl":"tcp://:","httpUrl":"http://:6111","appKey":"defaultAppKey","utime":1673851804000,"bindType":0,"deviceType":2,"cluster":{"im":{"host":"micro_api","port":"8080","timeout":10000},"robot":{"host":"10.53.128.38","port":"8000","timeout":10000},"imGlobal":{"host":"10.53.128.38","port":"8110","timeout":10000},"domain":{"host":"mm-gateway-server","port":"5765","timeout":10000},"ecommerseDomain":{"host":"mm-gateway-server","port":"5765","timeout":10000},"domainGlobal":{"host":"mm-gateway-server","port":"5765","timeout":10000},"druid":{"host":"10.53.128.38","port":8082,"timeout":10000},"tenantLicense":{"host":"micro_api","port":"8080","timeout":10000},"patient":{"host":"mm-gateway-server","port":"5765","timeout":10000}}},"nickname":"神秘人","superUser":false,"sex":0} }</script><div class="main-page"><div class="main-content"><div data-v-5fc64bc0="" data-v-6150f88e="" class="ivu-card ivu-card-bordered"><!----> <!----> <div class="ivu-card-body"><div data-v-5fc64bc0="" class="ivu-row" style="margin-left: -16px; margin-right: -16px;"><div data-v-5fc64bc0="" class="ivu-col ivu-col-span-17" style="padding-left: 16px; padding-right: 16px;"><form data-v-5fc64bc0="" autocomplete="off" class="ivu-form ivu-form-label-right"><div data-v-5fc64bc0="" class="ivu-form-item ivu-form-item-required ivu-form-item-error"><label class="ivu-form-item-label" style="width: 110px;">雷达标题：</label> <div class="ivu-form-item-content" style="margin-left: 110px;"><div data-v-5fc64bc0="" class="ivu-input-wrapper ivu-input-type" style="width: 320px;"><!----> <!----> <i class="ivu-icon ivu-icon-load-c ivu-load-loop ivu-input-icon ivu-input-icon-validate"></i> <input autocomplete="off" spellcheck="false" type="text" placeholder="请输入雷达标题" maxlength="40" class="ivu-input" style="border: 0px;"> <!----></div> <div class="ivu-form-item-error-tip">雷达标题不能超过20字</div></div></div> <div data-v-5fc64bc0="" class="ivu-form-item ivu-form-item-required ivu-form-item-error"><label class="ivu-form-item-label" style="width: 110px;">雷达链接：</label> <div class="ivu-form-item-content" style="margin-left: 110px;"><div data-v-5fc64bc0="" class="ivu-input-wrapper ivu-input-type" style="width: 320px;"><!----> <!----> <i class="ivu-icon ivu-icon-load-c ivu-load-loop ivu-input-icon ivu-input-icon-validate"></i> <input autocomplete="off" spellcheck="false" type="text" placeholder="请输入雷达链接" class="ivu-input" style="border: 0px;"> <!----></div> <div class="ivu-form-item-error-tip">雷达链接请以http://或https://开头</div></div></div> <div data-v-5fc64bc0="" class="ivu-form-item ivu-form-item-required ivu-form-item-error"><label class="ivu-form-item-label" style="width: 110px;">链接标题：</label> <div class="ivu-form-item-content" style="margin-left: 110px;"><div data-v-5fc64bc0="" class="ivu-input-wrapper ivu-input-type" style="width: 320px;"><!----> <!----> <i class="ivu-icon ivu-icon-load-c ivu-load-loop ivu-input-icon ivu-input-icon-validate"></i> <input autocomplete="off" spellcheck="false" type="text" placeholder="请输入链接标题" class="ivu-input" style="border: 0px;"> <!----></div> <div class="ivu-form-item-error-tip">链接标题不能超过30字</div></div></div> <div data-v-5fc64bc0="" class="ivu-form-item ivu-form-item-required ivu-form-item-error"><label class="ivu-form-item-label" style="width: 110px;">链接摘要：</label> <div class="ivu-form-item-content" style="margin-left: 110px;"><div data-v-5fc64bc0="" class="ivu-input-wrapper ivu-input-type" style="width: 320px;"><textarea wrap="soft" autocomplete="off" spellcheck="false" placeholder="请输入链接摘要" rows="2" class="ivu-input" style="border: 0px;"></textarea></div> <div class="ivu-form-item-error-tip">链接摘要不能超过30字</div></div></div> <div data-v-5fc64bc0="" class="ivu-form-item ivu-form-item-required ivu-form-item-error"><label class="ivu-form-item-label" style="width: 110px;">封面</label> <div class="ivu-form-item-content" style="margin-left: 110px;"><div data-v-5fc64bc0="" class="img"><div data-v-5fc64bc0="" class="img-item"><div data-v-2194efda="" data-v-5fc64bc0=""><button data-v-2194efda="" type="button" class="ivu-btn ivu-btn-primary btn-margin-left">\n    选择封面\n  </button> <!----> <!----></div></div></div> <div class="ivu-form-item-error-tip">封面不能为空</div></div></div> <div data-v-5fc64bc0="" class="ivu-form-item"><label class="ivu-form-item-label" style="width: 110px;">客户标签</label> <div class="ivu-form-item-content" style="margin-left: 110px;"><span data-v-5fc64bc0="" tabindex="0" class="ivu-switch"><input type="hidden" value="false"> <span class="ivu-switch-inner"><!----> </span></span> <!----></div></div> <div data-v-5fc64bc0="" class="ivu-form-item"><!----> <div class="ivu-form-item-content" style="margin-left: 110px;"><div data-v-08e22a4e="" data-v-5fc64bc0="" style="display: none;"><div data-v-08e22a4e="" class="ivu-form-item"><!----> <div class="ivu-form-item-content" style="margin-left: 110px;"><div data-v-08e22a4e="" class="tag-box"><div data-v-08e22a4e="">针对点击雷达的用户，自动打上对应标签</div> <section data-v-4e00c4f8="" data-v-08e22a4e="" class="tags-mange" style="display: inline-block; vertical-align: top; margin-right: 10px;"><div data-v-4e00c4f8="" class="tags-group flex-r fj-between"><button data-v-4e00c4f8="" type="button" class="ivu-btn ivu-btn-primary"><!----> <!----> <span>选择标签</span></button> <!----></div> <!----></section></div> <!----></div></div></div> <!----></div></div> <div data-v-5fc64bc0="" class="ivu-form-item"><!----> <div class="ivu-form-item-content" style="margin-left: 110px;"><button data-v-5fc64bc0="" type="button" class="ivu-btn ivu-btn-primary"><!----> <!----> <span style="border: 0px;">确定\n          </span></button> <button data-v-5fc64bc0="" type="button" class="ivu-btn"><!----> <!----> <span>重置</span></button> <!----></div></div></form></div> <div data-v-5fc64bc0="" class="ivu-col ivu-col-span-7" style="padding-left: 16px; padding-right: 16px;"><div data-v-5fc64bc0="" class="ivu-card ivu-card-bordered"><div class="ivu-card-head"><p><!---->\n            雷达预览\n        </p></div> <!----> <div class="ivu-card-body"><div data-v-4637997c="" data-v-5fc64bc0="" class="radar-preview-layout"><div data-v-4637997c="" class="radar-preview-left"><div data-v-4637997c="" class="radar-preview-title">1234567891234567891234567891234</div> <div data-v-4637997c="" class="radar-preview-desc">1234567891234567891234567891234</div></div> <!----></div></div></div></div></div></div></div></div></div><script src="/s/manifest.min.js?v=e26c10898ae94e5b6be9"></script><script src="/s/lib.ui.min.js?v=2939458c7e52b098a515"></script><script src="/s/lib.vendors.min.js?v=38ee2c2a3a1ea0b78f62"></script><script src="/s/lib.core.min.js?v=ce9da09ae42f5c5d3745"></script><script src="/s/marketing.interactRadar.create.min.js?v=15bb00cf084346935a9c"></script><div data-v-4e00c4f8="" data-transfer="true" class="v-transfer-dom"><div class="ivu-modal-mask" style="display: none;"></div> <div class="ivu-modal-wrap ivu-modal-hidden"><div class="ivu-modal" style="width: 600px; top: 20px; display: none;"><div class="ivu-modal-content"><!----> <div class="ivu-modal-header"><div class="ivu-modal-header-inner">标签管理</div></div> <div class="ivu-modal-body"><form data-v-4e00c4f8="" autocomplete="off" class="tags-form ivu-form ivu-form-label-right"><div data-v-4e00c4f8="" class="ivu-form-item"><label class="ivu-form-item-label" style="width: 120px;">已有标签：</label> <div class="ivu-form-item-content" style="margin-left: 120px;"><p data-v-4e00c4f8="">0个</p> <div data-v-4e00c4f8="" class="tags-wrap flex-c fj-between"><div data-v-4e00c4f8="" class="tags-box"></div> <div data-v-4e00c4f8="" class="flex-r fj-end" style="padding: 4px;"><button data-v-4e00c4f8="" type="button" class="ivu-btn ivu-btn-primary"><!----> <!----> <span>删除标签</span></button></div></div> <!----></div></div> <div data-v-4e00c4f8="" class="ivu-form-item"><label class="ivu-form-item-label" style="width: 120px;">添加标签：</label> <div class="ivu-form-item-content" style="margin-left: 120px;"><div data-v-4e00c4f8="" class="select-wrap flex-r fj-between"><div data-v-4e00c4f8="" class="left"><p data-v-4e00c4f8="" class="title">标签组</p> <div data-v-4e00c4f8="" class="tags-list"><div data-v-4e00c4f8="" class="tags-item active">\n                下订预测推送实验\n              </div><div data-v-4e00c4f8="" class="tags-item">\n                临时人群包\n              </div><div data-v-4e00c4f8="" class="tags-item">\n                现场驻足时间\n              </div><div data-v-4e00c4f8="" class="tags-item">\n                人事专用标签\n              </div><div data-v-4e00c4f8="" class="tags-item">\n                转移客户\n              </div><div data-v-4e00c4f8="" class="tags-item">\n                现场性格\n              </div><div data-v-4e00c4f8="" class="tags-item">\n                线上来源_大客户渠道\n              </div><div data-v-4e00c4f8="" class="tags-item">\n                客户阅读行为\n              </div><div data-v-4e00c4f8="" class="tags-item">\n                预计购车周期\n              </div><div data-v-4e00c4f8="" class="tags-item">\n                服务体验与售后关注点\n              </div><div data-v-4e00c4f8="" class="tags-item">\n                购车预算\n              </div><div data-v-4e00c4f8="" class="tags-item">\n                购车性质（必选）\n              </div><div data-v-4e00c4f8="" class="tags-item">\n                已参与活动\n              </div><div data-v-4e00c4f8="" class="tags-item">\n                订车状态\n              </div><div data-v-4e00c4f8="" class="tags-item">\n                产品吐槽点\n              </div><div data-v-4e00c4f8="" class="tags-item">\n                现有车型品牌\n              </div><div data-v-4e00c4f8="" class="tags-item">\n                社群-（混合域自用）\n              </div><div data-v-4e00c4f8="" class="tags-item">\n                门店体验区域\n              </div><div data-v-4e00c4f8="" class="tags-item">\n                到店意愿\n              </div><div data-v-4e00c4f8="" class="tags-item">\n                用户情绪关注\n              </div><div data-v-4e00c4f8="" class="tags-item">\n                线上来源-微信平台\n              </div><div data-v-4e00c4f8="" class="tags-item">\n                金融偏好\n              </div><div data-v-4e00c4f8="" class="tags-item">\n                线下来源-活动（历史）\n              </div><div data-v-4e00c4f8="" class="tags-item">\n                画像-学历\n              </div><div data-v-4e00c4f8="" class="tags-item">\n                微信投放人群包\n              </div><div data-v-4e00c4f8="" class="tags-item">\n                画像-婚育\n              </div><div data-v-4e00c4f8="" class="tags-item">\n                画像-家庭年收入\n              </div><div data-v-4e00c4f8="" class="tags-item">\n                所在城市\n              </div><div data-v-4e00c4f8="" class="tags-item">\n                画像-家庭孩子情况\n              </div><div data-v-4e00c4f8="" class="tags-item">\n                客户私域状态\n              </div><div data-v-4e00c4f8="" class="tags-item">\n                建群邀请人群包\n              </div><div data-v-4e00c4f8="" class="tags-item">\n                RFQ模型预测\n              </div><div data-v-4e00c4f8="" class="tags-item">\n                线上来源-自有流量\n              </div><div data-v-4e00c4f8="" class="tags-item">\n                线下投放渠道\n              </div><div data-v-4e00c4f8="" class="tags-item">\n                现有车型能源形式\n              </div><div data-v-4e00c4f8="" class="tags-item">\n                意向车型偏好\n              </div><div data-v-4e00c4f8="" class="tags-item">\n                谈吐\n              </div><div data-v-4e00c4f8="" class="tags-item">\n                产品关注点（历史体系）\n              </div><div data-v-4e00c4f8="" class="tags-item">\n                不参与门店活动\n              </div><div data-v-4e00c4f8="" class="tags-item">\n                产品亮点关注（必选）\n              </div><div data-v-4e00c4f8="" class="tags-item">\n                门店客户停留最长时间区域\n              </div><div data-v-4e00c4f8="" class="tags-item">\n                意向购车品牌\n              </div><div data-v-4e00c4f8="" class="tags-item">\n                线上来源-其他流量平台\n              </div><div data-v-4e00c4f8="" class="tags-item">\n                外籍人士\n              </div><div data-v-4e00c4f8="" class="tags-item">\n                价格与权益关注点\n              </div><div data-v-4e00c4f8="" class="tags-item">\n                加C方式\n              </div><div data-v-4e00c4f8="" class="tags-item">\n                画像-年龄\n              </div><div data-v-4e00c4f8="" class="tags-item">\n                订车周期（必选）\n              </div><div data-v-4e00c4f8="" class="tags-item">\n                兴趣标签\n              </div><div data-v-4e00c4f8="" class="tags-item">\n                来源-其他\n              </div><div data-v-4e00c4f8="" class="tags-item">\n                画像-行业\n              </div><div data-v-4e00c4f8="" class="tags-item">\n                形象气质\n              </div><div data-v-4e00c4f8="" class="tags-item">\n                是否知道智己\n              </div><div data-v-4e00c4f8="" class="tags-item">\n                购车意向度（新）\n              </div><div data-v-4e00c4f8="" class="tags-item">\n                购车意向度\n              </div><div data-v-4e00c4f8="" class="tags-item">\n                是否同行\n              </div><div data-v-4e00c4f8="" class="tags-item">\n                其他\n              </div><div data-v-4e00c4f8="" class="tags-item">\n                订单人群\n              </div><div data-v-4e00c4f8="" class="tags-item">\n                昨日新增用户分层推送\n              </div><div data-v-4e00c4f8="" class="tags-item">\n                用户关怀\n              </div><div data-v-4e00c4f8="" class="tags-item">\n                意向车系\n              </div><div data-v-4e00c4f8="" class="tags-item">\n                订单状态\n              </div><div data-v-4e00c4f8="" class="tags-item">\n                订单车系\n              </div><div data-v-4e00c4f8="" class="tags-item">\n                试驾车系\n              </div></div></div> <div data-v-4e00c4f8="" class="right"><p data-v-4e00c4f8="" class="title">标签</p> <div data-v-4e00c4f8="" class="tags-list"><div data-v-4e00c4f8="" class="tags-item"><label data-v-4e00c4f8="" class="ivu-checkbox-wrapper"><span class="ivu-checkbox"><span class="ivu-checkbox-inner"></span> <input type="checkbox" class="ivu-checkbox-input"></span> 实验组_0915</label></div><div data-v-4e00c4f8="" class="tags-item"><label data-v-4e00c4f8="" class="ivu-checkbox-wrapper"><span class="ivu-checkbox"><span class="ivu-checkbox-inner"></span> <input type="checkbox" class="ivu-checkbox-input"></span> 实验组_1021</label></div><div data-v-4e00c4f8="" class="tags-item"><label data-v-4e00c4f8="" class="ivu-checkbox-wrapper"><span class="ivu-checkbox"><span class="ivu-checkbox-inner"></span> <input type="checkbox" class="ivu-checkbox-input"></span> 实验组_1017</label></div><div data-v-4e00c4f8="" class="tags-item"><label data-v-4e00c4f8="" class="ivu-checkbox-wrapper"><span class="ivu-checkbox"><span class="ivu-checkbox-inner"></span> <input type="checkbox" class="ivu-checkbox-input"></span> 实验组_1013</label></div><div data-v-4e00c4f8="" class="tags-item"><label data-v-4e00c4f8="" class="ivu-checkbox-wrapper"><span class="ivu-checkbox"><span class="ivu-checkbox-inner"></span> <input type="checkbox" class="ivu-checkbox-input"></span> 实验组_1010</label></div><div data-v-4e00c4f8="" class="tags-item"><label data-v-4e00c4f8="" class="ivu-checkbox-wrapper"><span class="ivu-checkbox"><span class="ivu-checkbox-inner"></span> <input type="checkbox" class="ivu-checkbox-input"></span> 实验组_0930</label></div><div data-v-4e00c4f8="" class="tags-item"><label data-v-4e00c4f8="" class="ivu-checkbox-wrapper"><span class="ivu-checkbox"><span class="ivu-checkbox-inner"></span> <input type="checkbox" class="ivu-checkbox-input"></span> 实验组_0922</label></div><div data-v-4e00c4f8="" class="tags-item"><label data-v-4e00c4f8="" class="ivu-checkbox-wrapper"><span class="ivu-checkbox"><span class="ivu-checkbox-inner"></span> <input type="checkbox" class="ivu-checkbox-input"></span> 实验组_0919</label></div><div data-v-4e00c4f8="" class="tags-item"><label data-v-4e00c4f8="" class="ivu-checkbox-wrapper"><span class="ivu-checkbox"><span class="ivu-checkbox-inner"></span> <input type="checkbox" class="ivu-checkbox-input"></span> 实验组_0913</label></div></div></div></div> <!----></div></div></form></div> <div class="ivu-modal-footer"><button type="button" class="ivu-btn ivu-btn-text ivu-btn-large"><!----> <!----> <span>取消</span></button> <button type="button" class="ivu-btn ivu-btn-primary ivu-btn-large"><!----> <!----> <span>确定</span></button></div></div></div></div></div></body></html>')
INFO     webdriver_helper:kdt.py:256 assert (i='雷达链接请以http://或https://开头') in (msg='<html><head><meta http-equiv="Content-Type" content="text/html; charset=utf-8"><title>智己汽车</title><meta name="viewport" content="width=device-width,initial-scale=1,user-scalable=no"><meta name="renderer" content="webkit"><link rel="shortcut icon" href="/favicon.ico"><link href="/s/theme_default.min.css" rel="stylesheet"><link href="/s/lib.vendors.min.css?v=02454ce1810946b6696b" rel="stylesheet"><link href="/s/lib.core.min.css?v=02454ce1810946b6696b" rel="stylesheet"></head><body marginwidth="0" marginheight="0"><script>window.AppData = {\n        modules: ["im","ecommerce"],\n        enableUim: true,\n        site: {"title":"智己汽车","organization":"悄悄科技","copyright":"","favicon":"/favicon.ico","logo":"","logo_small":"/img/logo_small.png","url":"http://www.qiaoqiaowan.net","baidu_phone_url":"http://bj.bcebos.com/v1/yapweb/acp/prod/#/","uim":"https://wss-uat.immotors.com","groupTime":5,"timelineTime":10,"regionId":[100000206,100000223,100000196,100000091,100000056,100000244],"upload":{"image":{"size":10240},"video":{"size":10240}}},\n        user: {"id":64564179271680,"username":"19542812247","tenant":{"id":"2665ebc7957448ee86f4f81989c6e7f9","merchantId":"fa87962c-2660-43b1-9f87-11d0bd85e5e2","domain":"zhijiqiche","name":"智己汽车科技有限公司","ctime":1625731676000,"deviceQouta":5,"currentDevice":194,"bizCode":"","clusterId":"","webhookUrl":"","host":"","serverUrl":"tcp://:","httpUrl":"http://:6111","appKey":"defaultAppKey","utime":1673851804000,"bindType":0,"deviceType":2,"cluster":{"im":{"host":"micro_api","port":"8080","timeout":10000},"robot":{"host":"10.53.128.38","port":"8000","timeout":10000},"imGlobal":{"host":"10.53.128.38","port":"8110","timeout":10000},"domain":{"host":"mm-gateway-server","port":"5765","timeout":10000},"ecommerseDomain":{"host":"mm-gateway-server","port":"5765","timeout":10000},"domainGlobal":{"host":"mm-gateway-server","port":"5765","timeout":10000},"druid":{"host":"10.53.128.38","port":8082,"timeout":10000},"tenantLicense":{"host":"micro_api","port":"8080","timeout":10000},"patient":{"host":"mm-gateway-server","port":"5765","timeout":10000}}},"nickname":"神秘人","superUser":false,"sex":0} }</script><div class="main-page"><div class="main-content"><div data-v-5fc64bc0="" data-v-6150f88e="" class="ivu-card ivu-card-bordered"><!----> <!----> <div class="ivu-card-body"><div data-v-5fc64bc0="" class="ivu-row" style="margin-left: -16px; margin-right: -16px;"><div data-v-5fc64bc0="" class="ivu-col ivu-col-span-17" style="padding-left: 16px; padding-right: 16px;"><form data-v-5fc64bc0="" autocomplete="off" class="ivu-form ivu-form-label-right"><div data-v-5fc64bc0="" class="ivu-form-item ivu-form-item-required ivu-form-item-error"><label class="ivu-form-item-label" style="width: 110px;">雷达标题：</label> <div class="ivu-form-item-content" style="margin-left: 110px;"><div data-v-5fc64bc0="" class="ivu-input-wrapper ivu-input-type" style="width: 320px;"><!----> <!----> <i class="ivu-icon ivu-icon-load-c ivu-load-loop ivu-input-icon ivu-input-icon-validate"></i> <input autocomplete="off" spellcheck="false" type="text" placeholder="请输入雷达标题" maxlength="40" class="ivu-input" style="border: 0px;"> <!----></div> <div class="ivu-form-item-error-tip">雷达标题不能超过20字</div></div></div> <div data-v-5fc64bc0="" class="ivu-form-item ivu-form-item-required ivu-form-item-error"><label class="ivu-form-item-label" style="width: 110px;">雷达链接：</label> <div class="ivu-form-item-content" style="margin-left: 110px;"><div data-v-5fc64bc0="" class="ivu-input-wrapper ivu-input-type" style="width: 320px;"><!----> <!----> <i class="ivu-icon ivu-icon-load-c ivu-load-loop ivu-input-icon ivu-input-icon-validate"></i> <input autocomplete="off" spellcheck="false" type="text" placeholder="请输入雷达链接" class="ivu-input" style="border: 0px;"> <!----></div> <div class="ivu-form-item-error-tip">雷达链接请以http://或https://开头</div></div></div> <div data-v-5fc64bc0="" class="ivu-form-item ivu-form-item-required ivu-form-item-error"><label class="ivu-form-item-label" style="width: 110px;">链接标题：</label> <div class="ivu-form-item-content" style="margin-left: 110px;"><div data-v-5fc64bc0="" class="ivu-input-wrapper ivu-input-type" style="width: 320px;"><!----> <!----> <i class="ivu-icon ivu-icon-load-c ivu-load-loop ivu-input-icon ivu-input-icon-validate"></i> <input autocomplete="off" spellcheck="false" type="text" placeholder="请输入链接标题" class="ivu-input" style="border: 0px;"> <!----></div> <div class="ivu-form-item-error-tip">链接标题不能超过30字</div></div></div> <div data-v-5fc64bc0="" class="ivu-form-item ivu-form-item-required ivu-form-item-error"><label class="ivu-form-item-label" style="width: 110px;">链接摘要：</label> <div class="ivu-form-item-content" style="margin-left: 110px;"><div data-v-5fc64bc0="" class="ivu-input-wrapper ivu-input-type" style="width: 320px;"><textarea wrap="soft" autocomplete="off" spellcheck="false" placeholder="请输入链接摘要" rows="2" class="ivu-input" style="border: 0px;"></textarea></div> <div class="ivu-form-item-error-tip">链接摘要不能超过30字</div></div></div> <div data-v-5fc64bc0="" class="ivu-form-item ivu-form-item-required ivu-form-item-error"><label class="ivu-form-item-label" style="width: 110px;">封面</label> <div class="ivu-form-item-content" style="margin-left: 110px;"><div data-v-5fc64bc0="" class="img"><div data-v-5fc64bc0="" class="img-item"><div data-v-2194efda="" data-v-5fc64bc0=""><button data-v-2194efda="" type="button" class="ivu-btn ivu-btn-primary btn-margin-left">\n    选择封面\n  </button> <!----> <!----></div></div></div> <div class="ivu-form-item-error-tip">封面不能为空</div></div></div> <div data-v-5fc64bc0="" class="ivu-form-item"><label class="ivu-form-item-label" style="width: 110px;">客户标签</label> <div class="ivu-form-item-content" style="margin-left: 110px;"><span data-v-5fc64bc0="" tabindex="0" class="ivu-switch"><input type="hidden" value="false"> <span class="ivu-switch-inner"><!----> </span></span> <!----></div></div> <div data-v-5fc64bc0="" class="ivu-form-item"><!----> <div class="ivu-form-item-content" style="margin-left: 110px;"><div data-v-08e22a4e="" data-v-5fc64bc0="" style="display: none;"><div data-v-08e22a4e="" class="ivu-form-item"><!----> <div class="ivu-form-item-content" style="margin-left: 110px;"><div data-v-08e22a4e="" class="tag-box"><div data-v-08e22a4e="">针对点击雷达的用户，自动打上对应标签</div> <section data-v-4e00c4f8="" data-v-08e22a4e="" class="tags-mange" style="display: inline-block; vertical-align: top; margin-right: 10px;"><div data-v-4e00c4f8="" class="tags-group flex-r fj-between"><button data-v-4e00c4f8="" type="button" class="ivu-btn ivu-btn-primary"><!----> <!----> <span>选择标签</span></button> <!----></div> <!----></section></div> <!----></div></div></div> <!----></div></div> <div data-v-5fc64bc0="" class="ivu-form-item"><!----> <div class="ivu-form-item-content" style="margin-left: 110px;"><button data-v-5fc64bc0="" type="button" class="ivu-btn ivu-btn-primary"><!----> <!----> <span style="border: 0px;">确定\n          </span></button> <button data-v-5fc64bc0="" type="button" class="ivu-btn"><!----> <!----> <span>重置</span></button> <!----></div></div></form></div> <div data-v-5fc64bc0="" class="ivu-col ivu-col-span-7" style="padding-left: 16px; padding-right: 16px;"><div data-v-5fc64bc0="" class="ivu-card ivu-card-bordered"><div class="ivu-card-head"><p><!---->\n            雷达预览\n        </p></div> <!----> <div class="ivu-card-body"><div data-v-4637997c="" data-v-5fc64bc0="" class="radar-preview-layout"><div data-v-4637997c="" class="radar-preview-left"><div data-v-4637997c="" class="radar-preview-title">1234567891234567891234567891234</div> <div data-v-4637997c="" class="radar-preview-desc">1234567891234567891234567891234</div></div> <!----></div></div></div></div></div></div></div></div></div><script src="/s/manifest.min.js?v=e26c10898ae94e5b6be9"></script><script src="/s/lib.ui.min.js?v=2939458c7e52b098a515"></script><script src="/s/lib.vendors.min.js?v=38ee2c2a3a1ea0b78f62"></script><script src="/s/lib.core.min.js?v=ce9da09ae42f5c5d3745"></script><script src="/s/marketing.interactRadar.create.min.js?v=15bb00cf084346935a9c"></script><div data-v-4e00c4f8="" data-transfer="true" class="v-transfer-dom"><div class="ivu-modal-mask" style="display: none;"></div> <div class="ivu-modal-wrap ivu-modal-hidden"><div class="ivu-modal" style="width: 600px; top: 20px; display: none;"><div class="ivu-modal-content"><!----> <div class="ivu-modal-header"><div class="ivu-modal-header-inner">标签管理</div></div> <div class="ivu-modal-body"><form data-v-4e00c4f8="" autocomplete="off" class="tags-form ivu-form ivu-form-label-right"><div data-v-4e00c4f8="" class="ivu-form-item"><label class="ivu-form-item-label" style="width: 120px;">已有标签：</label> <div class="ivu-form-item-content" style="margin-left: 120px;"><p data-v-4e00c4f8="">0个</p> <div data-v-4e00c4f8="" class="tags-wrap flex-c fj-between"><div data-v-4e00c4f8="" class="tags-box"></div> <div data-v-4e00c4f8="" class="flex-r fj-end" style="padding: 4px;"><button data-v-4e00c4f8="" type="button" class="ivu-btn ivu-btn-primary"><!----> <!----> <span>删除标签</span></button></div></div> <!----></div></div> <div data-v-4e00c4f8="" class="ivu-form-item"><label class="ivu-form-item-label" style="width: 120px;">添加标签：</label> <div class="ivu-form-item-content" style="margin-left: 120px;"><div data-v-4e00c4f8="" class="select-wrap flex-r fj-between"><div data-v-4e00c4f8="" class="left"><p data-v-4e00c4f8="" class="title">标签组</p> <div data-v-4e00c4f8="" class="tags-list"><div data-v-4e00c4f8="" class="tags-item active">\n                下订预测推送实验\n              </div><div data-v-4e00c4f8="" class="tags-item">\n                临时人群包\n              </div><div data-v-4e00c4f8="" class="tags-item">\n                现场驻足时间\n              </div><div data-v-4e00c4f8="" class="tags-item">\n                人事专用标签\n              </div><div data-v-4e00c4f8="" class="tags-item">\n                转移客户\n              </div><div data-v-4e00c4f8="" class="tags-item">\n                现场性格\n              </div><div data-v-4e00c4f8="" class="tags-item">\n                线上来源_大客户渠道\n              </div><div data-v-4e00c4f8="" class="tags-item">\n                客户阅读行为\n              </div><div data-v-4e00c4f8="" class="tags-item">\n                预计购车周期\n              </div><div data-v-4e00c4f8="" class="tags-item">\n                服务体验与售后关注点\n              </div><div data-v-4e00c4f8="" class="tags-item">\n                购车预算\n              </div><div data-v-4e00c4f8="" class="tags-item">\n                购车性质（必选）\n              </div><div data-v-4e00c4f8="" class="tags-item">\n                已参与活动\n              </div><div data-v-4e00c4f8="" class="tags-item">\n                订车状态\n              </div><div data-v-4e00c4f8="" class="tags-item">\n                产品吐槽点\n              </div><div data-v-4e00c4f8="" class="tags-item">\n                现有车型品牌\n              </div><div data-v-4e00c4f8="" class="tags-item">\n                社群-（混合域自用）\n              </div><div data-v-4e00c4f8="" class="tags-item">\n                门店体验区域\n              </div><div data-v-4e00c4f8="" class="tags-item">\n                到店意愿\n              </div><div data-v-4e00c4f8="" class="tags-item">\n                用户情绪关注\n              </div><div data-v-4e00c4f8="" class="tags-item">\n                线上来源-微信平台\n              </div><div data-v-4e00c4f8="" class="tags-item">\n                金融偏好\n              </div><div data-v-4e00c4f8="" class="tags-item">\n                线下来源-活动（历史）\n              </div><div data-v-4e00c4f8="" class="tags-item">\n                画像-学历\n              </div><div data-v-4e00c4f8="" class="tags-item">\n                微信投放人群包\n              </div><div data-v-4e00c4f8="" class="tags-item">\n                画像-婚育\n              </div><div data-v-4e00c4f8="" class="tags-item">\n                画像-家庭年收入\n              </div><div data-v-4e00c4f8="" class="tags-item">\n                所在城市\n              </div><div data-v-4e00c4f8="" class="tags-item">\n                画像-家庭孩子情况\n              </div><div data-v-4e00c4f8="" class="tags-item">\n                客户私域状态\n              </div><div data-v-4e00c4f8="" class="tags-item">\n                建群邀请人群包\n              </div><div data-v-4e00c4f8="" class="tags-item">\n                RFQ模型预测\n              </div><div data-v-4e00c4f8="" class="tags-item">\n                线上来源-自有流量\n              </div><div data-v-4e00c4f8="" class="tags-item">\n                线下投放渠道\n              </div><div data-v-4e00c4f8="" class="tags-item">\n                现有车型能源形式\n              </div><div data-v-4e00c4f8="" class="tags-item">\n                意向车型偏好\n              </div><div data-v-4e00c4f8="" class="tags-item">\n                谈吐\n              </div><div data-v-4e00c4f8="" class="tags-item">\n                产品关注点（历史体系）\n              </div><div data-v-4e00c4f8="" class="tags-item">\n                不参与门店活动\n              </div><div data-v-4e00c4f8="" class="tags-item">\n                产品亮点关注（必选）\n              </div><div data-v-4e00c4f8="" class="tags-item">\n                门店客户停留最长时间区域\n              </div><div data-v-4e00c4f8="" class="tags-item">\n                意向购车品牌\n              </div><div data-v-4e00c4f8="" class="tags-item">\n                线上来源-其他流量平台\n              </div><div data-v-4e00c4f8="" class="tags-item">\n                外籍人士\n              </div><div data-v-4e00c4f8="" class="tags-item">\n                价格与权益关注点\n              </div><div data-v-4e00c4f8="" class="tags-item">\n                加C方式\n              </div><div data-v-4e00c4f8="" class="tags-item">\n                画像-年龄\n              </div><div data-v-4e00c4f8="" class="tags-item">\n                订车周期（必选）\n              </div><div data-v-4e00c4f8="" class="tags-item">\n                兴趣标签\n              </div><div data-v-4e00c4f8="" class="tags-item">\n                来源-其他\n              </div><div data-v-4e00c4f8="" class="tags-item">\n                画像-行业\n              </div><div data-v-4e00c4f8="" class="tags-item">\n                形象气质\n              </div><div data-v-4e00c4f8="" class="tags-item">\n                是否知道智己\n              </div><div data-v-4e00c4f8="" class="tags-item">\n                购车意向度（新）\n              </div><div data-v-4e00c4f8="" class="tags-item">\n                购车意向度\n              </div><div data-v-4e00c4f8="" class="tags-item">\n                是否同行\n              </div><div data-v-4e00c4f8="" class="tags-item">\n                其他\n              </div><div data-v-4e00c4f8="" class="tags-item">\n                订单人群\n              </div><div data-v-4e00c4f8="" class="tags-item">\n                昨日新增用户分层推送\n              </div><div data-v-4e00c4f8="" class="tags-item">\n                用户关怀\n              </div><div data-v-4e00c4f8="" class="tags-item">\n                意向车系\n              </div><div data-v-4e00c4f8="" class="tags-item">\n                订单状态\n              </div><div data-v-4e00c4f8="" class="tags-item">\n                订单车系\n              </div><div data-v-4e00c4f8="" class="tags-item">\n                试驾车系\n              </div></div></div> <div data-v-4e00c4f8="" class="right"><p data-v-4e00c4f8="" class="title">标签</p> <div data-v-4e00c4f8="" class="tags-list"><div data-v-4e00c4f8="" class="tags-item"><label data-v-4e00c4f8="" class="ivu-checkbox-wrapper"><span class="ivu-checkbox"><span class="ivu-checkbox-inner"></span> <input type="checkbox" class="ivu-checkbox-input"></span> 实验组_0915</label></div><div data-v-4e00c4f8="" class="tags-item"><label data-v-4e00c4f8="" class="ivu-checkbox-wrapper"><span class="ivu-checkbox"><span class="ivu-checkbox-inner"></span> <input type="checkbox" class="ivu-checkbox-input"></span> 实验组_1021</label></div><div data-v-4e00c4f8="" class="tags-item"><label data-v-4e00c4f8="" class="ivu-checkbox-wrapper"><span class="ivu-checkbox"><span class="ivu-checkbox-inner"></span> <input type="checkbox" class="ivu-checkbox-input"></span> 实验组_1017</label></div><div data-v-4e00c4f8="" class="tags-item"><label data-v-4e00c4f8="" class="ivu-checkbox-wrapper"><span class="ivu-checkbox"><span class="ivu-checkbox-inner"></span> <input type="checkbox" class="ivu-checkbox-input"></span> 实验组_1013</label></div><div data-v-4e00c4f8="" class="tags-item"><label data-v-4e00c4f8="" class="ivu-checkbox-wrapper"><span class="ivu-checkbox"><span class="ivu-checkbox-inner"></span> <input type="checkbox" class="ivu-checkbox-input"></span> 实验组_1010</label></div><div data-v-4e00c4f8="" class="tags-item"><label data-v-4e00c4f8="" class="ivu-checkbox-wrapper"><span class="ivu-checkbox"><span class="ivu-checkbox-inner"></span> <input type="checkbox" class="ivu-checkbox-input"></span> 实验组_0930</label></div><div data-v-4e00c4f8="" class="tags-item"><label data-v-4e00c4f8="" class="ivu-checkbox-wrapper"><span class="ivu-checkbox"><span class="ivu-checkbox-inner"></span> <input type="checkbox" class="ivu-checkbox-input"></span> 实验组_0922</label></div><div data-v-4e00c4f8="" class="tags-item"><label data-v-4e00c4f8="" class="ivu-checkbox-wrapper"><span class="ivu-checkbox"><span class="ivu-checkbox-inner"></span> <input type="checkbox" class="ivu-checkbox-input"></span> 实验组_0919</label></div><div data-v-4e00c4f8="" class="tags-item"><label data-v-4e00c4f8="" class="ivu-checkbox-wrapper"><span class="ivu-checkbox"><span class="ivu-checkbox-inner"></span> <input type="checkbox" class="ivu-checkbox-input"></span> 实验组_0913</label></div></div></div></div> <!----></div></div></form></div> <div class="ivu-modal-footer"><button type="button" class="ivu-btn ivu-btn-text ivu-btn-large"><!----> <!----> <span>取消</span></button> <button type="button" class="ivu-btn ivu-btn-primary ivu-btn-large"><!----> <!----> <span>确定</span></button></div></div></div></div></div></body></html>')
INFO     webdriver_helper:kdt.py:256 assert (i='链接标题不能超过30字') in (msg='<html><head><meta http-equiv="Content-Type" content="text/html; charset=utf-8"><title>智己汽车</title><meta name="viewport" content="width=device-width,initial-scale=1,user-scalable=no"><meta name="renderer" content="webkit"><link rel="shortcut icon" href="/favicon.ico"><link href="/s/theme_default.min.css" rel="stylesheet"><link href="/s/lib.vendors.min.css?v=02454ce1810946b6696b" rel="stylesheet"><link href="/s/lib.core.min.css?v=02454ce1810946b6696b" rel="stylesheet"></head><body marginwidth="0" marginheight="0"><script>window.AppData = {\n        modules: ["im","ecommerce"],\n        enableUim: true,\n        site: {"title":"智己汽车","organization":"悄悄科技","copyright":"","favicon":"/favicon.ico","logo":"","logo_small":"/img/logo_small.png","url":"http://www.qiaoqiaowan.net","baidu_phone_url":"http://bj.bcebos.com/v1/yapweb/acp/prod/#/","uim":"https://wss-uat.immotors.com","groupTime":5,"timelineTime":10,"regionId":[100000206,100000223,100000196,100000091,100000056,100000244],"upload":{"image":{"size":10240},"video":{"size":10240}}},\n        user: {"id":64564179271680,"username":"19542812247","tenant":{"id":"2665ebc7957448ee86f4f81989c6e7f9","merchantId":"fa87962c-2660-43b1-9f87-11d0bd85e5e2","domain":"zhijiqiche","name":"智己汽车科技有限公司","ctime":1625731676000,"deviceQouta":5,"currentDevice":194,"bizCode":"","clusterId":"","webhookUrl":"","host":"","serverUrl":"tcp://:","httpUrl":"http://:6111","appKey":"defaultAppKey","utime":1673851804000,"bindType":0,"deviceType":2,"cluster":{"im":{"host":"micro_api","port":"8080","timeout":10000},"robot":{"host":"10.53.128.38","port":"8000","timeout":10000},"imGlobal":{"host":"10.53.128.38","port":"8110","timeout":10000},"domain":{"host":"mm-gateway-server","port":"5765","timeout":10000},"ecommerseDomain":{"host":"mm-gateway-server","port":"5765","timeout":10000},"domainGlobal":{"host":"mm-gateway-server","port":"5765","timeout":10000},"druid":{"host":"10.53.128.38","port":8082,"timeout":10000},"tenantLicense":{"host":"micro_api","port":"8080","timeout":10000},"patient":{"host":"mm-gateway-server","port":"5765","timeout":10000}}},"nickname":"神秘人","superUser":false,"sex":0} }</script><div class="main-page"><div class="main-content"><div data-v-5fc64bc0="" data-v-6150f88e="" class="ivu-card ivu-card-bordered"><!----> <!----> <div class="ivu-card-body"><div data-v-5fc64bc0="" class="ivu-row" style="margin-left: -16px; margin-right: -16px;"><div data-v-5fc64bc0="" class="ivu-col ivu-col-span-17" style="padding-left: 16px; padding-right: 16px;"><form data-v-5fc64bc0="" autocomplete="off" class="ivu-form ivu-form-label-right"><div data-v-5fc64bc0="" class="ivu-form-item ivu-form-item-required ivu-form-item-error"><label class="ivu-form-item-label" style="width: 110px;">雷达标题：</label> <div class="ivu-form-item-content" style="margin-left: 110px;"><div data-v-5fc64bc0="" class="ivu-input-wrapper ivu-input-type" style="width: 320px;"><!----> <!----> <i class="ivu-icon ivu-icon-load-c ivu-load-loop ivu-input-icon ivu-input-icon-validate"></i> <input autocomplete="off" spellcheck="false" type="text" placeholder="请输入雷达标题" maxlength="40" class="ivu-input" style="border: 0px;"> <!----></div> <div class="ivu-form-item-error-tip">雷达标题不能超过20字</div></div></div> <div data-v-5fc64bc0="" class="ivu-form-item ivu-form-item-required ivu-form-item-error"><label class="ivu-form-item-label" style="width: 110px;">雷达链接：</label> <div class="ivu-form-item-content" style="margin-left: 110px;"><div data-v-5fc64bc0="" class="ivu-input-wrapper ivu-input-type" style="width: 320px;"><!----> <!----> <i class="ivu-icon ivu-icon-load-c ivu-load-loop ivu-input-icon ivu-input-icon-validate"></i> <input autocomplete="off" spellcheck="false" type="text" placeholder="请输入雷达链接" class="ivu-input" style="border: 0px;"> <!----></div> <div class="ivu-form-item-error-tip">雷达链接请以http://或https://开头</div></div></div> <div data-v-5fc64bc0="" class="ivu-form-item ivu-form-item-required ivu-form-item-error"><label class="ivu-form-item-label" style="width: 110px;">链接标题：</label> <div class="ivu-form-item-content" style="margin-left: 110px;"><div data-v-5fc64bc0="" class="ivu-input-wrapper ivu-input-type" style="width: 320px;"><!----> <!----> <i class="ivu-icon ivu-icon-load-c ivu-load-loop ivu-input-icon ivu-input-icon-validate"></i> <input autocomplete="off" spellcheck="false" type="text" placeholder="请输入链接标题" class="ivu-input" style="border: 0px;"> <!----></div> <div class="ivu-form-item-error-tip">链接标题不能超过30字</div></div></div> <div data-v-5fc64bc0="" class="ivu-form-item ivu-form-item-required ivu-form-item-error"><label class="ivu-form-item-label" style="width: 110px;">链接摘要：</label> <div class="ivu-form-item-content" style="margin-left: 110px;"><div data-v-5fc64bc0="" class="ivu-input-wrapper ivu-input-type" style="width: 320px;"><textarea wrap="soft" autocomplete="off" spellcheck="false" placeholder="请输入链接摘要" rows="2" class="ivu-input" style="border: 0px;"></textarea></div> <div class="ivu-form-item-error-tip">链接摘要不能超过30字</div></div></div> <div data-v-5fc64bc0="" class="ivu-form-item ivu-form-item-required ivu-form-item-error"><label class="ivu-form-item-label" style="width: 110px;">封面</label> <div class="ivu-form-item-content" style="margin-left: 110px;"><div data-v-5fc64bc0="" class="img"><div data-v-5fc64bc0="" class="img-item"><div data-v-2194efda="" data-v-5fc64bc0=""><button data-v-2194efda="" type="button" class="ivu-btn ivu-btn-primary btn-margin-left">\n    选择封面\n  </button> <!----> <!----></div></div></div> <div class="ivu-form-item-error-tip">封面不能为空</div></div></div> <div data-v-5fc64bc0="" class="ivu-form-item"><label class="ivu-form-item-label" style="width: 110px;">客户标签</label> <div class="ivu-form-item-content" style="margin-left: 110px;"><span data-v-5fc64bc0="" tabindex="0" class="ivu-switch"><input type="hidden" value="false"> <span class="ivu-switch-inner"><!----> </span></span> <!----></div></div> <div data-v-5fc64bc0="" class="ivu-form-item"><!----> <div class="ivu-form-item-content" style="margin-left: 110px;"><div data-v-08e22a4e="" data-v-5fc64bc0="" style="display: none;"><div data-v-08e22a4e="" class="ivu-form-item"><!----> <div class="ivu-form-item-content" style="margin-left: 110px;"><div data-v-08e22a4e="" class="tag-box"><div data-v-08e22a4e="">针对点击雷达的用户，自动打上对应标签</div> <section data-v-4e00c4f8="" data-v-08e22a4e="" class="tags-mange" style="display: inline-block; vertical-align: top; margin-right: 10px;"><div data-v-4e00c4f8="" class="tags-group flex-r fj-between"><button data-v-4e00c4f8="" type="button" class="ivu-btn ivu-btn-primary"><!----> <!----> <span>选择标签</span></button> <!----></div> <!----></section></div> <!----></div></div></div> <!----></div></div> <div data-v-5fc64bc0="" class="ivu-form-item"><!----> <div class="ivu-form-item-content" style="margin-left: 110px;"><button data-v-5fc64bc0="" type="button" class="ivu-btn ivu-btn-primary"><!----> <!----> <span style="border: 0px;">确定\n          </span></button> <button data-v-5fc64bc0="" type="button" class="ivu-btn"><!----> <!----> <span>重置</span></button> <!----></div></div></form></div> <div data-v-5fc64bc0="" class="ivu-col ivu-col-span-7" style="padding-left: 16px; padding-right: 16px;"><div data-v-5fc64bc0="" class="ivu-card ivu-card-bordered"><div class="ivu-card-head"><p><!---->\n            雷达预览\n        </p></div> <!----> <div class="ivu-card-body"><div data-v-4637997c="" data-v-5fc64bc0="" class="radar-preview-layout"><div data-v-4637997c="" class="radar-preview-left"><div data-v-4637997c="" class="radar-preview-title">1234567891234567891234567891234</div> <div data-v-4637997c="" class="radar-preview-desc">1234567891234567891234567891234</div></div> <!----></div></div></div></div></div></div></div></div></div><script src="/s/manifest.min.js?v=e26c10898ae94e5b6be9"></script><script src="/s/lib.ui.min.js?v=2939458c7e52b098a515"></script><script src="/s/lib.vendors.min.js?v=38ee2c2a3a1ea0b78f62"></script><script src="/s/lib.core.min.js?v=ce9da09ae42f5c5d3745"></script><script src="/s/marketing.interactRadar.create.min.js?v=15bb00cf084346935a9c"></script><div data-v-4e00c4f8="" data-transfer="true" class="v-transfer-dom"><div class="ivu-modal-mask" style="display: none;"></div> <div class="ivu-modal-wrap ivu-modal-hidden"><div class="ivu-modal" style="width: 600px; top: 20px; display: none;"><div class="ivu-modal-content"><!----> <div class="ivu-modal-header"><div class="ivu-modal-header-inner">标签管理</div></div> <div class="ivu-modal-body"><form data-v-4e00c4f8="" autocomplete="off" class="tags-form ivu-form ivu-form-label-right"><div data-v-4e00c4f8="" class="ivu-form-item"><label class="ivu-form-item-label" style="width: 120px;">已有标签：</label> <div class="ivu-form-item-content" style="margin-left: 120px;"><p data-v-4e00c4f8="">0个</p> <div data-v-4e00c4f8="" class="tags-wrap flex-c fj-between"><div data-v-4e00c4f8="" class="tags-box"></div> <div data-v-4e00c4f8="" class="flex-r fj-end" style="padding: 4px;"><button data-v-4e00c4f8="" type="button" class="ivu-btn ivu-btn-primary"><!----> <!----> <span>删除标签</span></button></div></div> <!----></div></div> <div data-v-4e00c4f8="" class="ivu-form-item"><label class="ivu-form-item-label" style="width: 120px;">添加标签：</label> <div class="ivu-form-item-content" style="margin-left: 120px;"><div data-v-4e00c4f8="" class="select-wrap flex-r fj-between"><div data-v-4e00c4f8="" class="left"><p data-v-4e00c4f8="" class="title">标签组</p> <div data-v-4e00c4f8="" class="tags-list"><div data-v-4e00c4f8="" class="tags-item active">\n                下订预测推送实验\n              </div><div data-v-4e00c4f8="" class="tags-item">\n                临时人群包\n              </div><div data-v-4e00c4f8="" class="tags-item">\n                现场驻足时间\n              </div><div data-v-4e00c4f8="" class="tags-item">\n                人事专用标签\n              </div><div data-v-4e00c4f8="" class="tags-item">\n                转移客户\n              </div><div data-v-4e00c4f8="" class="tags-item">\n                现场性格\n              </div><div data-v-4e00c4f8="" class="tags-item">\n                线上来源_大客户渠道\n              </div><div data-v-4e00c4f8="" class="tags-item">\n                客户阅读行为\n              </div><div data-v-4e00c4f8="" class="tags-item">\n                预计购车周期\n              </div><div data-v-4e00c4f8="" class="tags-item">\n                服务体验与售后关注点\n              </div><div data-v-4e00c4f8="" class="tags-item">\n                购车预算\n              </div><div data-v-4e00c4f8="" class="tags-item">\n                购车性质（必选）\n              </div><div data-v-4e00c4f8="" class="tags-item">\n                已参与活动\n              </div><div data-v-4e00c4f8="" class="tags-item">\n                订车状态\n              </div><div data-v-4e00c4f8="" class="tags-item">\n                产品吐槽点\n              </div><div data-v-4e00c4f8="" class="tags-item">\n                现有车型品牌\n              </div><div data-v-4e00c4f8="" class="tags-item">\n                社群-（混合域自用）\n              </div><div data-v-4e00c4f8="" class="tags-item">\n                门店体验区域\n              </div><div data-v-4e00c4f8="" class="tags-item">\n                到店意愿\n              </div><div data-v-4e00c4f8="" class="tags-item">\n                用户情绪关注\n              </div><div data-v-4e00c4f8="" class="tags-item">\n                线上来源-微信平台\n              </div><div data-v-4e00c4f8="" class="tags-item">\n                金融偏好\n              </div><div data-v-4e00c4f8="" class="tags-item">\n                线下来源-活动（历史）\n              </div><div data-v-4e00c4f8="" class="tags-item">\n                画像-学历\n              </div><div data-v-4e00c4f8="" class="tags-item">\n                微信投放人群包\n              </div><div data-v-4e00c4f8="" class="tags-item">\n                画像-婚育\n              </div><div data-v-4e00c4f8="" class="tags-item">\n                画像-家庭年收入\n              </div><div data-v-4e00c4f8="" class="tags-item">\n                所在城市\n              </div><div data-v-4e00c4f8="" class="tags-item">\n                画像-家庭孩子情况\n              </div><div data-v-4e00c4f8="" class="tags-item">\n                客户私域状态\n              </div><div data-v-4e00c4f8="" class="tags-item">\n                建群邀请人群包\n              </div><div data-v-4e00c4f8="" class="tags-item">\n                RFQ模型预测\n              </div><div data-v-4e00c4f8="" class="tags-item">\n                线上来源-自有流量\n              </div><div data-v-4e00c4f8="" class="tags-item">\n                线下投放渠道\n              </div><div data-v-4e00c4f8="" class="tags-item">\n                现有车型能源形式\n              </div><div data-v-4e00c4f8="" class="tags-item">\n                意向车型偏好\n              </div><div data-v-4e00c4f8="" class="tags-item">\n                谈吐\n              </div><div data-v-4e00c4f8="" class="tags-item">\n                产品关注点（历史体系）\n              </div><div data-v-4e00c4f8="" class="tags-item">\n                不参与门店活动\n              </div><div data-v-4e00c4f8="" class="tags-item">\n                产品亮点关注（必选）\n              </div><div data-v-4e00c4f8="" class="tags-item">\n                门店客户停留最长时间区域\n              </div><div data-v-4e00c4f8="" class="tags-item">\n                意向购车品牌\n              </div><div data-v-4e00c4f8="" class="tags-item">\n                线上来源-其他流量平台\n              </div><div data-v-4e00c4f8="" class="tags-item">\n                外籍人士\n              </div><div data-v-4e00c4f8="" class="tags-item">\n                价格与权益关注点\n              </div><div data-v-4e00c4f8="" class="tags-item">\n                加C方式\n              </div><div data-v-4e00c4f8="" class="tags-item">\n                画像-年龄\n              </div><div data-v-4e00c4f8="" class="tags-item">\n                订车周期（必选）\n              </div><div data-v-4e00c4f8="" class="tags-item">\n                兴趣标签\n              </div><div data-v-4e00c4f8="" class="tags-item">\n                来源-其他\n              </div><div data-v-4e00c4f8="" class="tags-item">\n                画像-行业\n              </div><div data-v-4e00c4f8="" class="tags-item">\n                形象气质\n              </div><div data-v-4e00c4f8="" class="tags-item">\n                是否知道智己\n              </div><div data-v-4e00c4f8="" class="tags-item">\n                购车意向度（新）\n              </div><div data-v-4e00c4f8="" class="tags-item">\n                购车意向度\n              </div><div data-v-4e00c4f8="" class="tags-item">\n                是否同行\n              </div><div data-v-4e00c4f8="" class="tags-item">\n                其他\n              </div><div data-v-4e00c4f8="" class="tags-item">\n                订单人群\n              </div><div data-v-4e00c4f8="" class="tags-item">\n                昨日新增用户分层推送\n              </div><div data-v-4e00c4f8="" class="tags-item">\n                用户关怀\n              </div><div data-v-4e00c4f8="" class="tags-item">\n                意向车系\n              </div><div data-v-4e00c4f8="" class="tags-item">\n                订单状态\n              </div><div data-v-4e00c4f8="" class="tags-item">\n                订单车系\n              </div><div data-v-4e00c4f8="" class="tags-item">\n                试驾车系\n              </div></div></div> <div data-v-4e00c4f8="" class="right"><p data-v-4e00c4f8="" class="title">标签</p> <div data-v-4e00c4f8="" class="tags-list"><div data-v-4e00c4f8="" class="tags-item"><label data-v-4e00c4f8="" class="ivu-checkbox-wrapper"><span class="ivu-checkbox"><span class="ivu-checkbox-inner"></span> <input type="checkbox" class="ivu-checkbox-input"></span> 实验组_0915</label></div><div data-v-4e00c4f8="" class="tags-item"><label data-v-4e00c4f8="" class="ivu-checkbox-wrapper"><span class="ivu-checkbox"><span class="ivu-checkbox-inner"></span> <input type="checkbox" class="ivu-checkbox-input"></span> 实验组_1021</label></div><div data-v-4e00c4f8="" class="tags-item"><label data-v-4e00c4f8="" class="ivu-checkbox-wrapper"><span class="ivu-checkbox"><span class="ivu-checkbox-inner"></span> <input type="checkbox" class="ivu-checkbox-input"></span> 实验组_1017</label></div><div data-v-4e00c4f8="" class="tags-item"><label data-v-4e00c4f8="" class="ivu-checkbox-wrapper"><span class="ivu-checkbox"><span class="ivu-checkbox-inner"></span> <input type="checkbox" class="ivu-checkbox-input"></span> 实验组_1013</label></div><div data-v-4e00c4f8="" class="tags-item"><label data-v-4e00c4f8="" class="ivu-checkbox-wrapper"><span class="ivu-checkbox"><span class="ivu-checkbox-inner"></span> <input type="checkbox" class="ivu-checkbox-input"></span> 实验组_1010</label></div><div data-v-4e00c4f8="" class="tags-item"><label data-v-4e00c4f8="" class="ivu-checkbox-wrapper"><span class="ivu-checkbox"><span class="ivu-checkbox-inner"></span> <input type="checkbox" class="ivu-checkbox-input"></span> 实验组_0930</label></div><div data-v-4e00c4f8="" class="tags-item"><label data-v-4e00c4f8="" class="ivu-checkbox-wrapper"><span class="ivu-checkbox"><span class="ivu-checkbox-inner"></span> <input type="checkbox" class="ivu-checkbox-input"></span> 实验组_0922</label></div><div data-v-4e00c4f8="" class="tags-item"><label data-v-4e00c4f8="" class="ivu-checkbox-wrapper"><span class="ivu-checkbox"><span class="ivu-checkbox-inner"></span> <input type="checkbox" class="ivu-checkbox-input"></span> 实验组_0919</label></div><div data-v-4e00c4f8="" class="tags-item"><label data-v-4e00c4f8="" class="ivu-checkbox-wrapper"><span class="ivu-checkbox"><span class="ivu-checkbox-inner"></span> <input type="checkbox" class="ivu-checkbox-input"></span> 实验组_0913</label></div></div></div></div> <!----></div></div></form></div> <div class="ivu-modal-footer"><button type="button" class="ivu-btn ivu-btn-text ivu-btn-large"><!----> <!----> <span>取消</span></button> <button type="button" class="ivu-btn ivu-btn-primary ivu-btn-large"><!----> <!----> <span>确定</span></button></div></div></div></div></div></body></html>')
INFO     webdriver_helper:kdt.py:256 assert (i='链接摘要不能超过30字') in (msg='<html><head><meta http-equiv="Content-Type" content="text/html; charset=utf-8"><title>智己汽车</title><meta name="viewport" content="width=device-width,initial-scale=1,user-scalable=no"><meta name="renderer" content="webkit"><link rel="shortcut icon" href="/favicon.ico"><link href="/s/theme_default.min.css" rel="stylesheet"><link href="/s/lib.vendors.min.css?v=02454ce1810946b6696b" rel="stylesheet"><link href="/s/lib.core.min.css?v=02454ce1810946b6696b" rel="stylesheet"></head><body marginwidth="0" marginheight="0"><script>window.AppData = {\n        modules: ["im","ecommerce"],\n        enableUim: true,\n        site: {"title":"智己汽车","organization":"悄悄科技","copyright":"","favicon":"/favicon.ico","logo":"","logo_small":"/img/logo_small.png","url":"http://www.qiaoqiaowan.net","baidu_phone_url":"http://bj.bcebos.com/v1/yapweb/acp/prod/#/","uim":"https://wss-uat.immotors.com","groupTime":5,"timelineTime":10,"regionId":[100000206,100000223,100000196,100000091,100000056,100000244],"upload":{"image":{"size":10240},"video":{"size":10240}}},\n        user: {"id":64564179271680,"username":"19542812247","tenant":{"id":"2665ebc7957448ee86f4f81989c6e7f9","merchantId":"fa87962c-2660-43b1-9f87-11d0bd85e5e2","domain":"zhijiqiche","name":"智己汽车科技有限公司","ctime":1625731676000,"deviceQouta":5,"currentDevice":194,"bizCode":"","clusterId":"","webhookUrl":"","host":"","serverUrl":"tcp://:","httpUrl":"http://:6111","appKey":"defaultAppKey","utime":1673851804000,"bindType":0,"deviceType":2,"cluster":{"im":{"host":"micro_api","port":"8080","timeout":10000},"robot":{"host":"10.53.128.38","port":"8000","timeout":10000},"imGlobal":{"host":"10.53.128.38","port":"8110","timeout":10000},"domain":{"host":"mm-gateway-server","port":"5765","timeout":10000},"ecommerseDomain":{"host":"mm-gateway-server","port":"5765","timeout":10000},"domainGlobal":{"host":"mm-gateway-server","port":"5765","timeout":10000},"druid":{"host":"10.53.128.38","port":8082,"timeout":10000},"tenantLicense":{"host":"micro_api","port":"8080","timeout":10000},"patient":{"host":"mm-gateway-server","port":"5765","timeout":10000}}},"nickname":"神秘人","superUser":false,"sex":0} }</script><div class="main-page"><div class="main-content"><div data-v-5fc64bc0="" data-v-6150f88e="" class="ivu-card ivu-card-bordered"><!----> <!----> <div class="ivu-card-body"><div data-v-5fc64bc0="" class="ivu-row" style="margin-left: -16px; margin-right: -16px;"><div data-v-5fc64bc0="" class="ivu-col ivu-col-span-17" style="padding-left: 16px; padding-right: 16px;"><form data-v-5fc64bc0="" autocomplete="off" class="ivu-form ivu-form-label-right"><div data-v-5fc64bc0="" class="ivu-form-item ivu-form-item-required ivu-form-item-error"><label class="ivu-form-item-label" style="width: 110px;">雷达标题：</label> <div class="ivu-form-item-content" style="margin-left: 110px;"><div data-v-5fc64bc0="" class="ivu-input-wrapper ivu-input-type" style="width: 320px;"><!----> <!----> <i class="ivu-icon ivu-icon-load-c ivu-load-loop ivu-input-icon ivu-input-icon-validate"></i> <input autocomplete="off" spellcheck="false" type="text" placeholder="请输入雷达标题" maxlength="40" class="ivu-input" style="border: 0px;"> <!----></div> <div class="ivu-form-item-error-tip">雷达标题不能超过20字</div></div></div> <div data-v-5fc64bc0="" class="ivu-form-item ivu-form-item-required ivu-form-item-error"><label class="ivu-form-item-label" style="width: 110px;">雷达链接：</label> <div class="ivu-form-item-content" style="margin-left: 110px;"><div data-v-5fc64bc0="" class="ivu-input-wrapper ivu-input-type" style="width: 320px;"><!----> <!----> <i class="ivu-icon ivu-icon-load-c ivu-load-loop ivu-input-icon ivu-input-icon-validate"></i> <input autocomplete="off" spellcheck="false" type="text" placeholder="请输入雷达链接" class="ivu-input" style="border: 0px;"> <!----></div> <div class="ivu-form-item-error-tip">雷达链接请以http://或https://开头</div></div></div> <div data-v-5fc64bc0="" class="ivu-form-item ivu-form-item-required ivu-form-item-error"><label class="ivu-form-item-label" style="width: 110px;">链接标题：</label> <div class="ivu-form-item-content" style="margin-left: 110px;"><div data-v-5fc64bc0="" class="ivu-input-wrapper ivu-input-type" style="width: 320px;"><!----> <!----> <i class="ivu-icon ivu-icon-load-c ivu-load-loop ivu-input-icon ivu-input-icon-validate"></i> <input autocomplete="off" spellcheck="false" type="text" placeholder="请输入链接标题" class="ivu-input" style="border: 0px;"> <!----></div> <div class="ivu-form-item-error-tip">链接标题不能超过30字</div></div></div> <div data-v-5fc64bc0="" class="ivu-form-item ivu-form-item-required ivu-form-item-error"><label class="ivu-form-item-label" style="width: 110px;">链接摘要：</label> <div class="ivu-form-item-content" style="margin-left: 110px;"><div data-v-5fc64bc0="" class="ivu-input-wrapper ivu-input-type" style="width: 320px;"><textarea wrap="soft" autocomplete="off" spellcheck="false" placeholder="请输入链接摘要" rows="2" class="ivu-input" style="border: 0px;"></textarea></div> <div class="ivu-form-item-error-tip">链接摘要不能超过30字</div></div></div> <div data-v-5fc64bc0="" class="ivu-form-item ivu-form-item-required ivu-form-item-error"><label class="ivu-form-item-label" style="width: 110px;">封面</label> <div class="ivu-form-item-content" style="margin-left: 110px;"><div data-v-5fc64bc0="" class="img"><div data-v-5fc64bc0="" class="img-item"><div data-v-2194efda="" data-v-5fc64bc0=""><button data-v-2194efda="" type="button" class="ivu-btn ivu-btn-primary btn-margin-left">\n    选择封面\n  </button> <!----> <!----></div></div></div> <div class="ivu-form-item-error-tip">封面不能为空</div></div></div> <div data-v-5fc64bc0="" class="ivu-form-item"><label class="ivu-form-item-label" style="width: 110px;">客户标签</label> <div class="ivu-form-item-content" style="margin-left: 110px;"><span data-v-5fc64bc0="" tabindex="0" class="ivu-switch"><input type="hidden" value="false"> <span class="ivu-switch-inner"><!----> </span></span> <!----></div></div> <div data-v-5fc64bc0="" class="ivu-form-item"><!----> <div class="ivu-form-item-content" style="margin-left: 110px;"><div data-v-08e22a4e="" data-v-5fc64bc0="" style="display: none;"><div data-v-08e22a4e="" class="ivu-form-item"><!----> <div class="ivu-form-item-content" style="margin-left: 110px;"><div data-v-08e22a4e="" class="tag-box"><div data-v-08e22a4e="">针对点击雷达的用户，自动打上对应标签</div> <section data-v-4e00c4f8="" data-v-08e22a4e="" class="tags-mange" style="display: inline-block; vertical-align: top; margin-right: 10px;"><div data-v-4e00c4f8="" class="tags-group flex-r fj-between"><button data-v-4e00c4f8="" type="button" class="ivu-btn ivu-btn-primary"><!----> <!----> <span>选择标签</span></button> <!----></div> <!----></section></div> <!----></div></div></div> <!----></div></div> <div data-v-5fc64bc0="" class="ivu-form-item"><!----> <div class="ivu-form-item-content" style="margin-left: 110px;"><button data-v-5fc64bc0="" type="button" class="ivu-btn ivu-btn-primary"><!----> <!----> <span style="border: 0px;">确定\n          </span></button> <button data-v-5fc64bc0="" type="button" class="ivu-btn"><!----> <!----> <span>重置</span></button> <!----></div></div></form></div> <div data-v-5fc64bc0="" class="ivu-col ivu-col-span-7" style="padding-left: 16px; padding-right: 16px;"><div data-v-5fc64bc0="" class="ivu-card ivu-card-bordered"><div class="ivu-card-head"><p><!---->\n            雷达预览\n        </p></div> <!----> <div class="ivu-card-body"><div data-v-4637997c="" data-v-5fc64bc0="" class="radar-preview-layout"><div data-v-4637997c="" class="radar-preview-left"><div data-v-4637997c="" class="radar-preview-title">1234567891234567891234567891234</div> <div data-v-4637997c="" class="radar-preview-desc">1234567891234567891234567891234</div></div> <!----></div></div></div></div></div></div></div></div></div><script src="/s/manifest.min.js?v=e26c10898ae94e5b6be9"></script><script src="/s/lib.ui.min.js?v=2939458c7e52b098a515"></script><script src="/s/lib.vendors.min.js?v=38ee2c2a3a1ea0b78f62"></script><script src="/s/lib.core.min.js?v=ce9da09ae42f5c5d3745"></script><script src="/s/marketing.interactRadar.create.min.js?v=15bb00cf084346935a9c"></script><div data-v-4e00c4f8="" data-transfer="true" class="v-transfer-dom"><div class="ivu-modal-mask" style="display: none;"></div> <div class="ivu-modal-wrap ivu-modal-hidden"><div class="ivu-modal" style="width: 600px; top: 20px; display: none;"><div class="ivu-modal-content"><!----> <div class="ivu-modal-header"><div class="ivu-modal-header-inner">标签管理</div></div> <div class="ivu-modal-body"><form data-v-4e00c4f8="" autocomplete="off" class="tags-form ivu-form ivu-form-label-right"><div data-v-4e00c4f8="" class="ivu-form-item"><label class="ivu-form-item-label" style="width: 120px;">已有标签：</label> <div class="ivu-form-item-content" style="margin-left: 120px;"><p data-v-4e00c4f8="">0个</p> <div data-v-4e00c4f8="" class="tags-wrap flex-c fj-between"><div data-v-4e00c4f8="" class="tags-box"></div> <div data-v-4e00c4f8="" class="flex-r fj-end" style="padding: 4px;"><button data-v-4e00c4f8="" type="button" class="ivu-btn ivu-btn-primary"><!----> <!----> <span>删除标签</span></button></div></div> <!----></div></div> <div data-v-4e00c4f8="" class="ivu-form-item"><label class="ivu-form-item-label" style="width: 120px;">添加标签：</label> <div class="ivu-form-item-content" style="margin-left: 120px;"><div data-v-4e00c4f8="" class="select-wrap flex-r fj-between"><div data-v-4e00c4f8="" class="left"><p data-v-4e00c4f8="" class="title">标签组</p> <div data-v-4e00c4f8="" class="tags-list"><div data-v-4e00c4f8="" class="tags-item active">\n                下订预测推送实验\n              </div><div data-v-4e00c4f8="" class="tags-item">\n                临时人群包\n              </div><div data-v-4e00c4f8="" class="tags-item">\n                现场驻足时间\n              </div><div data-v-4e00c4f8="" class="tags-item">\n                人事专用标签\n              </div><div data-v-4e00c4f8="" class="tags-item">\n                转移客户\n              </div><div data-v-4e00c4f8="" class="tags-item">\n                现场性格\n              </div><div data-v-4e00c4f8="" class="tags-item">\n                线上来源_大客户渠道\n              </div><div data-v-4e00c4f8="" class="tags-item">\n                客户阅读行为\n              </div><div data-v-4e00c4f8="" class="tags-item">\n                预计购车周期\n              </div><div data-v-4e00c4f8="" class="tags-item">\n                服务体验与售后关注点\n              </div><div data-v-4e00c4f8="" class="tags-item">\n                购车预算\n              </div><div data-v-4e00c4f8="" class="tags-item">\n                购车性质（必选）\n              </div><div data-v-4e00c4f8="" class="tags-item">\n                已参与活动\n              </div><div data-v-4e00c4f8="" class="tags-item">\n                订车状态\n              </div><div data-v-4e00c4f8="" class="tags-item">\n                产品吐槽点\n              </div><div data-v-4e00c4f8="" class="tags-item">\n                现有车型品牌\n              </div><div data-v-4e00c4f8="" class="tags-item">\n                社群-（混合域自用）\n              </div><div data-v-4e00c4f8="" class="tags-item">\n                门店体验区域\n              </div><div data-v-4e00c4f8="" class="tags-item">\n                到店意愿\n              </div><div data-v-4e00c4f8="" class="tags-item">\n                用户情绪关注\n              </div><div data-v-4e00c4f8="" class="tags-item">\n                线上来源-微信平台\n              </div><div data-v-4e00c4f8="" class="tags-item">\n                金融偏好\n              </div><div data-v-4e00c4f8="" class="tags-item">\n                线下来源-活动（历史）\n              </div><div data-v-4e00c4f8="" class="tags-item">\n                画像-学历\n              </div><div data-v-4e00c4f8="" class="tags-item">\n                微信投放人群包\n              </div><div data-v-4e00c4f8="" class="tags-item">\n                画像-婚育\n              </div><div data-v-4e00c4f8="" class="tags-item">\n                画像-家庭年收入\n              </div><div data-v-4e00c4f8="" class="tags-item">\n                所在城市\n              </div><div data-v-4e00c4f8="" class="tags-item">\n                画像-家庭孩子情况\n              </div><div data-v-4e00c4f8="" class="tags-item">\n                客户私域状态\n              </div><div data-v-4e00c4f8="" class="tags-item">\n                建群邀请人群包\n              </div><div data-v-4e00c4f8="" class="tags-item">\n                RFQ模型预测\n              </div><div data-v-4e00c4f8="" class="tags-item">\n                线上来源-自有流量\n              </div><div data-v-4e00c4f8="" class="tags-item">\n                线下投放渠道\n              </div><div data-v-4e00c4f8="" class="tags-item">\n                现有车型能源形式\n              </div><div data-v-4e00c4f8="" class="tags-item">\n                意向车型偏好\n              </div><div data-v-4e00c4f8="" class="tags-item">\n                谈吐\n              </div><div data-v-4e00c4f8="" class="tags-item">\n                产品关注点（历史体系）\n              </div><div data-v-4e00c4f8="" class="tags-item">\n                不参与门店活动\n              </div><div data-v-4e00c4f8="" class="tags-item">\n                产品亮点关注（必选）\n              </div><div data-v-4e00c4f8="" class="tags-item">\n                门店客户停留最长时间区域\n              </div><div data-v-4e00c4f8="" class="tags-item">\n                意向购车品牌\n              </div><div data-v-4e00c4f8="" class="tags-item">\n                线上来源-其他流量平台\n              </div><div data-v-4e00c4f8="" class="tags-item">\n                外籍人士\n              </div><div data-v-4e00c4f8="" class="tags-item">\n                价格与权益关注点\n              </div><div data-v-4e00c4f8="" class="tags-item">\n                加C方式\n              </div><div data-v-4e00c4f8="" class="tags-item">\n                画像-年龄\n              </div><div data-v-4e00c4f8="" class="tags-item">\n                订车周期（必选）\n              </div><div data-v-4e00c4f8="" class="tags-item">\n                兴趣标签\n              </div><div data-v-4e00c4f8="" class="tags-item">\n                来源-其他\n              </div><div data-v-4e00c4f8="" class="tags-item">\n                画像-行业\n              </div><div data-v-4e00c4f8="" class="tags-item">\n                形象气质\n              </div><div data-v-4e00c4f8="" class="tags-item">\n                是否知道智己\n              </div><div data-v-4e00c4f8="" class="tags-item">\n                购车意向度（新）\n              </div><div data-v-4e00c4f8="" class="tags-item">\n                购车意向度\n              </div><div data-v-4e00c4f8="" class="tags-item">\n                是否同行\n              </div><div data-v-4e00c4f8="" class="tags-item">\n                其他\n              </div><div data-v-4e00c4f8="" class="tags-item">\n                订单人群\n              </div><div data-v-4e00c4f8="" class="tags-item">\n                昨日新增用户分层推送\n              </div><div data-v-4e00c4f8="" class="tags-item">\n                用户关怀\n              </div><div data-v-4e00c4f8="" class="tags-item">\n                意向车系\n              </div><div data-v-4e00c4f8="" class="tags-item">\n                订单状态\n              </div><div data-v-4e00c4f8="" class="tags-item">\n                订单车系\n              </div><div data-v-4e00c4f8="" class="tags-item">\n                试驾车系\n              </div></div></div> <div data-v-4e00c4f8="" class="right"><p data-v-4e00c4f8="" class="title">标签</p> <div data-v-4e00c4f8="" class="tags-list"><div data-v-4e00c4f8="" class="tags-item"><label data-v-4e00c4f8="" class="ivu-checkbox-wrapper"><span class="ivu-checkbox"><span class="ivu-checkbox-inner"></span> <input type="checkbox" class="ivu-checkbox-input"></span> 实验组_0915</label></div><div data-v-4e00c4f8="" class="tags-item"><label data-v-4e00c4f8="" class="ivu-checkbox-wrapper"><span class="ivu-checkbox"><span class="ivu-checkbox-inner"></span> <input type="checkbox" class="ivu-checkbox-input"></span> 实验组_1021</label></div><div data-v-4e00c4f8="" class="tags-item"><label data-v-4e00c4f8="" class="ivu-checkbox-wrapper"><span class="ivu-checkbox"><span class="ivu-checkbox-inner"></span> <input type="checkbox" class="ivu-checkbox-input"></span> 实验组_1017</label></div><div data-v-4e00c4f8="" class="tags-item"><label data-v-4e00c4f8="" class="ivu-checkbox-wrapper"><span class="ivu-checkbox"><span class="ivu-checkbox-inner"></span> <input type="checkbox" class="ivu-checkbox-input"></span> 实验组_1013</label></div><div data-v-4e00c4f8="" class="tags-item"><label data-v-4e00c4f8="" class="ivu-checkbox-wrapper"><span class="ivu-checkbox"><span class="ivu-checkbox-inner"></span> <input type="checkbox" class="ivu-checkbox-input"></span> 实验组_1010</label></div><div data-v-4e00c4f8="" class="tags-item"><label data-v-4e00c4f8="" class="ivu-checkbox-wrapper"><span class="ivu-checkbox"><span class="ivu-checkbox-inner"></span> <input type="checkbox" class="ivu-checkbox-input"></span> 实验组_0930</label></div><div data-v-4e00c4f8="" class="tags-item"><label data-v-4e00c4f8="" class="ivu-checkbox-wrapper"><span class="ivu-checkbox"><span class="ivu-checkbox-inner"></span> <input type="checkbox" class="ivu-checkbox-input"></span> 实验组_0922</label></div><div data-v-4e00c4f8="" class="tags-item"><label data-v-4e00c4f8="" class="ivu-checkbox-wrapper"><span class="ivu-checkbox"><span class="ivu-checkbox-inner"></span> <input type="checkbox" class="ivu-checkbox-input"></span> 实验组_0919</label></div><div data-v-4e00c4f8="" class="tags-item"><label data-v-4e00c4f8="" class="ivu-checkbox-wrapper"><span class="ivu-checkbox"><span class="ivu-checkbox-inner"></span> <input type="checkbox" class="ivu-checkbox-input"></span> 实验组_0913</label></div></div></div></div> <!----></div></div></form></div> <div class="ivu-modal-footer"><button type="button" class="ivu-btn ivu-btn-text ivu-btn-large"><!----> <!----> <span>取消</span></button> <button type="button" class="ivu-btn ivu-btn-primary ivu-btn-large"><!----> <!----> <span>确定</span></button></div></div></div></div></div></body></html>')
INFO     webdriver_helper:kdt.py:256 assert (i='封面不能为空') in (msg='<html><head><meta http-equiv="Content-Type" content="text/html; charset=utf-8"><title>智己汽车</title><meta name="viewport" content="width=device-width,initial-scale=1,user-scalable=no"><meta name="renderer" content="webkit"><link rel="shortcut icon" href="/favicon.ico"><link href="/s/theme_default.min.css" rel="stylesheet"><link href="/s/lib.vendors.min.css?v=02454ce1810946b6696b" rel="stylesheet"><link href="/s/lib.core.min.css?v=02454ce1810946b6696b" rel="stylesheet"></head><body marginwidth="0" marginheight="0"><script>window.AppData = {\n        modules: ["im","ecommerce"],\n        enableUim: true,\n        site: {"title":"智己汽车","organization":"悄悄科技","copyright":"","favicon":"/favicon.ico","logo":"","logo_small":"/img/logo_small.png","url":"http://www.qiaoqiaowan.net","baidu_phone_url":"http://bj.bcebos.com/v1/yapweb/acp/prod/#/","uim":"https://wss-uat.immotors.com","groupTime":5,"timelineTime":10,"regionId":[100000206,100000223,100000196,100000091,100000056,100000244],"upload":{"image":{"size":10240},"video":{"size":10240}}},\n        user: {"id":64564179271680,"username":"19542812247","tenant":{"id":"2665ebc7957448ee86f4f81989c6e7f9","merchantId":"fa87962c-2660-43b1-9f87-11d0bd85e5e2","domain":"zhijiqiche","name":"智己汽车科技有限公司","ctime":1625731676000,"deviceQouta":5,"currentDevice":194,"bizCode":"","clusterId":"","webhookUrl":"","host":"","serverUrl":"tcp://:","httpUrl":"http://:6111","appKey":"defaultAppKey","utime":1673851804000,"bindType":0,"deviceType":2,"cluster":{"im":{"host":"micro_api","port":"8080","timeout":10000},"robot":{"host":"10.53.128.38","port":"8000","timeout":10000},"imGlobal":{"host":"10.53.128.38","port":"8110","timeout":10000},"domain":{"host":"mm-gateway-server","port":"5765","timeout":10000},"ecommerseDomain":{"host":"mm-gateway-server","port":"5765","timeout":10000},"domainGlobal":{"host":"mm-gateway-server","port":"5765","timeout":10000},"druid":{"host":"10.53.128.38","port":8082,"timeout":10000},"tenantLicense":{"host":"micro_api","port":"8080","timeout":10000},"patient":{"host":"mm-gateway-server","port":"5765","timeout":10000}}},"nickname":"神秘人","superUser":false,"sex":0} }</script><div class="main-page"><div class="main-content"><div data-v-5fc64bc0="" data-v-6150f88e="" class="ivu-card ivu-card-bordered"><!----> <!----> <div class="ivu-card-body"><div data-v-5fc64bc0="" class="ivu-row" style="margin-left: -16px; margin-right: -16px;"><div data-v-5fc64bc0="" class="ivu-col ivu-col-span-17" style="padding-left: 16px; padding-right: 16px;"><form data-v-5fc64bc0="" autocomplete="off" class="ivu-form ivu-form-label-right"><div data-v-5fc64bc0="" class="ivu-form-item ivu-form-item-required ivu-form-item-error"><label class="ivu-form-item-label" style="width: 110px;">雷达标题：</label> <div class="ivu-form-item-content" style="margin-left: 110px;"><div data-v-5fc64bc0="" class="ivu-input-wrapper ivu-input-type" style="width: 320px;"><!----> <!----> <i class="ivu-icon ivu-icon-load-c ivu-load-loop ivu-input-icon ivu-input-icon-validate"></i> <input autocomplete="off" spellcheck="false" type="text" placeholder="请输入雷达标题" maxlength="40" class="ivu-input" style="border: 0px;"> <!----></div> <div class="ivu-form-item-error-tip">雷达标题不能超过20字</div></div></div> <div data-v-5fc64bc0="" class="ivu-form-item ivu-form-item-required ivu-form-item-error"><label class="ivu-form-item-label" style="width: 110px;">雷达链接：</label> <div class="ivu-form-item-content" style="margin-left: 110px;"><div data-v-5fc64bc0="" class="ivu-input-wrapper ivu-input-type" style="width: 320px;"><!----> <!----> <i class="ivu-icon ivu-icon-load-c ivu-load-loop ivu-input-icon ivu-input-icon-validate"></i> <input autocomplete="off" spellcheck="false" type="text" placeholder="请输入雷达链接" class="ivu-input" style="border: 0px;"> <!----></div> <div class="ivu-form-item-error-tip">雷达链接请以http://或https://开头</div></div></div> <div data-v-5fc64bc0="" class="ivu-form-item ivu-form-item-required ivu-form-item-error"><label class="ivu-form-item-label" style="width: 110px;">链接标题：</label> <div class="ivu-form-item-content" style="margin-left: 110px;"><div data-v-5fc64bc0="" class="ivu-input-wrapper ivu-input-type" style="width: 320px;"><!----> <!----> <i class="ivu-icon ivu-icon-load-c ivu-load-loop ivu-input-icon ivu-input-icon-validate"></i> <input autocomplete="off" spellcheck="false" type="text" placeholder="请输入链接标题" class="ivu-input" style="border: 0px;"> <!----></div> <div class="ivu-form-item-error-tip">链接标题不能超过30字</div></div></div> <div data-v-5fc64bc0="" class="ivu-form-item ivu-form-item-required ivu-form-item-error"><label class="ivu-form-item-label" style="width: 110px;">链接摘要：</label> <div class="ivu-form-item-content" style="margin-left: 110px;"><div data-v-5fc64bc0="" class="ivu-input-wrapper ivu-input-type" style="width: 320px;"><textarea wrap="soft" autocomplete="off" spellcheck="false" placeholder="请输入链接摘要" rows="2" class="ivu-input" style="border: 0px;"></textarea></div> <div class="ivu-form-item-error-tip">链接摘要不能超过30字</div></div></div> <div data-v-5fc64bc0="" class="ivu-form-item ivu-form-item-required ivu-form-item-error"><label class="ivu-form-item-label" style="width: 110px;">封面</label> <div class="ivu-form-item-content" style="margin-left: 110px;"><div data-v-5fc64bc0="" class="img"><div data-v-5fc64bc0="" class="img-item"><div data-v-2194efda="" data-v-5fc64bc0=""><button data-v-2194efda="" type="button" class="ivu-btn ivu-btn-primary btn-margin-left">\n    选择封面\n  </button> <!----> <!----></div></div></div> <div class="ivu-form-item-error-tip">封面不能为空</div></div></div> <div data-v-5fc64bc0="" class="ivu-form-item"><label class="ivu-form-item-label" style="width: 110px;">客户标签</label> <div class="ivu-form-item-content" style="margin-left: 110px;"><span data-v-5fc64bc0="" tabindex="0" class="ivu-switch"><input type="hidden" value="false"> <span class="ivu-switch-inner"><!----> </span></span> <!----></div></div> <div data-v-5fc64bc0="" class="ivu-form-item"><!----> <div class="ivu-form-item-content" style="margin-left: 110px;"><div data-v-08e22a4e="" data-v-5fc64bc0="" style="display: none;"><div data-v-08e22a4e="" class="ivu-form-item"><!----> <div class="ivu-form-item-content" style="margin-left: 110px;"><div data-v-08e22a4e="" class="tag-box"><div data-v-08e22a4e="">针对点击雷达的用户，自动打上对应标签</div> <section data-v-4e00c4f8="" data-v-08e22a4e="" class="tags-mange" style="display: inline-block; vertical-align: top; margin-right: 10px;"><div data-v-4e00c4f8="" class="tags-group flex-r fj-between"><button data-v-4e00c4f8="" type="button" class="ivu-btn ivu-btn-primary"><!----> <!----> <span>选择标签</span></button> <!----></div> <!----></section></div> <!----></div></div></div> <!----></div></div> <div data-v-5fc64bc0="" class="ivu-form-item"><!----> <div class="ivu-form-item-content" style="margin-left: 110px;"><button data-v-5fc64bc0="" type="button" class="ivu-btn ivu-btn-primary"><!----> <!----> <span style="border: 0px;">确定\n          </span></button> <button data-v-5fc64bc0="" type="button" class="ivu-btn"><!----> <!----> <span>重置</span></button> <!----></div></div></form></div> <div data-v-5fc64bc0="" class="ivu-col ivu-col-span-7" style="padding-left: 16px; padding-right: 16px;"><div data-v-5fc64bc0="" class="ivu-card ivu-card-bordered"><div class="ivu-card-head"><p><!---->\n            雷达预览\n        </p></div> <!----> <div class="ivu-card-body"><div data-v-4637997c="" data-v-5fc64bc0="" class="radar-preview-layout"><div data-v-4637997c="" class="radar-preview-left"><div data-v-4637997c="" class="radar-preview-title">1234567891234567891234567891234</div> <div data-v-4637997c="" class="radar-preview-desc">1234567891234567891234567891234</div></div> <!----></div></div></div></div></div></div></div></div></div><script src="/s/manifest.min.js?v=e26c10898ae94e5b6be9"></script><script src="/s/lib.ui.min.js?v=2939458c7e52b098a515"></script><script src="/s/lib.vendors.min.js?v=38ee2c2a3a1ea0b78f62"></script><script src="/s/lib.core.min.js?v=ce9da09ae42f5c5d3745"></script><script src="/s/marketing.interactRadar.create.min.js?v=15bb00cf084346935a9c"></script><div data-v-4e00c4f8="" data-transfer="true" class="v-transfer-dom"><div class="ivu-modal-mask" style="display: none;"></div> <div class="ivu-modal-wrap ivu-modal-hidden"><div class="ivu-modal" style="width: 600px; top: 20px; display: none;"><div class="ivu-modal-content"><!----> <div class="ivu-modal-header"><div class="ivu-modal-header-inner">标签管理</div></div> <div class="ivu-modal-body"><form data-v-4e00c4f8="" autocomplete="off" class="tags-form ivu-form ivu-form-label-right"><div data-v-4e00c4f8="" class="ivu-form-item"><label class="ivu-form-item-label" style="width: 120px;">已有标签：</label> <div class="ivu-form-item-content" style="margin-left: 120px;"><p data-v-4e00c4f8="">0个</p> <div data-v-4e00c4f8="" class="tags-wrap flex-c fj-between"><div data-v-4e00c4f8="" class="tags-box"></div> <div data-v-4e00c4f8="" class="flex-r fj-end" style="padding: 4px;"><button data-v-4e00c4f8="" type="button" class="ivu-btn ivu-btn-primary"><!----> <!----> <span>删除标签</span></button></div></div> <!----></div></div> <div data-v-4e00c4f8="" class="ivu-form-item"><label class="ivu-form-item-label" style="width: 120px;">添加标签：</label> <div class="ivu-form-item-content" style="margin-left: 120px;"><div data-v-4e00c4f8="" class="select-wrap flex-r fj-between"><div data-v-4e00c4f8="" class="left"><p data-v-4e00c4f8="" class="title">标签组</p> <div data-v-4e00c4f8="" class="tags-list"><div data-v-4e00c4f8="" class="tags-item active">\n                下订预测推送实验\n              </div><div data-v-4e00c4f8="" class="tags-item">\n                临时人群包\n              </div><div data-v-4e00c4f8="" class="tags-item">\n                现场驻足时间\n              </div><div data-v-4e00c4f8="" class="tags-item">\n                人事专用标签\n              </div><div data-v-4e00c4f8="" class="tags-item">\n                转移客户\n              </div><div data-v-4e00c4f8="" class="tags-item">\n                现场性格\n              </div><div data-v-4e00c4f8="" class="tags-item">\n                线上来源_大客户渠道\n              </div><div data-v-4e00c4f8="" class="tags-item">\n                客户阅读行为\n              </div><div data-v-4e00c4f8="" class="tags-item">\n                预计购车周期\n              </div><div data-v-4e00c4f8="" class="tags-item">\n                服务体验与售后关注点\n              </div><div data-v-4e00c4f8="" class="tags-item">\n                购车预算\n              </div><div data-v-4e00c4f8="" class="tags-item">\n                购车性质（必选）\n              </div><div data-v-4e00c4f8="" class="tags-item">\n                已参与活动\n              </div><div data-v-4e00c4f8="" class="tags-item">\n                订车状态\n              </div><div data-v-4e00c4f8="" class="tags-item">\n                产品吐槽点\n              </div><div data-v-4e00c4f8="" class="tags-item">\n                现有车型品牌\n              </div><div data-v-4e00c4f8="" class="tags-item">\n                社群-（混合域自用）\n              </div><div data-v-4e00c4f8="" class="tags-item">\n                门店体验区域\n              </div><div data-v-4e00c4f8="" class="tags-item">\n                到店意愿\n              </div><div data-v-4e00c4f8="" class="tags-item">\n                用户情绪关注\n              </div><div data-v-4e00c4f8="" class="tags-item">\n                线上来源-微信平台\n              </div><div data-v-4e00c4f8="" class="tags-item">\n                金融偏好\n              </div><div data-v-4e00c4f8="" class="tags-item">\n                线下来源-活动（历史）\n              </div><div data-v-4e00c4f8="" class="tags-item">\n                画像-学历\n              </div><div data-v-4e00c4f8="" class="tags-item">\n                微信投放人群包\n              </div><div data-v-4e00c4f8="" class="tags-item">\n                画像-婚育\n              </div><div data-v-4e00c4f8="" class="tags-item">\n                画像-家庭年收入\n              </div><div data-v-4e00c4f8="" class="tags-item">\n                所在城市\n              </div><div data-v-4e00c4f8="" class="tags-item">\n                画像-家庭孩子情况\n              </div><div data-v-4e00c4f8="" class="tags-item">\n                客户私域状态\n              </div><div data-v-4e00c4f8="" class="tags-item">\n                建群邀请人群包\n              </div><div data-v-4e00c4f8="" class="tags-item">\n                RFQ模型预测\n              </div><div data-v-4e00c4f8="" class="tags-item">\n                线上来源-自有流量\n              </div><div data-v-4e00c4f8="" class="tags-item">\n                线下投放渠道\n              </div><div data-v-4e00c4f8="" class="tags-item">\n                现有车型能源形式\n              </div><div data-v-4e00c4f8="" class="tags-item">\n                意向车型偏好\n              </div><div data-v-4e00c4f8="" class="tags-item">\n                谈吐\n              </div><div data-v-4e00c4f8="" class="tags-item">\n                产品关注点（历史体系）\n              </div><div data-v-4e00c4f8="" class="tags-item">\n                不参与门店活动\n              </div><div data-v-4e00c4f8="" class="tags-item">\n                产品亮点关注（必选）\n              </div><div data-v-4e00c4f8="" class="tags-item">\n                门店客户停留最长时间区域\n              </div><div data-v-4e00c4f8="" class="tags-item">\n                意向购车品牌\n              </div><div data-v-4e00c4f8="" class="tags-item">\n                线上来源-其他流量平台\n              </div><div data-v-4e00c4f8="" class="tags-item">\n                外籍人士\n              </div><div data-v-4e00c4f8="" class="tags-item">\n                价格与权益关注点\n              </div><div data-v-4e00c4f8="" class="tags-item">\n                加C方式\n              </div><div data-v-4e00c4f8="" class="tags-item">\n                画像-年龄\n              </div><div data-v-4e00c4f8="" class="tags-item">\n                订车周期（必选）\n              </div><div data-v-4e00c4f8="" class="tags-item">\n                兴趣标签\n              </div><div data-v-4e00c4f8="" class="tags-item">\n                来源-其他\n              </div><div data-v-4e00c4f8="" class="tags-item">\n                画像-行业\n              </div><div data-v-4e00c4f8="" class="tags-item">\n                形象气质\n              </div><div data-v-4e00c4f8="" class="tags-item">\n                是否知道智己\n              </div><div data-v-4e00c4f8="" class="tags-item">\n                购车意向度（新）\n              </div><div data-v-4e00c4f8="" class="tags-item">\n                购车意向度\n              </div><div data-v-4e00c4f8="" class="tags-item">\n                是否同行\n              </div><div data-v-4e00c4f8="" class="tags-item">\n                其他\n              </div><div data-v-4e00c4f8="" class="tags-item">\n                订单人群\n              </div><div data-v-4e00c4f8="" class="tags-item">\n                昨日新增用户分层推送\n              </div><div data-v-4e00c4f8="" class="tags-item">\n                用户关怀\n              </div><div data-v-4e00c4f8="" class="tags-item">\n                意向车系\n              </div><div data-v-4e00c4f8="" class="tags-item">\n                订单状态\n              </div><div data-v-4e00c4f8="" class="tags-item">\n                订单车系\n              </div><div data-v-4e00c4f8="" class="tags-item">\n                试驾车系\n              </div></div></div> <div data-v-4e00c4f8="" class="right"><p data-v-4e00c4f8="" class="title">标签</p> <div data-v-4e00c4f8="" class="tags-list"><div data-v-4e00c4f8="" class="tags-item"><label data-v-4e00c4f8="" class="ivu-checkbox-wrapper"><span class="ivu-checkbox"><span class="ivu-checkbox-inner"></span> <input type="checkbox" class="ivu-checkbox-input"></span> 实验组_0915</label></div><div data-v-4e00c4f8="" class="tags-item"><label data-v-4e00c4f8="" class="ivu-checkbox-wrapper"><span class="ivu-checkbox"><span class="ivu-checkbox-inner"></span> <input type="checkbox" class="ivu-checkbox-input"></span> 实验组_1021</label></div><div data-v-4e00c4f8="" class="tags-item"><label data-v-4e00c4f8="" class="ivu-checkbox-wrapper"><span class="ivu-checkbox"><span class="ivu-checkbox-inner"></span> <input type="checkbox" class="ivu-checkbox-input"></span> 实验组_1017</label></div><div data-v-4e00c4f8="" class="tags-item"><label data-v-4e00c4f8="" class="ivu-checkbox-wrapper"><span class="ivu-checkbox"><span class="ivu-checkbox-inner"></span> <input type="checkbox" class="ivu-checkbox-input"></span> 实验组_1013</label></div><div data-v-4e00c4f8="" class="tags-item"><label data-v-4e00c4f8="" class="ivu-checkbox-wrapper"><span class="ivu-checkbox"><span class="ivu-checkbox-inner"></span> <input type="checkbox" class="ivu-checkbox-input"></span> 实验组_1010</label></div><div data-v-4e00c4f8="" class="tags-item"><label data-v-4e00c4f8="" class="ivu-checkbox-wrapper"><span class="ivu-checkbox"><span class="ivu-checkbox-inner"></span> <input type="checkbox" class="ivu-checkbox-input"></span> 实验组_0930</label></div><div data-v-4e00c4f8="" class="tags-item"><label data-v-4e00c4f8="" class="ivu-checkbox-wrapper"><span class="ivu-checkbox"><span class="ivu-checkbox-inner"></span> <input type="checkbox" class="ivu-checkbox-input"></span> 实验组_0922</label></div><div data-v-4e00c4f8="" class="tags-item"><label data-v-4e00c4f8="" class="ivu-checkbox-wrapper"><span class="ivu-checkbox"><span class="ivu-checkbox-inner"></span> <input type="checkbox" class="ivu-checkbox-input"></span> 实验组_0919</label></div><div data-v-4e00c4f8="" class="tags-item"><label data-v-4e00c4f8="" class="ivu-checkbox-wrapper"><span class="ivu-checkbox"><span class="ivu-checkbox-inner"></span> <input type="checkbox" class="ivu-checkbox-input"></span> 实验组_0913</label></div></div></div></div> <!----></div></div></form></div> <div class="ivu-modal-footer"><button type="button" class="ivu-btn ivu-btn-text ivu-btn-large"><!----> <!----> <span>取消</span></button> <button type="button" class="ivu-btn ivu-btn-primary ivu-btn-large"><!----> <!----> <span>确定</span></button></div></div></div></div></div></body></html>')
INFO     core.until.cases:cases.py:112 测试用例执行结束
INFO     core.until.cases:cases.py:80 测试用例开始执行
INFO     core.until.cases:cases.py:90 解析用例名称:case_name='验证输入完整内容多条件查询', fixture_name='admin_driver'
INFO     core.until.cases:cases.py:103 执行关键字name='点击导航栏互动雷达选项', key='click', args=['/html/body/div[1]/div[1]/div[1]/div[2]/div/ul/li[4]/div/span']
INFO     core.until.cases:cases.py:103 执行关键字name='切换互动雷达主页', key='iframe_enter', args=['//iframe[@src="/marketing/interactRadar/page"]']
INFO     core.until.cases:cases.py:103 执行关键字name='搜索框输入雷达标题', key='input', args=['//label[contains(text(),"雷达标题")]/../div/div/input', 'zdh测试正常创建互动雷达标题']
INFO     core.until.cases:cases.py:103 执行关键字name='搜索框输入创建人用户名', key='input', args=['//label[contains(text(),"创建人")]/../div/div/input', '神秘人']
INFO     core.until.cases:cases.py:103 执行关键字name='点击查询按钮', key='click', args=['//span[contains(text(),"查询")]']
INFO     core.until.cases:cases.py:103 执行关键字name='断言互动雷达信息在列表内', key='assert_text_in_list', args=['//tbody[1]/tr[1]', 'zdh测试正常创建互动雷达标题,zdh测试正常创建互动雷达链接标题,zdh测试正常创建互动雷达链接摘要,神秘人']
INFO     webdriver_helper:kdt.py:290 assert (text=['zdh测试正常创建互动雷达标题', 'zdh测试正常创建互动雷达链接标题', 'zdh测试正常创建互动雷达链接摘要', '神秘人']) in (msg=['zdh测试正常创建互动雷达链接标题', 'zdh测试正常创建互动雷达链接摘要', 'zdh测试正常创建互动雷达标题', '神秘人', '0', '0', '2023-05-11 13:22:50'])
INFO     webdriver_helper:kdt.py:292 assert (i='zdh测试正常创建互动雷达标题') in (msg=['zdh测试正常创建互动雷达链接标题', 'zdh测试正常创建互动雷达链接摘要', 'zdh测试正常创建互动雷达标题', '神秘人', '0', '0', '2023-05-11 13:22:50'])
INFO     webdriver_helper:kdt.py:292 assert (i='zdh测试正常创建互动雷达链接标题') in (msg=['zdh测试正常创建互动雷达链接标题', 'zdh测试正常创建互动雷达链接摘要', 'zdh测试正常创建互动雷达标题', '神秘人', '0', '0', '2023-05-11 13:22:50'])
INFO     webdriver_helper:kdt.py:292 assert (i='zdh测试正常创建互动雷达链接摘要') in (msg=['zdh测试正常创建互动雷达链接标题', 'zdh测试正常创建互动雷达链接摘要', 'zdh测试正常创建互动雷达标题', '神秘人', '0', '0', '2023-05-11 13:22:50'])
INFO     webdriver_helper:kdt.py:292 assert (i='神秘人') in (msg=['zdh测试正常创建互动雷达链接标题', 'zdh测试正常创建互动雷达链接摘要', 'zdh测试正常创建互动雷达标题', '神秘人', '0', '0', '2023-05-11 13:22:50'])
INFO     core.until.cases:cases.py:112 测试用例执行结束
INFO     core.until.cases:cases.py:80 测试用例开始执行
INFO     core.until.cases:cases.py:90 解析用例名称:case_name='验证输入部分内容多条件查询', fixture_name='admin_driver'
INFO     core.until.cases:cases.py:103 执行关键字name='点击导航栏互动雷达选项', key='click', args=['/html/body/div[1]/div[1]/div[1]/div[2]/div/ul/li[4]/div/span']
INFO     core.until.cases:cases.py:103 执行关键字name='切换互动雷达主页', key='iframe_enter', args=['//iframe[@src="/marketing/interactRadar/page"]']
INFO     core.until.cases:cases.py:103 执行关键字name='搜索框输入雷达标题', key='input', args=['//label[contains(text(),"雷达标题")]/../div/div/input', 'zdh']
INFO     core.until.cases:cases.py:103 执行关键字name='搜索框输入创建人用户名', key='input', args=['//label[contains(text(),"创建人")]/../div/div/input', '神']
INFO     core.until.cases:cases.py:103 执行关键字name='点击查询按钮', key='click', args=['//span[contains(text(),"查询")]']
INFO     core.until.cases:cases.py:103 执行关键字name='等待1s', key='sleep', args=[1]
INFO     core.until.cases:cases.py:103 执行关键字name='断言互动雷达信息在列表内', key='assert_text_in_list', args=['//tbody[1]/tr[1]', 'zdh测试正常创建互动雷达标题,zdh测试正常创建互动雷达链接标题,zdh测试正常创建互动雷达链接摘要,神秘人']
INFO     webdriver_helper:kdt.py:290 assert (text=['zdh测试正常创建互动雷达标题', 'zdh测试正常创建互动雷达链接标题', 'zdh测试正常创建互动雷达链接摘要', '神秘人']) in (msg=['zdh测试正常创建互动雷达链接标题', 'zdh测试正常创建互动雷达链接摘要', 'zdh测试正常创建互动雷达标题', '神秘人', '0', '0', '2023-05-11 13:22:50'])
INFO     webdriver_helper:kdt.py:292 assert (i='zdh测试正常创建互动雷达标题') in (msg=['zdh测试正常创建互动雷达链接标题', 'zdh测试正常创建互动雷达链接摘要', 'zdh测试正常创建互动雷达标题', '神秘人', '0', '0', '2023-05-11 13:22:50'])
INFO     webdriver_helper:kdt.py:292 assert (i='zdh测试正常创建互动雷达链接标题') in (msg=['zdh测试正常创建互动雷达链接标题', 'zdh测试正常创建互动雷达链接摘要', 'zdh测试正常创建互动雷达标题', '神秘人', '0', '0', '2023-05-11 13:22:50'])
INFO     webdriver_helper:kdt.py:292 assert (i='zdh测试正常创建互动雷达链接摘要') in (msg=['zdh测试正常创建互动雷达链接标题', 'zdh测试正常创建互动雷达链接摘要', 'zdh测试正常创建互动雷达标题', '神秘人', '0', '0', '2023-05-11 13:22:50'])
INFO     webdriver_helper:kdt.py:292 assert (i='神秘人') in (msg=['zdh测试正常创建互动雷达链接标题', 'zdh测试正常创建互动雷达链接摘要', 'zdh测试正常创建互动雷达标题', '神秘人', '0', '0', '2023-05-11 13:22:50'])
INFO     core.until.cases:cases.py:112 测试用例执行结束
INFO     core.until.cases:cases.py:80 测试用例开始执行
INFO     core.until.cases:cases.py:90 解析用例名称:case_name='验证输入不存在内容多条件查询', fixture_name='admin_driver'
INFO     core.until.cases:cases.py:103 执行关键字name='点击导航栏互动雷达选项', key='click', args=['/html/body/div[1]/div[1]/div[1]/div[2]/div/ul/li[4]/div/span']
INFO     core.until.cases:cases.py:103 执行关键字name='切换互动雷达主页', key='iframe_enter', args=['//iframe[@src="/marketing/interactRadar/page"]']
INFO     core.until.cases:cases.py:103 执行关键字name='搜索框输入雷达标题', key='input', args=['//label[contains(text(),"雷达标题")]/../div/div/input', '￥……￥￥￥#']
INFO     core.until.cases:cases.py:103 执行关键字name='搜索框输入创建人用户名', key='input', args=['//label[contains(text(),"创建人")]/../div/div/input', '嘿嘿嘿']
INFO     core.until.cases:cases.py:103 执行关键字name='点击查询按钮', key='click', args=['//span[contains(text(),"查询")]']
INFO     core.until.cases:cases.py:103 执行关键字name='断言提示信息', key='assert_text', args=['//span[contains(text(),"暂无数据")]', '暂无数据']
INFO     webdriver_helper:kdt.py:225 assert (text='暂无数据') == (element.text='暂无数据')
INFO     core.until.cases:cases.py:112 测试用例执行结束
INFO     core.until.cases:cases.py:80 测试用例开始执行
INFO     core.until.cases:cases.py:90 解析用例名称:case_name='验证输入完整内容单条件查询', fixture_name='admin_driver'
INFO     core.until.cases:cases.py:103 执行关键字name='点击导航栏互动雷达选项', key='click', args=['/html/body/div[1]/div[1]/div[1]/div[2]/div/ul/li[4]/div/span']
INFO     core.until.cases:cases.py:103 执行关键字name='切换互动雷达主页', key='iframe_enter', args=['//iframe[@src="/marketing/interactRadar/page"]']
INFO     core.until.cases:cases.py:103 执行关键字name='搜索框输入雷达标题', key='input', args=['//label[contains(text(),"雷达标题")]/../div/div/input', 'zdh测试正常创建互动雷达标题']
INFO     core.until.cases:cases.py:103 执行关键字name='点击查询按钮', key='click', args=['//span[contains(text(),"查询")]']
INFO     core.until.cases:cases.py:103 执行关键字name='断言互动雷达信息在列表内', key='assert_text_in_list', args=['//tbody[1]/tr[1]', 'zdh测试正常创建互动雷达标题,zdh测试正常创建互动雷达链接标题,zdh测试正常创建互动雷达链接摘要,神秘人']
INFO     webdriver_helper:kdt.py:290 assert (text=['zdh测试正常创建互动雷达标题', 'zdh测试正常创建互动雷达链接标题', 'zdh测试正常创建互动雷达链接摘要', '神秘人']) in (msg=['zdh测试正常创建互动雷达链接标题', 'zdh测试正常创建互动雷达链接摘要', 'zdh测试正常创建互动雷达标题', '神秘人', '0', '0', '2023-05-11 13:22:50'])
INFO     webdriver_helper:kdt.py:292 assert (i='zdh测试正常创建互动雷达标题') in (msg=['zdh测试正常创建互动雷达链接标题', 'zdh测试正常创建互动雷达链接摘要', 'zdh测试正常创建互动雷达标题', '神秘人', '0', '0', '2023-05-11 13:22:50'])
INFO     webdriver_helper:kdt.py:292 assert (i='zdh测试正常创建互动雷达链接标题') in (msg=['zdh测试正常创建互动雷达链接标题', 'zdh测试正常创建互动雷达链接摘要', 'zdh测试正常创建互动雷达标题', '神秘人', '0', '0', '2023-05-11 13:22:50'])
INFO     webdriver_helper:kdt.py:292 assert (i='zdh测试正常创建互动雷达链接摘要') in (msg=['zdh测试正常创建互动雷达链接标题', 'zdh测试正常创建互动雷达链接摘要', 'zdh测试正常创建互动雷达标题', '神秘人', '0', '0', '2023-05-11 13:22:50'])
INFO     webdriver_helper:kdt.py:292 assert (i='神秘人') in (msg=['zdh测试正常创建互动雷达链接标题', 'zdh测试正常创建互动雷达链接摘要', 'zdh测试正常创建互动雷达标题', '神秘人', '0', '0', '2023-05-11 13:22:50'])
INFO     core.until.cases:cases.py:112 测试用例执行结束
INFO     core.until.cases:cases.py:80 测试用例开始执行
INFO     core.until.cases:cases.py:90 解析用例名称:case_name='验证输入部分内容单条件模糊查询', fixture_name='admin_driver'
INFO     core.until.cases:cases.py:103 执行关键字name='点击导航栏互动雷达选项', key='click', args=['/html/body/div[1]/div[1]/div[1]/div[2]/div/ul/li[4]/div/span']
INFO     core.until.cases:cases.py:103 执行关键字name='切换互动雷达主页', key='iframe_enter', args=['//iframe[@src="/marketing/interactRadar/page"]']
INFO     core.until.cases:cases.py:103 执行关键字name='搜索框输入雷达标题', key='input', args=['//label[contains(text(),"雷达标题")]/../div/div/input', 'zdh']
INFO     core.until.cases:cases.py:103 执行关键字name='搜索框回车', key='keyboard_enter', args=['//label[contains(text(),"雷达标题")]/../div/div/input']
INFO     core.until.cases:cases.py:103 执行关键字name='断言互动雷达信息在列表内', key='assert_text_in_list', args=['//tbody[1]/tr[1]', 'zdh测试正常创建互动雷达标题,zdh测试正常创建互动雷达链接标题,zdh测试正常创建互动雷达链接摘要,神秘人']
INFO     webdriver_helper:kdt.py:290 assert (text=['zdh测试正常创建互动雷达标题', 'zdh测试正常创建互动雷达链接标题', 'zdh测试正常创建互动雷达链接摘要', '神秘人']) in (msg=['zdh测试正常创建互动雷达链接标题', 'zdh测试正常创建互动雷达链接摘要', 'zdh测试正常创建互动雷达标题', '神秘人', '0', '0', '2023-05-11 13:22:50'])
INFO     webdriver_helper:kdt.py:292 assert (i='zdh测试正常创建互动雷达标题') in (msg=['zdh测试正常创建互动雷达链接标题', 'zdh测试正常创建互动雷达链接摘要', 'zdh测试正常创建互动雷达标题', '神秘人', '0', '0', '2023-05-11 13:22:50'])
INFO     webdriver_helper:kdt.py:292 assert (i='zdh测试正常创建互动雷达链接标题') in (msg=['zdh测试正常创建互动雷达链接标题', 'zdh测试正常创建互动雷达链接摘要', 'zdh测试正常创建互动雷达标题', '神秘人', '0', '0', '2023-05-11 13:22:50'])
INFO     webdriver_helper:kdt.py:292 assert (i='zdh测试正常创建互动雷达链接摘要') in (msg=['zdh测试正常创建互动雷达链接标题', 'zdh测试正常创建互动雷达链接摘要', 'zdh测试正常创建互动雷达标题', '神秘人', '0', '0', '2023-05-11 13:22:50'])
INFO     webdriver_helper:kdt.py:292 assert (i='神秘人') in (msg=['zdh测试正常创建互动雷达链接标题', 'zdh测试正常创建互动雷达链接摘要', 'zdh测试正常创建互动雷达标题', '神秘人', '0', '0', '2023-05-11 13:22:50'])
INFO     core.until.cases:cases.py:112 测试用例执行结束
INFO     core.until.cases:cases.py:80 测试用例开始执行
INFO     core.until.cases:cases.py:90 解析用例名称:case_name='验证添加雷达渠道功能', fixture_name='admin_driver'
INFO     core.until.cases:cases.py:103 执行关键字name='点击导航栏互动雷达选项', key='click', args=['/html/body/div[1]/div[1]/div[1]/div[2]/div/ul/li[4]/div/span']
INFO     core.until.cases:cases.py:103 执行关键字name='切换互动雷达主页', key='iframe_enter', args=['//iframe[@src="/marketing/interactRadar/page"]']
INFO     core.until.cases:cases.py:103 执行关键字name='搜索框输入雷达标题', key='input', args=['//label[contains(text(),"雷达标题")]/../div/div/input', 'zdh测试正常创建互动雷达标题']
INFO     core.until.cases:cases.py:103 执行关键字name='搜索框输入创建人用户名', key='input', args=['//label[contains(text(),"创建人")]/../div/div/input', '神秘人']
INFO     core.until.cases:cases.py:103 执行关键字name='点击查询按钮', key='click', args=['//span[contains(text(),"查询")]']
INFO     core.until.cases:cases.py:103 执行关键字name='等待', key='sleep', args=[1]
INFO     core.until.cases:cases.py:103 执行关键字name='点击分享按钮', key='click', args=['//tbody[1]/tr/td[1]/div/div/span[2]']
INFO     core.until.cases:cases.py:103 执行关键字name='退出页面', key='iframe_exit', args=[]
INFO     core.until.cases:cases.py:103 执行关键字name='切换雷达渠道页面', key='iframe_enter', args=['//iframe[contains(@src,"/marketing/interactRadar/channel")]']
INFO     core.until.cases:cases.py:103 执行关键字name='点击添加渠道链接按钮', key='click', args=['//span[contains(text(),"添加渠道链接")]']
INFO     core.until.cases:cases.py:103 执行关键字name='退出页面', key='iframe_exit', args=[]
INFO     core.until.cases:cases.py:103 执行关键字name='搜索框输入渠道名称', key='input', args=['//input[contains(@placeholder,"请输入搜索关键词，按回车搜索")]', 'zdh测试雷达渠道']
INFO     core.until.cases:cases.py:103 执行关键字name='搜索框回车', key='keyboard_enter', args=['//input[contains(@placeholder,"请输入搜索关键词，按回车搜索")]']
INFO     core.until.cases:cases.py:103 执行关键字name='点击复选框全选按钮', key='click', args=['//label[contains(text()," 全选")]/span/input']
INFO     core.until.cases:cases.py:103 执行关键字name='点击生成渠道码链接按钮', key='click', args=['//span[contains(text(),"生成渠道码链接")]']
INFO     core.until.cases:cases.py:103 执行关键字name='断言提示信息', key='assert_text', args=['//div[@class="ivu-notice-title"]', '添加成功']
INFO     webdriver_helper:kdt.py:225 assert (text='添加成功') == (element.text='添加成功')
INFO     core.until.cases:cases.py:112 测试用例执行结束
INFO     core.until.cases:cases.py:80 测试用例开始执行
INFO     core.until.cases:cases.py:90 解析用例名称:case_name='验证雷达数据条件查询下拉列表显示雷达渠道选项', fixture_name='admin_driver'
INFO     core.until.cases:cases.py:103 执行关键字name='点击导航栏互动雷达选项', key='click', args=['/html/body/div[1]/div[1]/div[1]/div[2]/div/ul/li[4]/div/span']
INFO     core.until.cases:cases.py:103 执行关键字name='切换互动雷达主页', key='iframe_enter', args=['//iframe[@src="/marketing/interactRadar/page"]']
INFO     core.until.cases:cases.py:103 执行关键字name='搜索框输入雷达标题', key='input', args=['//label[contains(text(),"雷达标题")]/../div/div/input', 'zdh测试正常创建互动雷达标题']
INFO     core.until.cases:cases.py:103 执行关键字name='搜索框输入创建人用户名', key='input', args=['//label[contains(text(),"创建人")]/../div/div/input', '神秘人']
INFO     core.until.cases:cases.py:103 执行关键字name='点击查询按钮', key='click', args=['//span[contains(text(),"查询")]']
INFO     core.until.cases:cases.py:103 执行关键字name='等待', key='sleep', args=[1]
INFO     core.until.cases:cases.py:103 执行关键字name='点击数据按钮', key='click', args=['//tbody[1]/tr/td[1]/div/div/span[1]']
INFO     core.until.cases:cases.py:103 执行关键字name='退出页面', key='iframe_exit', args=[]
INFO     core.until.cases:cases.py:103 执行关键字name='切换雷达数据主页', key='iframe_enter', args=['//iframe[contains(@src,"/marketing/interactRadar/statistic")]']
INFO     core.until.cases:cases.py:103 执行关键字name='断言提示信息', key='assert_mandatory_field', args=['zdh测试雷达渠道']
INFO     webdriver_helper:kdt.py:254 (['zdh测试雷达渠道'])
INFO     webdriver_helper:kdt.py:256 assert (i='zdh测试雷达渠道') in (msg='<html><head><meta http-equiv="Content-Type" content="text/html; charset=utf-8"><title>智己汽车</title><meta name="viewport" content="width=device-width,initial-scale=1,user-scalable=no"><meta name="renderer" content="webkit"><link rel="shortcut icon" href="/favicon.ico"><link href="/s/theme_default.min.css" rel="stylesheet"><link href="/s/lib.vendors.min.css?v=02454ce1810946b6696b" rel="stylesheet"><link href="/s/lib.core.min.css?v=02454ce1810946b6696b" rel="stylesheet"><link href="/s/marketing.interactRadar.statistic.min.css?v=02454ce1810946b6696b" rel="stylesheet"></head><body marginwidth="0" marginheight="0"><script>window.AppData = {\n    modules: ["im","ecommerce"],\n    enableUim: true,\n    site: {"title":"智己汽车","organization":"悄悄科技","copyright":"","favicon":"/favicon.ico","logo":"","logo_small":"/img/logo_small.png","url":"http://www.qiaoqiaowan.net","baidu_phone_url":"http://bj.bcebos.com/v1/yapweb/acp/prod/#/","uim":"https://wss-uat.immotors.com","groupTime":5,"timelineTime":10,"regionId":[100000206,100000223,100000196,100000091,100000056,100000244],"upload":{"image":{"size":10240},"video":{"size":10240}}},\n    employee: {},\n    user: {"id":64564179271680,"username":"19542812247","tenant":{"id":"2665ebc7957448ee86f4f81989c6e7f9","merchantId":"fa87962c-2660-43b1-9f87-11d0bd85e5e2","domain":"zhijiqiche","name":"智己汽车科技有限公司","ctime":1625731676000,"deviceQouta":5,"currentDevice":194,"bizCode":"","clusterId":"","webhookUrl":"","host":"","serverUrl":"tcp://:","httpUrl":"http://:6111","appKey":"defaultAppKey","utime":1673851804000,"bindType":0,"deviceType":2,"cluster":{"im":{"host":"micro_api","port":"8080","timeout":10000},"robot":{"host":"10.53.128.38","port":"8000","timeout":10000},"imGlobal":{"host":"10.53.128.38","port":"8110","timeout":10000},"domain":{"host":"mm-gateway-server","port":"5765","timeout":10000},"ecommerseDomain":{"host":"mm-gateway-server","port":"5765","timeout":10000},"domainGlobal":{"host":"mm-gateway-server","port":"5765","timeout":10000},"druid":{"host":"10.53.128.38","port":8082,"timeout":10000},"tenantLicense":{"host":"micro_api","port":"8080","timeout":10000},"patient":{"host":"mm-gateway-server","port":"5765","timeout":10000}}},"nickname":"神秘人","superUser":false,"sex":0},\n    actions: ["view","create","update","channelDetail","copyLink","createChannelLink","customerClickDetail","deleteChannelLink","qrcode","share","statistic","export","exportChannel","exportCustomer","exportProfile","delete","channelManage","createChannel","copy"],\n    permissions: [{"resourceUri":"dms.device","action":"view","id":53920429277189},{"resourceUri":"dms.device","action":"update","id":53920429277190},{"resourceUri":"dms.device","action":"bind","id":53920429277191},{"resourceUri":"dms.device","action":"view_cloud","id":53920429277192},{"resourceUri":"marketing.enterpriseFans","action":"view","id":53920429539336},{"resourceUri":"marketing.enterpriseFans","action":"create","id":53920429539337},{"resourceUri":"marketing.enterpriseFans","action":"delete","id":53920429539338},{"resourceUri":"marketing.enterpriseFans","action":"update","id":53920429539339},{"resourceUri":"marketing.enterpriseFans","action":"fansLog","id":53920429539340},{"resourceUri":"marketing.enterpriseFans","action":"import","id":53920429539341},{"resourceUri":"marketing.enterpriseFans","action":"fansSet","id":53920429539342},{"resourceUri":"marketing.enterpriseFans","action":"relieve","id":53920429539343},{"resourceUri":"im.relation","action":"view","id":53920429539347},{"resourceUri":"im.relation","action":"update","id":53920429539348},{"resourceUri":"im.group","action":"view","id":53920429539353},{"resourceUri":"im.group","action":"update","id":53920429539354},{"resourceUri":"erp.employee","action":"view","id":53920429539390},{"resourceUri":"erp.employee","action":"create","id":53920429539391},{"resourceUri":"erp.employee","action":"update","id":53920429539392},{"resourceUri":"erp.employee","action":"delete","id":53920429539393},{"resourceUri":"erp.employee","action":"adminChangePassword","id":53920429539394},{"resourceUri":"erp.department","action":"view","id":53920429539396},{"resourceUri":"erp.department","action":"create","id":53920429539397},{"resourceUri":"erp.department","action":"update","id":53920429539398},{"resourceUri":"erp.department","action":"delete","id":53920429539399},{"resourceUri":"auth.role","action":"view","id":53920429539401},{"resourceUri":"auth.role","action":"create","id":53920429539402},{"resourceUri":"auth.role","action":"update","id":53920429539403},{"resourceUri":"auth.role","action":"delete","id":53920429539404},{"resourceUri":"marketing.timeline","action":"create","id":53920429801479},{"resourceUri":"marketing.wxgroup","action":"create","id":53921243234304},{"resourceUri":"marketing.wxgroup","action":"update","id":53921246117888},{"resourceUri":"marketing.wxgroup","action":"details","id":53921250312192},{"resourceUri":"marketing.wxgroup","action":"view","id":53921256603648},{"resourceUri":"system.personal","action":"view","id":53921265254400},{"resourceUri":"erp.employee","action":"dimission","id":53921272332288},{"resourceUri":"marketing.wxgroup","action":"cancel","id":54081208221696},{"resourceUri":"customerservice.userCode","action":"view","id":54852411228160},{"resourceUri":"customerservice.autoKeyword","action":"view","id":54852415160320},{"resourceUri":"customerservice.welcomeSpeech","action":"view","id":54852418043904},{"resourceUri":"customerservice.wordMethod","action":"view","id":54852421189632},{"resourceUri":"customerservice.uim","action":"view","id":54852424073216},{"resourceUri":"im.groupChatManager","action":"view","id":54900551090176},{"resourceUri":"im.blackList","action":"view","id":54900554498048},{"resourceUri":"customerservice.welcomeGroup","action":"view","id":54900557381632},{"resourceUri":"customerservice.individualWordMethod","action":"view","id":55688676802560},{"resourceUri":"im.operationLog","action":"view","id":56482902081536},{"resourceUri":"im.profileRelation","action":"view","id":56542475616256},{"resourceUri":"marketing.timeline","action":"view","id":56543938379776},{"resourceUri":"marketing.timeline","action":"update","id":56543942574080},{"resourceUri":"im.groupChatManager","action":"batchGourpTags","id":56544317702144},{"resourceUri":"im.groupChatManager","action":"batchGourpDesc","id":56544323469312},{"resourceUri":"im.group","action":"delete","id":56870263881728},{"resourceUri":"im.group","action":"copy","id":56870266241024},{"resourceUri":"im.group","action":"recount","id":56870274105344},{"resourceUri":"im.group","action":"create","id":56870276726784},{"resourceUri":"marketing.dataBoard","action":"view","id":57778028445696},{"resourceUri":"im.relation.userInfo","action":"view","id":58467445932032},{"resourceUri":"marketing.channelLiveCode","action":"view","id":62317637435392},{"resourceUri":"marketing.channelLiveCode","action":"batchUpdate","id":62317649231872},{"resourceUri":"marketing.channelLiveCode","action":"delete","id":62317653688320},{"resourceUri":"marketing.personalActivityCode","action":"view","id":62317667581952},{"resourceUri":"marketing.personalActivityCode","action":"create","id":62317672824832},{"resourceUri":"marketing.personalActivityCode","action":"update","id":62317678067712},{"resourceUri":"marketing.personalActivityCode","action":"batchUpdate","id":62317684359168},{"resourceUri":"marketing.personalActivityCode","action":"delete","id":62317688553472},{"resourceUri":"marketing.storeActivityCode","action":"view","id":62317700087808},{"resourceUri":"marketing.storeActivityCode","action":"create","id":62317705068544},{"resourceUri":"marketing.storeActivityCode","action":"update","id":62317710049280},{"resourceUri":"marketing.storeActivityCode","action":"delete","id":62317714767872},{"resourceUri":"customerservice.userCode","action":"create","id":62325470822400},{"resourceUri":"customerservice.userCode","action":"update","id":62325472919552},{"resourceUri":"customerservice.userCode","action":"delete","id":62325474492416},{"resourceUri":"customerservice.autoKeyword","action":"create","id":62325481046016},{"resourceUri":"customerservice.autoKeyword","action":"update","id":62325484191744},{"resourceUri":"customerservice.autoKeyword","action":"delete","id":62325487337472},{"resourceUri":"customerservice.welcomeSpeech","action":"create","id":62325490483200},{"resourceUri":"customerservice.welcomeSpeech","action":"update","id":62325492580352},{"resourceUri":"customerservice.welcomeSpeech","action":"delete","id":62325495463936},{"resourceUri":"customerservice.wordMethod","action":"create","id":62325498085376},{"resourceUri":"customerservice.wordMethod","action":"update","id":62325501755392},{"resourceUri":"customerservice.wordMethod","action":"delete","id":62325504638976},{"resourceUri":"customerservice.welcomeGroup","action":"create","id":62325508308992},{"resourceUri":"customerservice.welcomeGroup","action":"update","id":62325510668288},{"resourceUri":"customerservice.welcomeGroup","action":"delete","id":62325513027584},{"resourceUri":"customerservice.individualWordMethod","action":"create","id":62325515649024},{"resourceUri":"customerservice.individualWordMethod","action":"update","id":62325518270464},{"resourceUri":"customerservice.individualWordMethod","action":"delete","id":62325521416192},{"resourceUri":"marketing.activityCode","action":"create","id":62415602483200},{"resourceUri":"marketing.activityCode","action":"update","id":62415607463936},{"resourceUri":"marketing.activityCode","action":"view","id":62415612706816},{"resourceUri":"marketing.channelLiveCode","action":"statistics","id":63139844227072},{"resourceUri":"marketing.channelLiveCode","action":"batchStatistics","id":63139849469952},{"resourceUri":"marketing.channelLiveCode","action":"batchDelete","id":63139853402112},{"resourceUri":"marketing.channelLiveCode","action":"batchUpdateTag","id":63139860480000},{"resourceUri":"marketing.storeCode","action":"view","id":63140559880192},{"resourceUri":"marketing.storeCode","action":"batchUpdate","id":63140572987392},{"resourceUri":"marketing.storeCode","action":"statistics","id":63140576133120},{"resourceUri":"marketing.storeCode","action":"batchStatistics","id":63140580065280},{"resourceUri":"marketing.storeCode","action":"batchDelete","id":63140590026752},{"resourceUri":"marketing.storeCode","action":"batchUpdateTag","id":63140594221056},{"resourceUri":"marketing.activityCode","action":"batchUpdate","id":63140602871808},{"resourceUri":"marketing.activityCode","action":"statistics","id":63140606279680},{"resourceUri":"marketing.activityCode","action":"batchStatistics","id":63140610998272},{"resourceUri":"marketing.activityCode","action":"batchUpdateTag","id":63140614930432},{"resourceUri":"marketing.activityCode","action":"batchDelete","id":63140618862592},{"resourceUri":"marketing.storeActivityCode","action":"batchUpdate","id":63140627775488},{"resourceUri":"marketing.storeActivityCode","action":"statistics","id":63140631445504},{"resourceUri":"marketing.storeActivityCode","action":"batchStatistics","id":63140635377664},{"resourceUri":"marketing.storeActivityCode","action":"batchUpdateTag","id":63140638523392},{"resourceUri":"marketing.personalActivityCode","action":"statistics","id":63140645863424},{"resourceUri":"marketing.personalActivityCode","action":"batchStatistics","id":63140649533440},{"resourceUri":"marketing.personalActivityCode","action":"batchDelete","id":63140652679168},{"resourceUri":"marketing.personalActivityCode","action":"batchUpdateTag","id":63140655824896},{"resourceUri":"marketing.storeActivityCode","action":"batchDelete","id":63140684136448},{"resourceUri":"marketing.lbsTool","action":"view","id":63929096110080},{"resourceUri":"marketing.lbsTool","action":"create","id":63929098469376},{"resourceUri":"marketing.lbsTool","action":"update","id":63929100304384},{"resourceUri":"marketing.lbsTool","action":"batchUpdate","id":63929104760832},{"resourceUri":"marketing.lbsTool","action":"batchUpdateTag","id":63929109741568},{"resourceUri":"marketing.lbsTool","action":"statistics","id":63929113673728},{"resourceUri":"marketing.lbsTool","action":"batchStatistics","id":63929116819456},{"resourceUri":"marketing.lbsTool","action":"batchDelete","id":63929121538048},{"resourceUri":"marketing.lbsTool","action":"userDetail","id":63929126518784},{"resourceUri":"marketing.lbsTool","action":"delete","id":63929130713088},{"resourceUri":"marketing.lbsTool","action":"download","id":63929132548096},{"resourceUri":"marketing.timelinePc","action":"view","id":64023199252480},{"resourceUri":"marketing.timelinePc","action":"create","id":64023202136064},{"resourceUri":"marketing.timelinePc","action":"update","id":64023204757504},{"resourceUri":"marketing.timelinePc","action":"cancel","id":64023207641088},{"resourceUri":"marketing.timelinePc","action":"details","id":64023229923328},{"resourceUri":"marketing.interactRadar","action":"view","id":64703968083968},{"resourceUri":"marketing.interactRadar","action":"create","id":64703970443264},{"resourceUri":"marketing.interactRadar","action":"update","id":64703973064704},{"resourceUri":"marketing.interactRadar","action":"channelDetail","id":64703978307584},{"resourceUri":"marketing.interactRadar","action":"copyLink","id":64703982239744},{"resourceUri":"marketing.interactRadar","action":"createChannelLink","id":64703987220480},{"resourceUri":"marketing.interactRadar","action":"customerClickDetail","id":64703990890496},{"resourceUri":"marketing.interactRadar","action":"deleteChannelLink","id":64703995346944},{"resourceUri":"marketing.interactRadar","action":"qrcode","id":64703998754816},{"resourceUri":"marketing.interactRadar","action":"share","id":64704002162688},{"resourceUri":"marketing.interactRadar","action":"statistic","id":64704005308416},{"resourceUri":"marketing.interactRadar","action":"export","id":64704009240576},{"resourceUri":"marketing.interactRadar","action":"exportChannel","id":64704012910592},{"resourceUri":"marketing.interactRadar","action":"exportCustomer","id":64704016318464},{"resourceUri":"marketing.interactRadar","action":"exportProfile","id":64704020512768},{"resourceUri":"marketing.interactRadar","action":"delete","id":64722394972160},{"resourceUri":"dms.devicePc","action":"view","id":64791401758720},{"resourceUri":"dms.devicePc","action":"update","id":64791403855872},{"resourceUri":"dms.devicePc","action":"bind","id":64791405953024},{"resourceUri":"dms.devicePc","action":"view_cloud","id":64791411458048},{"resourceUri":"marketing.interactRadar","action":"channelManage","id":65786063126528},{"resourceUri":"marketing.interactRadar","action":"createChannel","id":65786069417984},{"resourceUri":"marketing.interactRadar","action":"copy","id":65786074923008},{"resourceUri":"marketing.wxgroup","action":"reSend","id":67486487183360}],\n    domain: {"id":"69138112872448"} }</script><div class="main-page"><div class="main-content"><div data-v-6ef48cd8=""><div data-v-6ef48cd8="" class="ivu-card ivu-card-bordered"><!----> <!----> <div class="ivu-card-body"><div data-v-6ef48cd8="" class="ivu-row" style="margin-left: -12px; margin-right: -12px;"><div data-v-6ef48cd8="" class="ivu-col ivu-col-span-6" style="padding-left: 12px; padding-right: 12px;"><div data-v-6ef48cd8="" class="ivu-card ivu-card-bordered"><div class="ivu-card-head"><p><!---->\n            雷达预览\n        </p></div> <!----> <div class="ivu-card-body"><div data-v-4637997c="" data-v-6ef48cd8="" class="radar-preview-layout stat-container"><div data-v-4637997c="" class="radar-preview-left"><div data-v-4637997c="" class="radar-preview-title">zdh测试正常创建互动雷达链接标题</div> <div data-v-4637997c="" class="radar-preview-desc">zdh测试正常创建互动雷达链接摘要</div></div> <img data-v-4637997c="" src="http://oss-im-iss-uat.oss-cn-shanghai.aliyuncs.com/eddf67cdcb4c16539d6431079c251738-1683356638439.jpg" alt="" class="radar-preview-cover"></div></div></div></div> <div data-v-6ef48cd8="" class="ivu-col ivu-col-span-18" style="padding-left: 12px; padding-right: 12px;"><div data-v-6ef48cd8="" class="ivu-card ivu-card-bordered"><div class="ivu-card-head"><p><!---->\n            数据总览\n        </p></div> <div class="ivu-card-extra"><div data-v-6ef48cd8="" class="ivu-tooltip"><div class="ivu-tooltip-rel"><i data-v-6ef48cd8="" class="ivu-icon ivu-icon-ios-help-outline" style="font-size: 20px;"></i></div> <div class="ivu-tooltip-popper" style="display: none; position: absolute; will-change: top, left; top: 23px; left: 0px;" x-placement="left-end"><div class="ivu-tooltip-content"><div class="ivu-tooltip-arrow"></div> <div class="ivu-tooltip-inner">（好友数据/非好友数据）</div></div></div></div></div> <div class="ivu-card-body"> <div data-v-6ef48cd8="" class="stat-container ivu-row"><div data-v-6ef48cd8="" class="stat-count-item ivu-col ivu-col-span-4"><div data-v-6ef48cd8="" class="stat-count-number">0</div> <div data-v-6ef48cd8="">推送总人数</div></div> <div data-v-6ef48cd8="" class="stat-count-item ivu-col ivu-col-span-4"><div data-v-6ef48cd8="" class="stat-count-number">0(<p data-v-6ef48cd8="" class="num">0</p>/<p data-v-6ef48cd8="" class="num">\n                0</p>)</div> <div data-v-6ef48cd8="">总点击人数</div></div> <div data-v-6ef48cd8="" class="stat-count-item ivu-col ivu-col-span-4"><div data-v-6ef48cd8="" class="stat-count-number">0(<p data-v-6ef48cd8="" class="num">0</p>/<p data-v-6ef48cd8="" class="num">0</p>)</div> <div data-v-6ef48cd8="">总点击次数</div></div> <div data-v-6ef48cd8="" class="stat-count-item ivu-col ivu-col-span-4"><div data-v-6ef48cd8="" class="stat-count-number">0</div> <div data-v-6ef48cd8="">今日推送总人数</div></div> <div data-v-6ef48cd8="" class="stat-count-item ivu-col ivu-col-span-4"><div data-v-6ef48cd8="" class="stat-count-number">0(<p data-v-6ef48cd8="" class="num">0</p>/<p data-v-6ef48cd8="" class="num">0</p>)</div> <div data-v-6ef48cd8="">今日点击人数</div></div> <div data-v-6ef48cd8="" class="stat-count-item ivu-col ivu-col-span-4"><div data-v-6ef48cd8="" class="stat-count-number">0(<p data-v-6ef48cd8="" class="num">0</p>/<p data-v-6ef48cd8="" class="num">0</p>)</div> <div data-v-6ef48cd8="">今日点击次数</div></div></div></div></div></div></div></div></div> <div data-v-6ef48cd8="" class="mt-16 ivu-card ivu-card-bordered"><div class="ivu-card-head"><p><!---->\n            UV&amp;PV\n        </p></div> <!----> <div class="ivu-card-body"><div data-v-6a917631="" data-v-6ef48cd8=""><div data-v-6a917631="" class="mt-16"><div data-v-6a917631="" class="ivu-row"><div data-v-6a917631="" class="ivu-col ivu-col-span-md-24 ivu-col-span-lg-3"><div data-v-6a917631="" class="ivu-btn-group"><button data-v-6a917631="" type="button" class="ivu-btn ivu-btn-primary"><!----> <!----> <span>\n            最近14天\n          </span></button><button data-v-6a917631="" type="button" class="ivu-btn ivu-btn-ghost"><!----> <!----> <span>\n            最近1个月\n          </span></button></div></div> <div data-v-6a917631="" class="ivu-col ivu-col-span-md-24 ivu-col-span-lg-21"><div data-v-6a917631="" class="ivu-row-flex ivu-row-flex-start"><div data-v-6a917631="" class="ivu-col ivu-col-span-xs-24 ivu-col-span-sm-24 ivu-col-span-md-12 ivu-col-span-lg-8" style="margin-top: 10px;"><span data-v-6a917631="" class="label">点击日期:</span> <div data-v-6a917631="" class="ivu-date-picker" style="width: 95%;"><div class="ivu-date-picker-rel"><div class="ivu-input-wrapper ivu-input-type ivu-date-picker-editor"><!----> <i class="ivu-icon ivu-icon-ios-calendar-outline ivu-input-icon ivu-input-icon-normal"></i> <!----> <input autocomplete="off" spellcheck="false" type="text" placeholder="请选择日期范围" class="ivu-input"> <!----></div></div> <div class="ivu-select-dropdown" style="display: none;"><div><div class="ivu-picker-panel-body-wrapper ivu-date-picker-with-range" steps=""><!----> <div class="ivu-picker-panel-body ivu-picker-panel-body-date"><div class="ivu-picker-panel-content ivu-picker-panel-content-left"><div class="ivu-date-picker-header"><span class="ivu-picker-panel-icon-btn ivu-date-picker-prev-btn ivu-date-picker-prev-btn-arrow-double"><i class="ivu-icon ivu-icon-ios-arrow-left"></i></span> <span class="ivu-picker-panel-icon-btn ivu-date-picker-prev-btn ivu-date-picker-prev-btn-arrow"><i class="ivu-icon ivu-icon-ios-arrow-left"></i></span> <span><span class="ivu-date-picker-header-label">2023年</span>   <span class="ivu-date-picker-header-label">5月</span></span> <!----> <!----></div> <div class="ivu-date-picker-cells"><div class="ivu-date-picker-cells-header"><span>\n            日\n        </span><span>\n            一\n        </span><span>\n            二\n        </span><span>\n            三\n        </span><span>\n            四\n        </span><span>\n            五\n        </span><span>\n            六\n        </span></div> <span class="ivu-date-picker-cells-cell ivu-date-picker-cells-cell-prev-month"><em>30</em></span><span class="ivu-date-picker-cells-cell"><em>1</em></span><span class="ivu-date-picker-cells-cell"><em>2</em></span><span class="ivu-date-picker-cells-cell"><em>3</em></span><span class="ivu-date-picker-cells-cell"><em>4</em></span><span class="ivu-date-picker-cells-cell"><em>5</em></span><span class="ivu-date-picker-cells-cell"><em>6</em></span><span class="ivu-date-picker-cells-cell"><em>7</em></span><span class="ivu-date-picker-cells-cell"><em>8</em></span><span class="ivu-date-picker-cells-cell"><em>9</em></span><span class="ivu-date-picker-cells-cell"><em>10</em></span><span class="ivu-date-picker-cells-cell ivu-date-picker-cells-cell-today ivu-date-picker-cells-focused"><em>11</em></span><span class="ivu-date-picker-cells-cell ivu-date-picker-cells-cell-disabled"><em>12</em></span><span class="ivu-date-picker-cells-cell ivu-date-picker-cells-cell-disabled"><em>13</em></span><span class="ivu-date-picker-cells-cell ivu-date-picker-cells-cell-disabled"><em>14</em></span><span class="ivu-date-picker-cells-cell ivu-date-picker-cells-cell-disabled"><em>15</em></span><span class="ivu-date-picker-cells-cell ivu-date-picker-cells-cell-disabled"><em>16</em></span><span class="ivu-date-picker-cells-cell ivu-date-picker-cells-cell-disabled"><em>17</em></span><span class="ivu-date-picker-cells-cell ivu-date-picker-cells-cell-disabled"><em>18</em></span><span class="ivu-date-picker-cells-cell ivu-date-picker-cells-cell-disabled"><em>19</em></span><span class="ivu-date-picker-cells-cell ivu-date-picker-cells-cell-disabled"><em>20</em></span><span class="ivu-date-picker-cells-cell ivu-date-picker-cells-cell-disabled"><em>21</em></span><span class="ivu-date-picker-cells-cell ivu-date-picker-cells-cell-disabled"><em>22</em></span><span class="ivu-date-picker-cells-cell ivu-date-picker-cells-cell-disabled"><em>23</em></span><span class="ivu-date-picker-cells-cell ivu-date-picker-cells-cell-disabled"><em>24</em></span><span class="ivu-date-picker-cells-cell ivu-date-picker-cells-cell-disabled"><em>25</em></span><span class="ivu-date-picker-cells-cell ivu-date-picker-cells-cell-disabled"><em>26</em></span><span class="ivu-date-picker-cells-cell ivu-date-picker-cells-cell-disabled"><em>27</em></span><span class="ivu-date-picker-cells-cell ivu-date-picker-cells-cell-disabled"><em>28</em></span><span class="ivu-date-picker-cells-cell ivu-date-picker-cells-cell-disabled"><em>29</em></span><span class="ivu-date-picker-cells-cell ivu-date-picker-cells-cell-disabled"><em>30</em></span><span class="ivu-date-picker-cells-cell ivu-date-picker-cells-cell-disabled"><em>31</em></span><span class="ivu-date-picker-cells-cell ivu-date-picker-cells-cell-disabled ivu-date-picker-cells-cell-next-month"><em>1</em></span><span class="ivu-date-picker-cells-cell ivu-date-picker-cells-cell-disabled ivu-date-picker-cells-cell-next-month"><em>2</em></span><span class="ivu-date-picker-cells-cell ivu-date-picker-cells-cell-disabled ivu-date-picker-cells-cell-next-month"><em>3</em></span><span class="ivu-date-picker-cells-cell ivu-date-picker-cells-cell-disabled ivu-date-picker-cells-cell-next-month"><em>4</em></span><span class="ivu-date-picker-cells-cell ivu-date-picker-cells-cell-disabled ivu-date-picker-cells-cell-next-month"><em>5</em></span><span class="ivu-date-picker-cells-cell ivu-date-picker-cells-cell-disabled ivu-date-picker-cells-cell-next-month"><em>6</em></span><span class="ivu-date-picker-cells-cell ivu-date-picker-cells-cell-disabled ivu-date-picker-cells-cell-next-month"><em>7</em></span><span class="ivu-date-picker-cells-cell ivu-date-picker-cells-cell-disabled ivu-date-picker-cells-cell-next-month"><em>8</em></span><span class="ivu-date-picker-cells-cell ivu-date-picker-cells-cell-disabled ivu-date-picker-cells-cell-next-month"><em>9</em></span><span class="ivu-date-picker-cells-cell ivu-date-picker-cells-cell-disabled ivu-date-picker-cells-cell-next-month"><em>10</em></span></div></div> <div class="ivu-picker-panel-content ivu-picker-panel-content-right"><div class="ivu-date-picker-header"><!----> <!----> <span><span class="ivu-date-picker-header-label">2023年</span>   <span class="ivu-date-picker-header-label">6月</span></span> <span class="ivu-picker-panel-icon-btn ivu-date-picker-next-btn ivu-date-picker-next-btn-arrow-double"><i class="ivu-icon ivu-icon-ios-arrow-right"></i></span> <span class="ivu-picker-panel-icon-btn ivu-date-picker-next-btn ivu-date-picker-next-btn-arrow"><i class="ivu-icon ivu-icon-ios-arrow-right"></i></span></div> <div class="ivu-date-picker-cells"><div class="ivu-date-picker-cells-header"><span>\n            日\n        </span><span>\n            一\n        </span><span>\n            二\n        </span><span>\n            三\n        </span><span>\n            四\n        </span><span>\n            五\n        </span><span>\n            六\n        </span></div> <span class="ivu-date-picker-cells-cell ivu-date-picker-cells-cell-disabled ivu-date-picker-cells-cell-prev-month"><em>28</em></span><span class="ivu-date-picker-cells-cell ivu-date-picker-cells-cell-disabled ivu-date-picker-cells-cell-prev-month"><em>29</em></span><span class="ivu-date-picker-cells-cell ivu-date-picker-cells-cell-disabled ivu-date-picker-cells-cell-prev-month"><em>30</em></span><span class="ivu-date-picker-cells-cell ivu-date-picker-cells-cell-disabled ivu-date-picker-cells-cell-prev-month"><em>31</em></span><span class="ivu-date-picker-cells-cell ivu-date-picker-cells-cell-disabled"><em>1</em></span><span class="ivu-date-picker-cells-cell ivu-date-picker-cells-cell-disabled"><em>2</em></span><span class="ivu-date-picker-cells-cell ivu-date-picker-cells-cell-disabled"><em>3</em></span><span class="ivu-date-picker-cells-cell ivu-date-picker-cells-cell-disabled"><em>4</em></span><span class="ivu-date-picker-cells-cell ivu-date-picker-cells-cell-disabled"><em>5</em></span><span class="ivu-date-picker-cells-cell ivu-date-picker-cells-cell-disabled"><em>6</em></span><span class="ivu-date-picker-cells-cell ivu-date-picker-cells-cell-disabled"><em>7</em></span><span class="ivu-date-picker-cells-cell ivu-date-picker-cells-cell-disabled"><em>8</em></span><span class="ivu-date-picker-cells-cell ivu-date-picker-cells-cell-disabled"><em>9</em></span><span class="ivu-date-picker-cells-cell ivu-date-picker-cells-cell-disabled"><em>10</em></span><span class="ivu-date-picker-cells-cell ivu-date-picker-cells-cell-disabled"><em>11</em></span><span class="ivu-date-picker-cells-cell ivu-date-picker-cells-cell-disabled"><em>12</em></span><span class="ivu-date-picker-cells-cell ivu-date-picker-cells-cell-disabled"><em>13</em></span><span class="ivu-date-picker-cells-cell ivu-date-picker-cells-cell-disabled"><em>14</em></span><span class="ivu-date-picker-cells-cell ivu-date-picker-cells-cell-disabled"><em>15</em></span><span class="ivu-date-picker-cells-cell ivu-date-picker-cells-cell-disabled"><em>16</em></span><span class="ivu-date-picker-cells-cell ivu-date-picker-cells-cell-disabled"><em>17</em></span><span class="ivu-date-picker-cells-cell ivu-date-picker-cells-cell-disabled"><em>18</em></span><span class="ivu-date-picker-cells-cell ivu-date-picker-cells-cell-disabled"><em>19</em></span><span class="ivu-date-picker-cells-cell ivu-date-picker-cells-cell-disabled"><em>20</em></span><span class="ivu-date-picker-cells-cell ivu-date-picker-cells-cell-disabled"><em>21</em></span><span class="ivu-date-picker-cells-cell ivu-date-picker-cells-cell-disabled"><em>22</em></span><span class="ivu-date-picker-cells-cell ivu-date-picker-cells-cell-disabled"><em>23</em></span><span class="ivu-date-picker-cells-cell ivu-date-picker-cells-cell-disabled"><em>24</em></span><span class="ivu-date-picker-cells-cell ivu-date-picker-cells-cell-disabled"><em>25</em></span><span class="ivu-date-picker-cells-cell ivu-date-picker-cells-cell-disabled"><em>26</em></span><span class="ivu-date-picker-cells-cell ivu-date-picker-cells-cell-disabled"><em>27</em></span><span class="ivu-date-picker-cells-cell ivu-date-picker-cells-cell-disabled"><em>28</em></span><span class="ivu-date-picker-cells-cell ivu-date-picker-cells-cell-disabled"><em>29</em></span><span class="ivu-date-picker-cells-cell ivu-date-picker-cells-cell-disabled"><em>30</em></span><span class="ivu-date-picker-cells-cell ivu-date-picker-cells-cell-disabled ivu-date-picker-cells-cell-next-month"><em>1</em></span><span class="ivu-date-picker-cells-cell ivu-date-picker-cells-cell-disabled ivu-date-picker-cells-cell-next-month"><em>2</em></span><span class="ivu-date-picker-cells-cell ivu-date-picker-cells-cell-disabled ivu-date-picker-cells-cell-next-month"><em>3</em></span><span class="ivu-date-picker-cells-cell ivu-date-picker-cells-cell-disabled ivu-date-picker-cells-cell-next-month"><em>4</em></span><span class="ivu-date-picker-cells-cell ivu-date-picker-cells-cell-disabled ivu-date-picker-cells-cell-next-month"><em>5</em></span><span class="ivu-date-picker-cells-cell ivu-date-picker-cells-cell-disabled ivu-date-picker-cells-cell-next-month"><em>6</em></span><span class="ivu-date-picker-cells-cell ivu-date-picker-cells-cell-disabled ivu-date-picker-cells-cell-next-month"><em>7</em></span><span class="ivu-date-picker-cells-cell ivu-date-picker-cells-cell-disabled ivu-date-picker-cells-cell-next-month"><em>8</em></span></div></div> <div class="ivu-picker-panel-content" style="display: none;"><!----></div> <!----></div></div></div></div></div></div> <div data-v-6a917631="" class="ivu-col ivu-col-span-xs-24 ivu-col-span-sm-24 ivu-col-span-md-12 ivu-col-span-lg-8" style="margin-top: 10px;"><span data-v-6a917631="" class="label">任务类型:</span> <div data-v-6a917631="" class="ivu-select ivu-select-multiple" style="width: 95%;"><div tabindex="-1" class="ivu-select-selection"><input type="hidden"> <div> <span class="" style="display: none;"></span> <input type="text" placeholder="请选择" autocomplete="off" spellcheck="false" class="ivu-select-input" style="width: 100%;"> <!----> <i class="ivu-icon ivu-icon-arrow-down-b ivu-select-arrow"></i></div></div> <div class="ivu-select-dropdown" style="display: none;"><ul class="ivu-select-not-found" style="display: none;"><li>无匹配数据</li></ul> <ul class="ivu-select-dropdown-list"><li data-v-6a917631="" class="ivu-select-item">1v1群聊</li><li data-v-6a917631="" class="ivu-select-item">群发群聊</li><li data-v-6a917631="" class="ivu-select-item">添加好友欢迎语</li><li data-v-6a917631="" class="ivu-select-item">关键词回复</li><li data-v-6a917631="" class="ivu-select-item">个人话术</li><li data-v-6a917631="" class="ivu-select-item">企业话术</li><li data-v-6a917631="" class="ivu-select-item">入群欢迎语</li><li data-v-6a917631="" class="ivu-select-item">短链接</li><li data-v-6a917631="" class="ivu-select-item">侧边栏发群</li><li data-v-6a917631="" class="ivu-select-item">侧边栏发个人</li><li data-v-6a917631="" class="ivu-select-item">其他</li></ul> <ul class="ivu-select-loading" style="display: none;">加载中</ul></div></div></div> <div data-v-6a917631="" class="ivu-col ivu-col-span-xs-24 ivu-col-span-sm-24 ivu-col-span-md-12 ivu-col-span-lg-8" style="margin-top: 10px;"><span data-v-6a917631="" class="label">渠道:</span> <div data-v-6a917631="" class="ivu-select ivu-select-multiple" style="width: 95%;"><div tabindex="-1" class="ivu-select-selection"><input type="hidden"> <div> <span class="" style="display: none;"></span> <input type="text" placeholder="请选择" autocomplete="off" spellcheck="false" class="ivu-select-input" style="width: 100%;"> <!----> <i class="ivu-icon ivu-icon-arrow-down-b ivu-select-arrow"></i></div></div> <div class="ivu-select-dropdown" style="display: none;"><ul class="ivu-select-not-found" style="display: none;"><li>无匹配数据</li></ul> <ul class="ivu-select-dropdown-list"><li data-v-6a917631="" class="ivu-select-item">zdh测试雷达渠道</li></ul> <ul class="ivu-select-loading" style="display: none;">加载中</ul></div></div></div> <div data-v-6a917631="" class="ivu-col ivu-col-span-xs-24 ivu-col-span-sm-24 ivu-col-span-md-12 ivu-col-span-lg-8" style="margin-top: 10px;"><span data-v-6a917631="" class="label">雷达推送时间:</span> <div data-v-6a917631="" class="ivu-date-picker" style="width: 95%;"><div class="ivu-date-picker-rel"><div class="ivu-input-wrapper ivu-input-type ivu-date-picker-editor"><!----> <i class="ivu-icon ivu-icon-ios-calendar-outline ivu-input-icon ivu-input-icon-normal"></i> <!----> <input autocomplete="off" spellcheck="false" type="text" placeholder="请选择日期范围" class="ivu-input"> <!----></div></div> <div class="ivu-select-dropdown" style="display: none;"><div><div class="ivu-picker-panel-body-wrapper ivu-date-picker-with-range" steps=""><!----> <div class="ivu-picker-panel-body ivu-picker-panel-body-time"><div class="ivu-picker-panel-content ivu-picker-panel-content-left"><div class="ivu-date-picker-header"><span class="ivu-picker-panel-icon-btn ivu-date-picker-prev-btn ivu-date-picker-prev-btn-arrow-double"><i class="ivu-icon ivu-icon-ios-arrow-left"></i></span> <span class="ivu-picker-panel-icon-btn ivu-date-picker-prev-btn ivu-date-picker-prev-btn-arrow"><i class="ivu-icon ivu-icon-ios-arrow-left"></i></span> <span><span class="ivu-date-picker-header-label">2023年</span>   <span class="ivu-date-picker-header-label">5月</span></span> <!----> <!----></div> <div class="ivu-date-picker-cells"><div class="ivu-date-picker-cells-header"><span>\n            日\n        </span><span>\n            一\n        </span><span>\n            二\n        </span><span>\n            三\n        </span><span>\n            四\n        </span><span>\n            五\n        </span><span>\n            六\n        </span></div> <span class="ivu-date-picker-cells-cell ivu-date-picker-cells-cell-prev-month"><em>30</em></span><span class="ivu-date-picker-cells-cell"><em>1</em></span><span class="ivu-date-picker-cells-cell"><em>2</em></span><span class="ivu-date-picker-cells-cell"><em>3</em></span><span class="ivu-date-picker-cells-cell"><em>4</em></span><span class="ivu-date-picker-cells-cell"><em>5</em></span><span class="ivu-date-picker-cells-cell"><em>6</em></span><span class="ivu-date-picker-cells-cell"><em>7</em></span><span class="ivu-date-picker-cells-cell"><em>8</em></span><span class="ivu-date-picker-cells-cell"><em>9</em></span><span class="ivu-date-picker-cells-cell"><em>10</em></span><span class="ivu-date-picker-cells-cell ivu-date-picker-cells-cell-today ivu-date-picker-cells-focused"><em>11</em></span><span class="ivu-date-picker-cells-cell"><em>12</em></span><span class="ivu-date-picker-cells-cell"><em>13</em></span><span class="ivu-date-picker-cells-cell"><em>14</em></span><span class="ivu-date-picker-cells-cell"><em>15</em></span><span class="ivu-date-picker-cells-cell"><em>16</em></span><span class="ivu-date-picker-cells-cell"><em>17</em></span><span class="ivu-date-picker-cells-cell"><em>18</em></span><span class="ivu-date-picker-cells-cell"><em>19</em></span><span class="ivu-date-picker-cells-cell"><em>20</em></span><span class="ivu-date-picker-cells-cell"><em>21</em></span><span class="ivu-date-picker-cells-cell"><em>22</em></span><span class="ivu-date-picker-cells-cell"><em>23</em></span><span class="ivu-date-picker-cells-cell"><em>24</em></span><span class="ivu-date-picker-cells-cell"><em>25</em></span><span class="ivu-date-picker-cells-cell"><em>26</em></span><span class="ivu-date-picker-cells-cell"><em>27</em></span><span class="ivu-date-picker-cells-cell"><em>28</em></span><span class="ivu-date-picker-cells-cell"><em>29</em></span><span class="ivu-date-picker-cells-cell"><em>30</em></span><span class="ivu-date-picker-cells-cell"><em>31</em></span><span class="ivu-date-picker-cells-cell ivu-date-picker-cells-cell-next-month"><em>1</em></span><span class="ivu-date-picker-cells-cell ivu-date-picker-cells-cell-next-month"><em>2</em></span><span class="ivu-date-picker-cells-cell ivu-date-picker-cells-cell-next-month"><em>3</em></span><span class="ivu-date-picker-cells-cell ivu-date-picker-cells-cell-next-month"><em>4</em></span><span class="ivu-date-picker-cells-cell ivu-date-picker-cells-cell-next-month"><em>5</em></span><span class="ivu-date-picker-cells-cell ivu-date-picker-cells-cell-next-month"><em>6</em></span><span class="ivu-date-picker-cells-cell ivu-date-picker-cells-cell-next-month"><em>7</em></span><span class="ivu-date-picker-cells-cell ivu-date-picker-cells-cell-next-month"><em>8</em></span><span class="ivu-date-picker-cells-cell ivu-date-picker-cells-cell-next-month"><em>9</em></span><span class="ivu-date-picker-cells-cell ivu-date-picker-cells-cell-next-month"><em>10</em></span></div></div> <div class="ivu-picker-panel-content ivu-picker-panel-content-right"><div class="ivu-date-picker-header"><!----> <!----> <span><span class="ivu-date-picker-header-label">2023年</span>   <span class="ivu-date-picker-header-label">6月</span></span> <span class="ivu-picker-panel-icon-btn ivu-date-picker-next-btn ivu-date-picker-next-btn-arrow-double"><i class="ivu-icon ivu-icon-ios-arrow-right"></i></span> <span class="ivu-picker-panel-icon-btn ivu-date-picker-next-btn ivu-date-picker-next-btn-arrow"><i class="ivu-icon ivu-icon-ios-arrow-right"></i></span></div> <div class="ivu-date-picker-cells"><div class="ivu-date-picker-cells-header"><span>\n            日\n        </span><span>\n            一\n        </span><span>\n            二\n        </span><span>\n            三\n        </span><span>\n            四\n        </span><span>\n            五\n        </span><span>\n            六\n        </span></div> <span class="ivu-date-picker-cells-cell ivu-date-picker-cells-cell-prev-month"><em>28</em></span><span class="ivu-date-picker-cells-cell ivu-date-picker-cells-cell-prev-month"><em>29</em></span><span class="ivu-date-picker-cells-cell ivu-date-picker-cells-cell-prev-month"><em>30</em></span><span class="ivu-date-picker-cells-cell ivu-date-picker-cells-cell-prev-month"><em>31</em></span><span class="ivu-date-picker-cells-cell"><em>1</em></span><span class="ivu-date-picker-cells-cell"><em>2</em></span><span class="ivu-date-picker-cells-cell"><em>3</em></span><span class="ivu-date-picker-cells-cell"><em>4</em></span><span class="ivu-date-picker-cells-cell"><em>5</em></span><span class="ivu-date-picker-cells-cell"><em>6</em></span><span class="ivu-date-picker-cells-cell"><em>7</em></span><span class="ivu-date-picker-cells-cell"><em>8</em></span><span class="ivu-date-picker-cells-cell"><em>9</em></span><span class="ivu-date-picker-cells-cell"><em>10</em></span><span class="ivu-date-picker-cells-cell"><em>11</em></span><span class="ivu-date-picker-cells-cell"><em>12</em></span><span class="ivu-date-picker-cells-cell"><em>13</em></span><span class="ivu-date-picker-cells-cell"><em>14</em></span><span class="ivu-date-picker-cells-cell"><em>15</em></span><span class="ivu-date-picker-cells-cell"><em>16</em></span><span class="ivu-date-picker-cells-cell"><em>17</em></span><span class="ivu-date-picker-cells-cell"><em>18</em></span><span class="ivu-date-picker-cells-cell"><em>19</em></span><span class="ivu-date-picker-cells-cell"><em>20</em></span><span class="ivu-date-picker-cells-cell"><em>21</em></span><span class="ivu-date-picker-cells-cell"><em>22</em></span><span class="ivu-date-picker-cells-cell"><em>23</em></span><span class="ivu-date-picker-cells-cell"><em>24</em></span><span class="ivu-date-picker-cells-cell"><em>25</em></span><span class="ivu-date-picker-cells-cell"><em>26</em></span><span class="ivu-date-picker-cells-cell"><em>27</em></span><span class="ivu-date-picker-cells-cell"><em>28</em></span><span class="ivu-date-picker-cells-cell"><em>29</em></span><span class="ivu-date-picker-cells-cell"><em>30</em></span><span class="ivu-date-picker-cells-cell ivu-date-picker-cells-cell-next-month"><em>1</em></span><span class="ivu-date-picker-cells-cell ivu-date-picker-cells-cell-next-month"><em>2</em></span><span class="ivu-date-picker-cells-cell ivu-date-picker-cells-cell-next-month"><em>3</em></span><span class="ivu-date-picker-cells-cell ivu-date-picker-cells-cell-next-month"><em>4</em></span><span class="ivu-date-picker-cells-cell ivu-date-picker-cells-cell-next-month"><em>5</em></span><span class="ivu-date-picker-cells-cell ivu-date-picker-cells-cell-next-month"><em>6</em></span><span class="ivu-date-picker-cells-cell ivu-date-picker-cells-cell-next-month"><em>7</em></span><span class="ivu-date-picker-cells-cell ivu-date-picker-cells-cell-next-month"><em>8</em></span></div></div> <div class="ivu-picker-panel-content" style="display: none;"><!----></div> <div class="ivu-picker-confirm"><button type="button" disabled="disabled" class="ivu-btn ivu-btn-text ivu-btn-small ivu-picker-confirm-time"><!----> <!----> <span>\n        选择时间\n    </span></button> <button type="button" class="ivu-btn ivu-btn-ghost ivu-btn-small"><!----> <!----> <span>\n        清空\n    </span></button> <button type="button" class="ivu-btn ivu-btn-primary ivu-btn-small"><!----> <!----> <span>\n        确定\n    </span></button></div></div></div></div></div></div></div></div> <div data-v-6a917631="" class="ivu-row" style="margin-top: 10px;"><div data-v-6a917631="" class="ivu-col ivu-col-span-xs-24 ivu-col-span-sm-24 ivu-col-span-md-12 ivu-col-md-offset-12 ivu-col-span-lg-8 ivu-col-lg-offset-16"><div data-v-6a917631="" style="display: flex; justify-content: flex-end; gap: 5px; width: 95%;"><button data-v-6a917631="" type="button" class="ivu-btn ivu-btn-primary"><!----> <!----> <span>查询</span></button> <button data-v-6a917631="" type="button" class="ivu-btn"><!----> <!----> <span>重置</span></button> <button data-v-6a917631="" type="button" class="ivu-btn ivu-btn-ghost"><!----> <!----> <span>导出Excel</span></button></div></div></div></div></div></div> <div data-v-6a917631="" class="mt-16"><div data-v-6a917631="" class="w100p h100p bar-chart-container" _echarts_instance_="ec_1683782638085" style="-webkit-tap-highlight-color: transparent; user-select: none; position: relative; background: transparent;"><div style="position: relative; overflow: hidden; width: 1155px; height: 400px; padding: 0px; margin: 0px; border-width: 0px;"><canvas width="2021" height="700" data-zr-dom-id="zr_0" style="position: absolute; left: 0px; top: 0px; width: 1155px; height: 400px; user-select: none; -webkit-tap-highlight-color: rgba(0, 0, 0, 0); padding: 0px; margin: 0px; border-width: 0px;"></canvas></div><div></div></div></div></div></div></div> <div data-v-6ef48cd8="" class="mt-16 ivu-card ivu-card-bordered"><!----> <!----> <div class="ivu-card-body"><div data-v-6ef48cd8="" class="ivu-tabs"><div class="ivu-tabs-bar"><!----> <div tabindex="0" class="ivu-tabs-nav-container"><div class="ivu-tabs-nav-wrap" style="position: relative;"><span class="ivu-tabs-nav-prev ivu-tabs-nav-scroll-disabled"><i class="ivu-icon ivu-icon-chevron-left"></i></span> <span class="ivu-tabs-nav-next ivu-tabs-nav-scroll-disabled"><i class="ivu-icon ivu-icon-chevron-right"></i></span> <div class="ivu-tabs-nav-scroll"><div class="nav-text ivu-tabs-nav"><div class="ivu-tabs-ink-bar ivu-tabs-ink-bar-animated" style="visibility: visible; width: 96px; transform: translate3d(0px, 0px, 0px);"></div> <div class="ivu-tabs-tab ivu-tabs-tab-active ivu-tabs-tab-focused"><!----> 客户数据 <!----></div><div class="ivu-tabs-tab"><!----> 渠道数据 <!----></div><div class="ivu-tabs-tab"><!----> 运营号数据 <!----></div></div></div><object tabindex="-1" type="text/html" data="about:blank" style="display: block; position: absolute; top: 0px; left: 0px; width: 100%; height: 100%; border: none; padding: 0px; margin: 0px; opacity: 0; z-index: -1000; pointer-events: none;"></object></div></div></div> <div class="ivu-tabs-content ivu-tabs-content-animated" style="transform: translateX(0%) translateZ(0px);"><div data-v-6ef48cd8="" class="ivu-tabs-tabpane"><div data-v-57e24188="" data-v-6ef48cd8="" style="visibility: visible;"><div data-v-57e24188="">打开链接的客户：0</div> <div data-v-57e24188="" style="margin-top: 16px;"><div data-v-1c69fa68="" class="mb2f" style="position: relative;"><form data-v-1c69fa68="" autocomplete="off" class="labelForm ivu-form ivu-form-label-right"><div data-v-1c69fa68="" class="ivu-row" style="margin-left: -8px; margin-right: -8px;"><div data-v-1c69fa68="" class="ivu-col ivu-col-span-8" style="padding-left: 8px; padding-right: 8px;"><div data-v-1c69fa68="" class="ivu-form-item"><label class="ivu-form-item-label" style="width: 85px;">搜索客户</label> <div class="ivu-form-item-content" style="margin-left: 85px;"><div data-v-1c69fa68="" class="ivu-input-wrapper ivu-input-type"><!----> <!----> <i class="ivu-icon ivu-icon-load-c ivu-load-loop ivu-input-icon ivu-input-icon-validate"></i> <input autocomplete="off" spellcheck="false" type="text" placeholder="请输入客户" class="ivu-input"> <!----></div> <!----></div></div></div><div data-v-1c69fa68="" class="ivu-col ivu-col-span-8" style="padding-left: 8px; padding-right: 8px;"><div data-v-1c69fa68="" class="ivu-form-item"><label class="ivu-form-item-label" style="width: 85px;">渠道</label> <div class="ivu-form-item-content" style="margin-left: 85px;"><div data-v-1c69fa68="" class="ivu-select ivu-select-multiple"><div tabindex="-1" class="ivu-select-selection"><input type="hidden"> <div> <span class="" style="display: none;"></span> <input type="text" placeholder="请选择" autocomplete="off" spellcheck="false" class="ivu-select-input" style="width: 100%;"> <!----> <i class="ivu-icon ivu-icon-arrow-down-b ivu-select-arrow"></i></div></div> <div class="ivu-select-dropdown" style="display: none;"><ul class="ivu-select-not-found" style="display: none;"><li>无匹配数据</li></ul> <ul class="ivu-select-dropdown-list"><li class="ivu-select-item">zdh测试雷达渠道</li></ul> <ul class="ivu-select-loading" style="display: none;">加载中</ul></div></div> <!----></div></div></div><div data-v-1c69fa68="" class="ivu-col ivu-col-span-8" style="padding-left: 8px; padding-right: 8px;"><div data-v-1c69fa68="" class="ivu-form-item"><label class="ivu-form-item-label" style="width: 85px;">任务类型</label> <div class="ivu-form-item-content" style="margin-left: 85px;"><div data-v-1c69fa68="" class="ivu-select ivu-select-multiple"><div tabindex="-1" class="ivu-select-selection"><input type="hidden"> <div> <span class="" style="display: none;"></span> <input type="text" placeholder="请选择" autocomplete="off" spellcheck="false" class="ivu-select-input" style="width: 100%;"> <!----> <i class="ivu-icon ivu-icon-arrow-down-b ivu-select-arrow"></i></div></div> <div class="ivu-select-dropdown" style="display: none;"><ul class="ivu-select-not-found" style="display: none;"><li>无匹配数据</li></ul> <ul class="ivu-select-dropdown-list"><li class="ivu-select-item">1v1群聊</li><li class="ivu-select-item">群发群聊</li><li class="ivu-select-item">添加好友欢迎语</li><li class="ivu-select-item">关键词回复</li><li class="ivu-select-item">个人话术</li><li class="ivu-select-item">企业话术</li><li class="ivu-select-item">入群欢迎语</li><li class="ivu-select-item">短链接</li><li class="ivu-select-item">侧边栏发群</li><li class="ivu-select-item">侧边栏发个人</li><li class="ivu-select-item">其他</li></ul> <ul class="ivu-select-loading" style="display: none;">加载中</ul></div></div> <!----></div></div></div><div data-v-1c69fa68="" class="ivu-col ivu-col-span-8" style="padding-left: 8px; padding-right: 8px;"><div data-v-1c69fa68="" class="ivu-form-item"><label class="ivu-form-item-label" style="width: 85px;">unionId</label> <div class="ivu-form-item-content" style="margin-left: 85px;"><div data-v-1c69fa68="" class="ivu-input-wrapper ivu-input-type"><!----> <!----> <i class="ivu-icon ivu-icon-load-c ivu-load-loop ivu-input-icon ivu-input-icon-validate"></i> <input autocomplete="off" spellcheck="false" type="text" placeholder="请输入" class="ivu-input"> <!----></div> <!----></div></div></div><div data-v-1c69fa68="" class="ivu-col ivu-col-span-8" style="padding-left: 8px; padding-right: 8px;"><div data-v-1c69fa68="" class="ivu-form-item"><label class="ivu-form-item-label" style="width: 85px;">所属运营号</label> <div class="ivu-form-item-content" style="margin-left: 85px;"><div data-v-1c69fa68="" class="ivu-select ivu-select-multiple"><div tabindex="-1" class="ivu-select-selection"><input type="hidden"> <div> <span class="" style="display: none;"></span> <input type="text" placeholder="请选择" autocomplete="off" spellcheck="false" class="ivu-select-input" style="width: 100%;"> <!----> <i class="ivu-icon ivu-icon-arrow-down-b ivu-select-arrow"></i></div></div> <div class="ivu-select-dropdown" style="display: none;"><ul class="ivu-select-not-found" style="display: none;"><li>无匹配数据</li></ul> <ul class="ivu-select-dropdown-list"><li class="ivu-select-item">智己IM｜谢南洲</li><li class="ivu-select-item">智己IM｜穆柏成</li><li class="ivu-select-item">智己IM|滕林芝</li><li class="ivu-select-item">智己IM | 徐晓颖</li><li class="ivu-select-item">智己IM | 黄佳</li><li class="ivu-select-item">周国安</li><li class="ivu-select-item">钟俊杰</li><li class="ivu-select-item">智己IM｜萌萌</li><li class="ivu-select-item">IM12彭鹏</li><li class="ivu-select-item">二号</li><li class="ivu-select-item">小趴菜</li><li class="ivu-select-item">检云</li><li class="ivu-select-item">流量池-袁佳阳</li><li class="ivu-select-item">U3店长</li><li class="ivu-select-item">流量池-测试</li><li class="ivu-select-item">陈明信</li><li class="ivu-select-item">赵文渝</li><li class="ivu-select-item">考拉🐨</li><li class="ivu-select-item">流量池-曹建辉</li><li class="ivu-select-item">陈兴灿</li><li class="ivu-select-item">流量池测试2</li><li class="ivu-select-item">大栋</li><li class="ivu-select-item">闻怀腾</li><li class="ivu-select-item">杨婧一</li><li class="ivu-select-item">智己IM｜莫杭聪</li><li class="ivu-select-item">智己IM｜闫海洋</li><li class="ivu-select-item">智己IM｜邓京奇</li><li class="ivu-select-item">智己IM｜张国栋</li><li class="ivu-select-item">智己IM ｜牟竹霖</li><li class="ivu-select-item">智己IM｜叶梦洁</li><li class="ivu-select-item">周国安</li><li class="ivu-select-item">朱磊</li><li class="ivu-select-item">流量池-蔡新强</li><li class="ivu-select-item">LLC-张悠然</li><li class="ivu-select-item">五件套大区1总</li><li class="ivu-select-item">U3主理人1</li><li class="ivu-select-item">流量池－田旭</li><li class="ivu-select-item">U1店长</li><li class="ivu-select-item">hyoe9m小区经理</li><li class="ivu-select-item">pkdqr2 小区经理</li><li class="ivu-select-item">黄鹏</li><li class="ivu-select-item">流量池-彭鹏程</li><li class="ivu-select-item">&nbsp;大区总nbvso6</li><li class="ivu-select-item">U1主理人</li><li class="ivu-select-item">高枝林name</li><li class="ivu-select-item">项伟华</li><li class="ivu-select-item">智己IM｜高子贤</li><li class="ivu-select-item">钟俊杰</li><li class="ivu-select-item">UAT钟俊杰</li><li class="ivu-select-item">朱磊</li><li class="ivu-select-item">颜孵化店</li><li class="ivu-select-item">流量池-彭鹏</li><li class="ivu-select-item">佳伟</li><li class="ivu-select-item">吴豪</li><li class="ivu-select-item">蔡新强</li><li class="ivu-select-item">流量池-曾宏伟</li><li class="ivu-select-item">SIT-小趴菜</li><li class="ivu-select-item">U2店长</li><li class="ivu-select-item">FJiaWei1</li><li class="ivu-select-item">关顺志</li><li class="ivu-select-item">流量池测试1</li><li class="ivu-select-item">智己IM丨杜恒杰</li><li class="ivu-select-item">智己IM｜任艳泽</li><li class="ivu-select-item">智己IM｜赵雅丽</li><li class="ivu-select-item">智己IM｜林浩森</li><li class="ivu-select-item">王乐</li><li class="ivu-select-item">邹娜</li><li class="ivu-select-item">涛涛</li><li class="ivu-select-item">彭鹏</li><li class="ivu-select-item">高枝林</li><li class="ivu-select-item">朱磊</li><li class="ivu-select-item">SIT-大糯米</li><li class="ivu-select-item">袁佳阳</li><li class="ivu-select-item">达明科</li><li class="ivu-select-item">智己IM｜孙岱铭</li><li class="ivu-select-item">智己IM｜邓一帆</li><li class="ivu-select-item">智己IM｜陈纪翰</li><li class="ivu-select-item">智己IM｜宦正忠</li><li class="ivu-select-item">钟俊杰</li><li class="ivu-select-item">王乐</li><li class="ivu-select-item">曹建辉</li><li class="ivu-select-item">谢明宏</li><li class="ivu-select-item">邹娜</li><li class="ivu-select-item">朱磊</li><li class="ivu-select-item">王乐</li><li class="ivu-select-item">付欣欣</li><li class="ivu-select-item">三号</li><li class="ivu-select-item">SIT-颜</li><li class="ivu-select-item">LLC-彭鹏</li><li class="ivu-select-item">U2主理人</li><li class="ivu-select-item">谭峻东</li><li class="ivu-select-item">何荣进</li><li class="ivu-select-item">陈明信</li><li class="ivu-select-item">FJiaWei1</li><li class="ivu-select-item">谭峻东</li><li class="ivu-select-item">陈明信</li></ul> <ul class="ivu-select-loading" style="display: none;">加载中</ul></div></div> <!----></div></div></div><div data-v-1c69fa68="" class="ivu-col ivu-col-span-8" style="padding-left: 8px; padding-right: 8px;"><div data-v-1c69fa68="" class="ivu-form-item"><label class="ivu-form-item-label" style="width: 85px;">推送时间</label> <div class="ivu-form-item-content" style="margin-left: 85px;"><div data-v-1c69fa68="" class="ivu-date-picker" style="width: 100%;"><div class="ivu-date-picker-rel"><div class="ivu-input-wrapper ivu-input-type ivu-date-picker-editor"><!----> <i class="ivu-icon ivu-icon-ios-calendar-outline ivu-input-icon ivu-input-icon-normal"></i> <!----> <input autocomplete="off" spellcheck="false" type="text" placeholder="选择日期" class="ivu-input"> <!----></div></div> <div class="ivu-select-dropdown" style="display: none;"><div><div class="ivu-picker-panel-body-wrapper ivu-date-picker-with-range" steps=""><!----> <div class="ivu-picker-panel-body ivu-picker-panel-body-time"><div class="ivu-picker-panel-content ivu-picker-panel-content-left"><div class="ivu-date-picker-header"><span class="ivu-picker-panel-icon-btn ivu-date-picker-prev-btn ivu-date-picker-prev-btn-arrow-double"><i class="ivu-icon ivu-icon-ios-arrow-left"></i></span> <span class="ivu-picker-panel-icon-btn ivu-date-picker-prev-btn ivu-date-picker-prev-btn-arrow"><i class="ivu-icon ivu-icon-ios-arrow-left"></i></span> <span><span class="ivu-date-picker-header-label">2023年</span>   <span class="ivu-date-picker-header-label">5月</span></span> <!----> <!----></div> <div class="ivu-date-picker-cells"><div class="ivu-date-picker-cells-header"><span>\n            日\n        </span><span>\n            一\n        </span><span>\n            二\n        </span><span>\n            三\n        </span><span>\n            四\n        </span><span>\n            五\n        </span><span>\n            六\n        </span></div> <span class="ivu-date-picker-cells-cell ivu-date-picker-cells-cell-prev-month"><em>30</em></span><span class="ivu-date-picker-cells-cell"><em>1</em></span><span class="ivu-date-picker-cells-cell"><em>2</em></span><span class="ivu-date-picker-cells-cell"><em>3</em></span><span class="ivu-date-picker-cells-cell"><em>4</em></span><span class="ivu-date-picker-cells-cell"><em>5</em></span><span class="ivu-date-picker-cells-cell"><em>6</em></span><span class="ivu-date-picker-cells-cell"><em>7</em></span><span class="ivu-date-picker-cells-cell"><em>8</em></span><span class="ivu-date-picker-cells-cell"><em>9</em></span><span class="ivu-date-picker-cells-cell"><em>10</em></span><span class="ivu-date-picker-cells-cell ivu-date-picker-cells-cell-today ivu-date-picker-cells-focused"><em>11</em></span><span class="ivu-date-picker-cells-cell"><em>12</em></span><span class="ivu-date-picker-cells-cell"><em>13</em></span><span class="ivu-date-picker-cells-cell"><em>14</em></span><span class="ivu-date-picker-cells-cell"><em>15</em></span><span class="ivu-date-picker-cells-cell"><em>16</em></span><span class="ivu-date-picker-cells-cell"><em>17</em></span><span class="ivu-date-picker-cells-cell"><em>18</em></span><span class="ivu-date-picker-cells-cell"><em>19</em></span><span class="ivu-date-picker-cells-cell"><em>20</em></span><span class="ivu-date-picker-cells-cell"><em>21</em></span><span class="ivu-date-picker-cells-cell"><em>22</em></span><span class="ivu-date-picker-cells-cell"><em>23</em></span><span class="ivu-date-picker-cells-cell"><em>24</em></span><span class="ivu-date-picker-cells-cell"><em>25</em></span><span class="ivu-date-picker-cells-cell"><em>26</em></span><span class="ivu-date-picker-cells-cell"><em>27</em></span><span class="ivu-date-picker-cells-cell"><em>28</em></span><span class="ivu-date-picker-cells-cell"><em>29</em></span><span class="ivu-date-picker-cells-cell"><em>30</em></span><span class="ivu-date-picker-cells-cell"><em>31</em></span><span class="ivu-date-picker-cells-cell ivu-date-picker-cells-cell-next-month"><em>1</em></span><span class="ivu-date-picker-cells-cell ivu-date-picker-cells-cell-next-month"><em>2</em></span><span class="ivu-date-picker-cells-cell ivu-date-picker-cells-cell-next-month"><em>3</em></span><span class="ivu-date-picker-cells-cell ivu-date-picker-cells-cell-next-month"><em>4</em></span><span class="ivu-date-picker-cells-cell ivu-date-picker-cells-cell-next-month"><em>5</em></span><span class="ivu-date-picker-cells-cell ivu-date-picker-cells-cell-next-month"><em>6</em></span><span class="ivu-date-picker-cells-cell ivu-date-picker-cells-cell-next-month"><em>7</em></span><span class="ivu-date-picker-cells-cell ivu-date-picker-cells-cell-next-month"><em>8</em></span><span class="ivu-date-picker-cells-cell ivu-date-picker-cells-cell-next-month"><em>9</em></span><span class="ivu-date-picker-cells-cell ivu-date-picker-cells-cell-next-month"><em>10</em></span></div></div> <div class="ivu-picker-panel-content ivu-picker-panel-content-right"><div class="ivu-date-picker-header"><!----> <!----> <span><span class="ivu-date-picker-header-label">2023年</span>   <span class="ivu-date-picker-header-label">6月</span></span> <span class="ivu-picker-panel-icon-btn ivu-date-picker-next-btn ivu-date-picker-next-btn-arrow-double"><i class="ivu-icon ivu-icon-ios-arrow-right"></i></span> <span class="ivu-picker-panel-icon-btn ivu-date-picker-next-btn ivu-date-picker-next-btn-arrow"><i class="ivu-icon ivu-icon-ios-arrow-right"></i></span></div> <div class="ivu-date-picker-cells"><div class="ivu-date-picker-cells-header"><span>\n            日\n        </span><span>\n            一\n        </span><span>\n            二\n        </span><span>\n            三\n        </span><span>\n            四\n        </span><span>\n            五\n        </span><span>\n            六\n        </span></div> <span class="ivu-date-picker-cells-cell ivu-date-picker-cells-cell-prev-month"><em>28</em></span><span class="ivu-date-picker-cells-cell ivu-date-picker-cells-cell-prev-month"><em>29</em></span><span class="ivu-date-picker-cells-cell ivu-date-picker-cells-cell-prev-month"><em>30</em></span><span class="ivu-date-picker-cells-cell ivu-date-picker-cells-cell-prev-month"><em>31</em></span><span class="ivu-date-picker-cells-cell"><em>1</em></span><span class="ivu-date-picker-cells-cell"><em>2</em></span><span class="ivu-date-picker-cells-cell"><em>3</em></span><span class="ivu-date-picker-cells-cell"><em>4</em></span><span class="ivu-date-picker-cells-cell"><em>5</em></span><span class="ivu-date-picker-cells-cell"><em>6</em></span><span class="ivu-date-picker-cells-cell"><em>7</em></span><span class="ivu-date-picker-cells-cell"><em>8</em></span><span class="ivu-date-picker-cells-cell"><em>9</em></span><span class="ivu-date-picker-cells-cell"><em>10</em></span><span class="ivu-date-picker-cells-cell"><em>11</em></span><span class="ivu-date-picker-cells-cell"><em>12</em></span><span class="ivu-date-picker-cells-cell"><em>13</em></span><span class="ivu-date-picker-cells-cell"><em>14</em></span><span class="ivu-date-picker-cells-cell"><em>15</em></span><span class="ivu-date-picker-cells-cell"><em>16</em></span><span class="ivu-date-picker-cells-cell"><em>17</em></span><span class="ivu-date-picker-cells-cell"><em>18</em></span><span class="ivu-date-picker-cells-cell"><em>19</em></span><span class="ivu-date-picker-cells-cell"><em>20</em></span><span class="ivu-date-picker-cells-cell"><em>21</em></span><span class="ivu-date-picker-cells-cell"><em>22</em></span><span class="ivu-date-picker-cells-cell"><em>23</em></span><span class="ivu-date-picker-cells-cell"><em>24</em></span><span class="ivu-date-picker-cells-cell"><em>25</em></span><span class="ivu-date-picker-cells-cell"><em>26</em></span><span class="ivu-date-picker-cells-cell"><em>27</em></span><span class="ivu-date-picker-cells-cell"><em>28</em></span><span class="ivu-date-picker-cells-cell"><em>29</em></span><span class="ivu-date-picker-cells-cell"><em>30</em></span><span class="ivu-date-picker-cells-cell ivu-date-picker-cells-cell-next-month"><em>1</em></span><span class="ivu-date-picker-cells-cell ivu-date-picker-cells-cell-next-month"><em>2</em></span><span class="ivu-date-picker-cells-cell ivu-date-picker-cells-cell-next-month"><em>3</em></span><span class="ivu-date-picker-cells-cell ivu-date-picker-cells-cell-next-month"><em>4</em></span><span class="ivu-date-picker-cells-cell ivu-date-picker-cells-cell-next-month"><em>5</em></span><span class="ivu-date-picker-cells-cell ivu-date-picker-cells-cell-next-month"><em>6</em></span><span class="ivu-date-picker-cells-cell ivu-date-picker-cells-cell-next-month"><em>7</em></span><span class="ivu-date-picker-cells-cell ivu-date-picker-cells-cell-next-month"><em>8</em></span></div></div> <div class="ivu-picker-panel-content" style="display: none;"><!----></div> <div class="ivu-picker-confirm"><button type="button" disabled="disabled" class="ivu-btn ivu-btn-text ivu-btn-small ivu-picker-confirm-time"><!----> <!----> <span>\n        选择时间\n    </span></button> <button type="button" class="ivu-btn ivu-btn-ghost ivu-btn-small"><!----> <!----> <span>\n        清空\n    </span></button> <button type="button" class="ivu-btn ivu-btn-primary ivu-btn-small"><!----> <!----> <span>\n        确定\n    </span></button></div></div></div></div></div></div> <!----></div></div></div> <div data-v-1c69fa68="" class="tr ivu-col ivu-col-span-8 ivu-col-offset-16" style="padding-left: 8px; padding-right: 8px;"><button data-v-1c69fa68="" type="button" class="ivu-btn ivu-btn-primary ivu-btn-default"><!----> <!----> <span>查询</span></button> <button data-v-1c69fa68="" type="button" class="ivu-btn ivu-btn-ghost ivu-btn-default"><!----> <!----> <span>重置</span></button> <!----></div></div></form><div dir="ltr" class="resize-sensor" style="pointer-events: none; position: absolute; inset: 0px; overflow: hidden; z-index: -1; visibility: hidden; max-width: 100%;"><div class="resize-sensor-expand" style="pointer-events: none; position: absolute; inset: 0px; overflow: hidden; z-index: -1; visibility: hidden; max-width: 100%;"><div style="position: absolute; left: 0px; top: 0px; transition: all 0s ease 0s; width: 1174px; height: 157px;"></div></div><div class="resize-sensor-shrink" style="pointer-events: none; position: absolute; inset: 0px; overflow: hidden; z-index: -1; visibility: hidden; max-width: 100%;"><div style="position: absolute; left: 0px; top: 0px; transition: all 0s ease 0s; width: 200%; height: 200%;"></div></div></div></div> <div class="app-list-page-container"><div><div class="row ivu-row"><div class="ivu-col ivu-col-span-12"><div class="actions"><button type="button" class="action-item ivu-btn ivu-btn-success ivu-btn-default"><!----> <!----> <span><i class="ivu-icon ivu-icon-refresh"></i>&nbsp;刷新\n        </span></button><button type="button" class="action-item ivu-btn ivu-btn-primary ivu-btn-default"><!----> <!----> <span><!---->&nbsp;导出Excel\n        </span></button> <!----> </div></div></div> <div class="row ivu-row"><div class="ivu-col ivu-col-span-24"><!----> <div data-v-5b8bb406="" style="position: relative;"><div data-v-5b8bb406="" class="ivu-col ivu-col-span-24"><div data-v-5b8bb406="" class="ivu-table-wrapper"><div class="ivu-table ivu-table-border ivu-table-stripe"><!----> <div class="ivu-table-header"><table cellspacing="0" cellpadding="0" border="0" style="width: 1665px;"><colgroup><col width="448"><col width="288"><col width="288"><col width="288"><col width="192"><col width="160"> <!----></colgroup> <thead><tr><th class="ivu-table-column-center"><div class="ivu-table-cell"><span class="">客户</span> <!----> <!----></div></th><th class="ivu-table-column-center"><div class="ivu-table-cell"><span class="">所属运营号</span> <!----> <!----></div></th><th class="ivu-table-column-center"><div class="ivu-table-cell"><span class="">最近点击时间</span> <!----> <!----></div></th><th class="ivu-table-column-center"><div class="ivu-table-cell"><span class="">最近点击渠道</span> <!----> <!----></div></th><th class="ivu-table-column-center"><div class="ivu-table-cell"><span class="">客户点击总次数</span> <!----> <!----></div></th><th class="ivu-table-column-center ivu-table-hidden"><div class="ivu-table-cell ivu-table-hidden"><span class="">操作</span> <!----> <!----></div></th> <!----></tr></thead></table></div> <div class="ivu-table-body" style="display: none;"><table cellspacing="0" cellpadding="0" border="0" style="width: 1665px;"><colgroup><col width="448"><col width="288"><col width="288"><col width="288"><col width="192"><col width="160"></colgroup> <tbody class="ivu-table-tbody"></tbody></table></div> <div class="ivu-table-tip"><table cellspacing="0" cellpadding="0" border="0"><tbody><tr><td style="width: 1665px;"><span>暂无数据</span></td></tr></tbody></table></div> <!----> <div class="ivu-table-fixed-right" style="width: 160px; right: 0px;"><div class="ivu-table-fixed-header ivu-table-fixed-header-with-empty"><table cellspacing="0" cellpadding="0" border="0" style="width: 160px; right: 0px;"><colgroup><col width="160"><col width="448"><col width="288"><col width="288"><col width="288"><col width="192"> <!----></colgroup> <thead><tr><th class="ivu-table-column-center"><div class="ivu-table-cell"><span class="">操作</span> <!----> <!----></div></th><th class="ivu-table-column-center ivu-table-hidden"><div class="ivu-table-cell"><span class="">客户</span> <!----> <!----></div></th><th class="ivu-table-column-center ivu-table-hidden"><div class="ivu-table-cell"><span class="">所属运营号</span> <!----> <!----></div></th><th class="ivu-table-column-center ivu-table-hidden"><div class="ivu-table-cell"><span class="">最近点击时间</span> <!----> <!----></div></th><th class="ivu-table-column-center ivu-table-hidden"><div class="ivu-table-cell"><span class="">最近点击渠道</span> <!----> <!----></div></th><th class="ivu-table-column-center ivu-table-hidden"><div class="ivu-table-cell"><span class="">客户点击总次数</span> <!----> <!----></div></th> <!----></tr></thead></table></div> <div class="ivu-table-fixed-body"><table cellspacing="0" cellpadding="0" border="0" style="width: 160px; right: 0px;"><colgroup><col width="160"><col width="448"><col width="288"><col width="288"><col width="288"><col width="192"></colgroup> <tbody class="ivu-table-tbody"></tbody></table></div></div> <div class="ivu-table-fixed-right-header" style="width: 0px; height: 41px;"></div> <!----></div> <!----><object tabindex="-1" type="text/html" data="about:blank" style="display: block; position: absolute; top: 0px; left: 0px; width: 100%; height: 100%; border: none; padding: 0px; margin: 0px; opacity: 0; z-index: -1000; pointer-events: none;"></object></div></div><div dir="ltr" class="resize-sensor" style="pointer-events: none; position: absolute; inset: 0px; overflow: hidden; z-index: -1; visibility: hidden; max-width: 100%;"><div class="resize-sensor-expand" style="pointer-events: none; position: absolute; inset: 0px; overflow: hidden; z-index: -1; visibility: hidden; max-width: 100%;"><div style="position: absolute; left: 0px; top: 0px; transition: all 0s ease 0s; width: 1174px; height: 10px;"></div></div><div class="resize-sensor-shrink" style="pointer-events: none; position: absolute; inset: 0px; overflow: hidden; z-index: -1; visibility: hidden; max-width: 100%;"><div style="position: absolute; left: 0px; top: 0px; transition: all 0s ease 0s; width: 200%; height: 200%;"></div></div></div></div> <!----></div></div> <div class="row ivu-row"><div class="ivu-col ivu-col-span-24"><div><div class="ivu-tooltip"><div class="ivu-tooltip-rel"><ul class="paginator ivu-page"><!----> <li title="上一页" class="ivu-page-prev ivu-page-disabled"><a><i class="ivu-icon ivu-icon-ios-arrow-left"></i></a></li> <li title="1" class="ivu-page-item ivu-page-item-active"><a>1</a></li> <!----> <!----> <!----> <!----> <!----> <!----> <!----> <!----> <li title="下一页" class="ivu-page-next ivu-page-disabled"><a><i class="ivu-icon ivu-icon-ios-arrow-right"></i></a></li> <div class="ivu-page-options"><div class="ivu-page-options-sizer"><div class="ivu-select ivu-select-single ivu-select-default"><div tabindex="0" class="ivu-select-selection"><input type="hidden" value="20"> <div> <span class="ivu-select-selected-value">20 条/页</span> <!----> <!----> <i class="ivu-icon ivu-icon-arrow-down-b ivu-select-arrow"></i></div></div> <div class="ivu-select-dropdown" style="display: none;"><ul class="ivu-select-not-found" style="display: none;"><li>无匹配数据</li></ul> <ul class="ivu-select-dropdown-list"><li class="ivu-select-item ivu-select-item-selected" style="text-align: center;">20 条/页</li><li class="ivu-select-item" style="text-align: center;">50 条/页</li><li class="ivu-select-item" style="text-align: center;">100 条/页</li></ul> <ul class="ivu-select-loading" style="display: none;">加载中</ul></div></div></div> <div class="ivu-page-options-elevator">\n        跳至\n        <input type="text" autocomplete="off" spellcheck="false">\n        页\n    </div></div></ul> <p class="page-desc">共找到0条记录</p> <!----></div> <div class="ivu-tooltip-popper" style="display: none; position: absolute; will-change: top, left; top: 0px; left: 0px;" x-placement="top-start"><div class="ivu-tooltip-content"><div class="ivu-tooltip-arrow"></div> <div class="ivu-tooltip-inner">由于搜索结果较多，只提供前10000条</div></div></div></div></div></div></div></div></div> <!----></div></div></div> <div data-v-6ef48cd8="" class="ivu-tabs-tabpane"><div data-v-e463040a="" data-v-6ef48cd8="" style="visibility: hidden;"><div data-v-e463040a=""><div data-v-1c69fa68="" class="mb2f" style="position: relative;"><form data-v-1c69fa68="" autocomplete="off" class="labelForm ivu-form ivu-form-label-right"><div data-v-1c69fa68="" class="ivu-row" style="margin-left: -8px; margin-right: -8px;"><div data-v-1c69fa68="" class="ivu-col ivu-col-span-8" style="padding-left: 8px; padding-right: 8px;"><div data-v-1c69fa68="" class="ivu-form-item"><label class="ivu-form-item-label" style="width: 85px;">渠道</label> <div class="ivu-form-item-content" style="margin-left: 85px;"><div data-v-1c69fa68="" class="ivu-select ivu-select-multiple"><div tabindex="-1" class="ivu-select-selection"><input type="hidden"> <div> <span class="" style="display: none;"></span> <input type="text" placeholder="请选择" autocomplete="off" spellcheck="false" class="ivu-select-input" style="width: 100%;"> <!----> <i class="ivu-icon ivu-icon-arrow-down-b ivu-select-arrow"></i></div></div> <div class="ivu-select-dropdown" style="display: none;"><ul class="ivu-select-not-found" style="display: none;"><li>无匹配数据</li></ul> <ul class="ivu-select-dropdown-list"><li class="ivu-select-item">zdh测试雷达渠道</li></ul> <ul class="ivu-select-loading" style="display: none;">加载中</ul></div></div> <!----></div></div></div><div data-v-1c69fa68="" class="ivu-col ivu-col-span-8" style="padding-left: 8px; padding-right: 8px;"><div data-v-1c69fa68="" class="ivu-form-item"><label class="ivu-form-item-label" style="width: 85px;">推送时间</label> <div class="ivu-form-item-content" style="margin-left: 85px;"><div data-v-1c69fa68="" class="ivu-date-picker" style="width: 100%;"><div class="ivu-date-picker-rel"><div class="ivu-input-wrapper ivu-input-type ivu-date-picker-editor"><!----> <i class="ivu-icon ivu-icon-ios-calendar-outline ivu-input-icon ivu-input-icon-normal"></i> <!----> <input autocomplete="off" spellcheck="false" type="text" placeholder="选择日期" class="ivu-input"> <!----></div></div> <div class="ivu-select-dropdown" style="display: none;"><div><div class="ivu-picker-panel-body-wrapper ivu-date-picker-with-range" steps=""><!----> <div class="ivu-picker-panel-body ivu-picker-panel-body-time"><div class="ivu-picker-panel-content ivu-picker-panel-content-left"><div class="ivu-date-picker-header"><span class="ivu-picker-panel-icon-btn ivu-date-picker-prev-btn ivu-date-picker-prev-btn-arrow-double"><i class="ivu-icon ivu-icon-ios-arrow-left"></i></span> <span class="ivu-picker-panel-icon-btn ivu-date-picker-prev-btn ivu-date-picker-prev-btn-arrow"><i class="ivu-icon ivu-icon-ios-arrow-left"></i></span> <span><span class="ivu-date-picker-header-label">2023年</span>   <span class="ivu-date-picker-header-label">5月</span></span> <!----> <!----></div> <div class="ivu-date-picker-cells"><div class="ivu-date-picker-cells-header"><span>\n            日\n        </span><span>\n            一\n        </span><span>\n            二\n        </span><span>\n            三\n        </span><span>\n            四\n        </span><span>\n            五\n        </span><span>\n            六\n        </span></div> <span class="ivu-date-picker-cells-cell ivu-date-picker-cells-cell-prev-month"><em>30</em></span><span class="ivu-date-picker-cells-cell"><em>1</em></span><span class="ivu-date-picker-cells-cell"><em>2</em></span><span class="ivu-date-picker-cells-cell"><em>3</em></span><span class="ivu-date-picker-cells-cell"><em>4</em></span><span class="ivu-date-picker-cells-cell"><em>5</em></span><span class="ivu-date-picker-cells-cell"><em>6</em></span><span class="ivu-date-picker-cells-cell"><em>7</em></span><span class="ivu-date-picker-cells-cell"><em>8</em></span><span class="ivu-date-picker-cells-cell"><em>9</em></span><span class="ivu-date-picker-cells-cell"><em>10</em></span><span class="ivu-date-picker-cells-cell ivu-date-picker-cells-cell-today ivu-date-picker-cells-focused"><em>11</em></span><span class="ivu-date-picker-cells-cell"><em>12</em></span><span class="ivu-date-picker-cells-cell"><em>13</em></span><span class="ivu-date-picker-cells-cell"><em>14</em></span><span class="ivu-date-picker-cells-cell"><em>15</em></span><span class="ivu-date-picker-cells-cell"><em>16</em></span><span class="ivu-date-picker-cells-cell"><em>17</em></span><span class="ivu-date-picker-cells-cell"><em>18</em></span><span class="ivu-date-picker-cells-cell"><em>19</em></span><span class="ivu-date-picker-cells-cell"><em>20</em></span><span class="ivu-date-picker-cells-cell"><em>21</em></span><span class="ivu-date-picker-cells-cell"><em>22</em></span><span class="ivu-date-picker-cells-cell"><em>23</em></span><span class="ivu-date-picker-cells-cell"><em>24</em></span><span class="ivu-date-picker-cells-cell"><em>25</em></span><span class="ivu-date-picker-cells-cell"><em>26</em></span><span class="ivu-date-picker-cells-cell"><em>27</em></span><span class="ivu-date-picker-cells-cell"><em>28</em></span><span class="ivu-date-picker-cells-cell"><em>29</em></span><span class="ivu-date-picker-cells-cell"><em>30</em></span><span class="ivu-date-picker-cells-cell"><em>31</em></span><span class="ivu-date-picker-cells-cell ivu-date-picker-cells-cell-next-month"><em>1</em></span><span class="ivu-date-picker-cells-cell ivu-date-picker-cells-cell-next-month"><em>2</em></span><span class="ivu-date-picker-cells-cell ivu-date-picker-cells-cell-next-month"><em>3</em></span><span class="ivu-date-picker-cells-cell ivu-date-picker-cells-cell-next-month"><em>4</em></span><span class="ivu-date-picker-cells-cell ivu-date-picker-cells-cell-next-month"><em>5</em></span><span class="ivu-date-picker-cells-cell ivu-date-picker-cells-cell-next-month"><em>6</em></span><span class="ivu-date-picker-cells-cell ivu-date-picker-cells-cell-next-month"><em>7</em></span><span class="ivu-date-picker-cells-cell ivu-date-picker-cells-cell-next-month"><em>8</em></span><span class="ivu-date-picker-cells-cell ivu-date-picker-cells-cell-next-month"><em>9</em></span><span class="ivu-date-picker-cells-cell ivu-date-picker-cells-cell-next-month"><em>10</em></span></div></div> <div class="ivu-picker-panel-content ivu-picker-panel-content-right"><div class="ivu-date-picker-header"><!----> <!----> <span><span class="ivu-date-picker-header-label">2023年</span>   <span class="ivu-date-picker-header-label">6月</span></span> <span class="ivu-picker-panel-icon-btn ivu-date-picker-next-btn ivu-date-picker-next-btn-arrow-double"><i class="ivu-icon ivu-icon-ios-arrow-right"></i></span> <span class="ivu-picker-panel-icon-btn ivu-date-picker-next-btn ivu-date-picker-next-btn-arrow"><i class="ivu-icon ivu-icon-ios-arrow-right"></i></span></div> <div class="ivu-date-picker-cells"><div class="ivu-date-picker-cells-header"><span>\n            日\n        </span><span>\n            一\n        </span><span>\n            二\n        </span><span>\n            三\n        </span><span>\n            四\n        </span><span>\n            五\n        </span><span>\n            六\n        </span></div> <span class="ivu-date-picker-cells-cell ivu-date-picker-cells-cell-prev-month"><em>28</em></span><span class="ivu-date-picker-cells-cell ivu-date-picker-cells-cell-prev-month"><em>29</em></span><span class="ivu-date-picker-cells-cell ivu-date-picker-cells-cell-prev-month"><em>30</em></span><span class="ivu-date-picker-cells-cell ivu-date-picker-cells-cell-prev-month"><em>31</em></span><span class="ivu-date-picker-cells-cell"><em>1</em></span><span class="ivu-date-picker-cells-cell"><em>2</em></span><span class="ivu-date-picker-cells-cell"><em>3</em></span><span class="ivu-date-picker-cells-cell"><em>4</em></span><span class="ivu-date-picker-cells-cell"><em>5</em></span><span class="ivu-date-picker-cells-cell"><em>6</em></span><span class="ivu-date-picker-cells-cell"><em>7</em></span><span class="ivu-date-picker-cells-cell"><em>8</em></span><span class="ivu-date-picker-cells-cell"><em>9</em></span><span class="ivu-date-picker-cells-cell"><em>10</em></span><span class="ivu-date-picker-cells-cell"><em>11</em></span><span class="ivu-date-picker-cells-cell"><em>12</em></span><span class="ivu-date-picker-cells-cell"><em>13</em></span><span class="ivu-date-picker-cells-cell"><em>14</em></span><span class="ivu-date-picker-cells-cell"><em>15</em></span><span class="ivu-date-picker-cells-cell"><em>16</em></span><span class="ivu-date-picker-cells-cell"><em>17</em></span><span class="ivu-date-picker-cells-cell"><em>18</em></span><span class="ivu-date-picker-cells-cell"><em>19</em></span><span class="ivu-date-picker-cells-cell"><em>20</em></span><span class="ivu-date-picker-cells-cell"><em>21</em></span><span class="ivu-date-picker-cells-cell"><em>22</em></span><span class="ivu-date-picker-cells-cell"><em>23</em></span><span class="ivu-date-picker-cells-cell"><em>24</em></span><span class="ivu-date-picker-cells-cell"><em>25</em></span><span class="ivu-date-picker-cells-cell"><em>26</em></span><span class="ivu-date-picker-cells-cell"><em>27</em></span><span class="ivu-date-picker-cells-cell"><em>28</em></span><span class="ivu-date-picker-cells-cell"><em>29</em></span><span class="ivu-date-picker-cells-cell"><em>30</em></span><span class="ivu-date-picker-cells-cell ivu-date-picker-cells-cell-next-month"><em>1</em></span><span class="ivu-date-picker-cells-cell ivu-date-picker-cells-cell-next-month"><em>2</em></span><span class="ivu-date-picker-cells-cell ivu-date-picker-cells-cell-next-month"><em>3</em></span><span class="ivu-date-picker-cells-cell ivu-date-picker-cells-cell-next-month"><em>4</em></span><span class="ivu-date-picker-cells-cell ivu-date-picker-cells-cell-next-month"><em>5</em></span><span class="ivu-date-picker-cells-cell ivu-date-picker-cells-cell-next-month"><em>6</em></span><span class="ivu-date-picker-cells-cell ivu-date-picker-cells-cell-next-month"><em>7</em></span><span class="ivu-date-picker-cells-cell ivu-date-picker-cells-cell-next-month"><em>8</em></span></div></div> <div class="ivu-picker-panel-content" style="display: none;"><!----></div> <div class="ivu-picker-confirm"><button type="button" disabled="disabled" class="ivu-btn ivu-btn-text ivu-btn-small ivu-picker-confirm-time"><!----> <!----> <span>\n        选择时间\n    </span></button> <button type="button" class="ivu-btn ivu-btn-ghost ivu-btn-small"><!----> <!----> <span>\n        清空\n    </span></button> <button type="button" class="ivu-btn ivu-btn-primary ivu-btn-small"><!----> <!----> <span>\n        确定\n    </span></button></div></div></div></div></div></div> <!----></div></div></div><div data-v-1c69fa68="" class="ivu-col ivu-col-span-8" style="padding-left: 8px; padding-right: 8px;"><div data-v-1c69fa68="" class="ivu-form-item"><label class="ivu-form-item-label" style="width: 85px;">任务类型</label> <div class="ivu-form-item-content" style="margin-left: 85px;"><div data-v-1c69fa68="" class="ivu-select ivu-select-multiple"><div tabindex="0" class="ivu-select-selection"><input type="hidden"> <div> <span class="ivu-select-placeholder">请选择</span> <!----> <!----> <i class="ivu-icon ivu-icon-arrow-down-b ivu-select-arrow"></i></div></div> <div class="ivu-select-dropdown" style="display: none;"><ul class="ivu-select-not-found" style="display: none;"><li>无匹配数据</li></ul> <ul class="ivu-select-dropdown-list"><li class="ivu-select-item">1v1群聊</li><li class="ivu-select-item">群发群聊</li><li class="ivu-select-item">添加好友欢迎语</li><li class="ivu-select-item">关键词回复</li><li class="ivu-select-item">个人话术</li><li class="ivu-select-item">企业话术</li><li class="ivu-select-item">入群欢迎语</li><li class="ivu-select-item">短链接</li><li class="ivu-select-item">侧边栏发群</li><li class="ivu-select-item">侧边栏发个人</li><li class="ivu-select-item">其他</li></ul> <ul class="ivu-select-loading" style="display: none;">加载中</ul></div></div> <!----></div></div></div> <div data-v-1c69fa68="" class="tr ivu-col ivu-col-span-8 ivu-col-offset-16" style="padding-left: 8px; padding-right: 8px;"><button data-v-1c69fa68="" type="button" class="ivu-btn ivu-btn-primary ivu-btn-default"><!----> <!----> <span>查询</span></button> <button data-v-1c69fa68="" type="button" class="ivu-btn ivu-btn-ghost ivu-btn-default"><!----> <!----> <span>重置</span></button> <!----></div></div></form><div dir="ltr" class="resize-sensor" style="pointer-events: none; position: absolute; inset: 0px; overflow: hidden; z-index: -1; visibility: hidden; max-width: 100%;"><div class="resize-sensor-expand" style="pointer-events: none; position: absolute; inset: 0px; overflow: hidden; z-index: -1; visibility: hidden; max-width: 100%;"><div style="position: absolute; left: 0px; top: 0px; transition: all 0s ease 0s; width: 1174px; height: 99px;"></div></div><div class="resize-sensor-shrink" style="pointer-events: none; position: absolute; inset: 0px; overflow: hidden; z-index: -1; visibility: hidden; max-width: 100%;"><div style="position: absolute; left: 0px; top: 0px; transition: all 0s ease 0s; width: 200%; height: 200%;"></div></div></div></div> <div class="app-list-page-container"><div><div class="row ivu-row"><div class="ivu-col ivu-col-span-12"><div class="actions"><button type="button" class="action-item ivu-btn ivu-btn-success ivu-btn-default"><!----> <!----> <span><i class="ivu-icon ivu-icon-refresh"></i>&nbsp;刷新\n        </span></button><button type="button" class="action-item ivu-btn ivu-btn-primary ivu-btn-default"><!----> <!----> <span><!---->&nbsp;导出Excel\n        </span></button> <!----> </div></div></div> <div class="row ivu-row"><div class="ivu-col ivu-col-span-24"><!----> <div data-v-5b8bb406="" style="position: relative;"><div data-v-5b8bb406="" class="ivu-col ivu-col-span-24"><div data-v-5b8bb406="" class="ivu-table-wrapper"><div class="ivu-table ivu-table-border ivu-table-stripe"><!----> <div class="ivu-table-header"><table cellspacing="0" cellpadding="0" border="0" style="width: 1473px;"><colgroup><col width="256"><col width="352"><col width="352"><col width="352"><col width="160"> <!----></colgroup> <thead><tr><th class="ivu-table-column-center"><div class="ivu-table-cell"><span class="">渠道来源</span> <!----> <!----></div></th><th class="ivu-table-column-center"><div class="ivu-table-cell"><span class="">发送总人数</span> <!----> <!----></div></th><th class="ivu-table-column-center"><div class="ivu-table-cell"><span class="">点击次数</span> <!----> <!----></div></th><th class="ivu-table-column-center"><div class="ivu-table-cell"><span class="">点击人数</span> <!----> <!----></div></th><th class="ivu-table-column-center ivu-table-hidden"><div class="ivu-table-cell ivu-table-hidden"><span class="">操作</span> <!----> <!----></div></th> <!----></tr></thead></table></div> <div class="ivu-table-body" style="display: none;"><table cellspacing="0" cellpadding="0" border="0" style="width: 1473px;"><colgroup><col width="256"><col width="352"><col width="352"><col width="352"><col width="160"></colgroup> <tbody class="ivu-table-tbody"></tbody></table></div> <div class="ivu-table-tip"><table cellspacing="0" cellpadding="0" border="0"><tbody><tr><td style="width: 1473px;"><span>暂无数据</span></td></tr></tbody></table></div> <!----> <div class="ivu-table-fixed-right" style="width: 160px; right: 0px;"><div class="ivu-table-fixed-header ivu-table-fixed-header-with-empty"><table cellspacing="0" cellpadding="0" border="0" style="width: 160px; right: 0px;"><colgroup><col width="160"><col width="256"><col width="352"><col width="352"><col width="352"> <!----></colgroup> <thead><tr><th class="ivu-table-column-center"><div class="ivu-table-cell"><span class="">操作</span> <!----> <!----></div></th><th class="ivu-table-column-center ivu-table-hidden"><div class="ivu-table-cell"><span class="">渠道来源</span> <!----> <!----></div></th><th class="ivu-table-column-center ivu-table-hidden"><div class="ivu-table-cell"><span class="">发送总人数</span> <!----> <!----></div></th><th class="ivu-table-column-center ivu-table-hidden"><div class="ivu-table-cell"><span class="">点击次数</span> <!----> <!----></div></th><th class="ivu-table-column-center ivu-table-hidden"><div class="ivu-table-cell"><span class="">点击人数</span> <!----> <!----></div></th> <!----></tr></thead></table></div> <div class="ivu-table-fixed-body"><table cellspacing="0" cellpadding="0" border="0" style="width: 160px; right: 0px;"><colgroup><col width="160"><col width="256"><col width="352"><col width="352"><col width="352"></colgroup> <tbody class="ivu-table-tbody"></tbody></table></div></div> <div class="ivu-table-fixed-right-header" style="width: 0px; height: 41px;"></div> <!----></div> <!----><object tabindex="-1" type="text/html" data="about:blank" style="display: block; position: absolute; top: 0px; left: 0px; width: 100%; height: 100%; border: none; padding: 0px; margin: 0px; opacity: 0; z-index: -1000; pointer-events: none;"></object></div></div><div dir="ltr" class="resize-sensor" style="pointer-events: none; position: absolute; inset: 0px; overflow: hidden; z-index: -1; visibility: hidden; max-width: 100%;"><div class="resize-sensor-expand" style="pointer-events: none; position: absolute; inset: 0px; overflow: hidden; z-index: -1; visibility: hidden; max-width: 100%;"><div style="position: absolute; left: 0px; top: 0px; transition: all 0s ease 0s; width: 1174px; height: 10px;"></div></div><div class="resize-sensor-shrink" style="pointer-events: none; position: absolute; inset: 0px; overflow: hidden; z-index: -1; visibility: hidden; max-width: 100%;"><div style="position: absolute; left: 0px; top: 0px; transition: all 0s ease 0s; width: 200%; height: 200%;"></div></div></div></div> <!----></div></div> <div class="row ivu-row"><div class="ivu-col ivu-col-span-24"><div><div class="ivu-tooltip"><div class="ivu-tooltip-rel"><ul class="paginator ivu-page"><!----> <li title="上一页" class="ivu-page-prev ivu-page-disabled"><a><i class="ivu-icon ivu-icon-ios-arrow-left"></i></a></li> <li title="1" class="ivu-page-item ivu-page-item-active"><a>1</a></li> <!----> <!----> <!----> <!----> <!----> <!----> <!----> <!----> <li title="下一页" class="ivu-page-next ivu-page-disabled"><a><i class="ivu-icon ivu-icon-ios-arrow-right"></i></a></li> <div class="ivu-page-options"><div class="ivu-page-options-sizer"><div class="ivu-select ivu-select-single ivu-select-default"><div tabindex="0" class="ivu-select-selection"><input type="hidden" value="20"> <div> <span class="ivu-select-selected-value">20 条/页</span> <!----> <!----> <i class="ivu-icon ivu-icon-arrow-down-b ivu-select-arrow"></i></div></div> <div class="ivu-select-dropdown" style="display: none;"><ul class="ivu-select-not-found" style="display: none;"><li>无匹配数据</li></ul> <ul class="ivu-select-dropdown-list"><li class="ivu-select-item ivu-select-item-selected" style="text-align: center;">20 条/页</li><li class="ivu-select-item" style="text-align: center;">50 条/页</li><li class="ivu-select-item" style="text-align: center;">100 条/页</li></ul> <ul class="ivu-select-loading" style="display: none;">加载中</ul></div></div></div> <div class="ivu-page-options-elevator">\n        跳至\n        <input type="text" autocomplete="off" spellcheck="false">\n        页\n    </div></div></ul> <p class="page-desc">共找到0条记录</p> <!----></div> <div class="ivu-tooltip-popper" style="display: none; position: absolute; will-change: top, left; top: 0px; left: 0px;" x-placement="top-start"><div class="ivu-tooltip-content"><div class="ivu-tooltip-arrow"></div> <div class="ivu-tooltip-inner">由于搜索结果较多，只提供前10000条</div></div></div></div></div></div></div></div></div> <!----></div></div></div> <div data-v-6ef48cd8="" class="ivu-tabs-tabpane"><div data-v-678319be="" data-v-6ef48cd8="" style="visibility: hidden;"><div data-v-678319be=""><div data-v-1c69fa68="" class="mb2f" style="position: relative;"><form data-v-1c69fa68="" autocomplete="off" class="labelForm ivu-form ivu-form-label-right"><div data-v-1c69fa68="" class="ivu-row" style="margin-left: -8px; margin-right: -8px;"><div data-v-1c69fa68="" class="ivu-col ivu-col-span-8" style="padding-left: 8px; padding-right: 8px;"><div data-v-1c69fa68="" class="ivu-form-item"><label class="ivu-form-item-label" style="width: 85px;">运营号</label> <div class="ivu-form-item-content" style="margin-left: 85px;"><div data-v-1c69fa68="" class="ivu-select ivu-select-multiple"><div tabindex="-1" class="ivu-select-selection"><input type="hidden"> <div> <span class="" style="display: none;"></span> <input type="text" placeholder="请选择" autocomplete="off" spellcheck="false" class="ivu-select-input" style="width: 100%;"> <!----> <i class="ivu-icon ivu-icon-arrow-down-b ivu-select-arrow"></i></div></div> <div class="ivu-select-dropdown" style="display: none;"><ul class="ivu-select-not-found" style="display: none;"><li>无匹配数据</li></ul> <ul class="ivu-select-dropdown-list"><li class="ivu-select-item">智己IM｜谢南洲</li><li class="ivu-select-item">智己IM｜穆柏成</li><li class="ivu-select-item">智己IM|滕林芝</li><li class="ivu-select-item">智己IM | 徐晓颖</li><li class="ivu-select-item">智己IM | 黄佳</li><li class="ivu-select-item">周国安</li><li class="ivu-select-item">钟俊杰</li><li class="ivu-select-item">智己IM｜萌萌</li><li class="ivu-select-item">IM12彭鹏</li><li class="ivu-select-item">二号</li><li class="ivu-select-item">小趴菜</li><li class="ivu-select-item">检云</li><li class="ivu-select-item">流量池-袁佳阳</li><li class="ivu-select-item">U3店长</li><li class="ivu-select-item">流量池-测试</li><li class="ivu-select-item">陈明信</li><li class="ivu-select-item">赵文渝</li><li class="ivu-select-item">考拉🐨</li><li class="ivu-select-item">流量池-曹建辉</li><li class="ivu-select-item">陈兴灿</li><li class="ivu-select-item">流量池测试2</li><li class="ivu-select-item">大栋</li><li class="ivu-select-item">闻怀腾</li><li class="ivu-select-item">杨婧一</li><li class="ivu-select-item">智己IM｜莫杭聪</li><li class="ivu-select-item">智己IM｜闫海洋</li><li class="ivu-select-item">智己IM｜邓京奇</li><li class="ivu-select-item">智己IM｜张国栋</li><li class="ivu-select-item">智己IM ｜牟竹霖</li><li class="ivu-select-item">智己IM｜叶梦洁</li><li class="ivu-select-item">周国安</li><li class="ivu-select-item">朱磊</li><li class="ivu-select-item">流量池-蔡新强</li><li class="ivu-select-item">LLC-张悠然</li><li class="ivu-select-item">五件套大区1总</li><li class="ivu-select-item">U3主理人1</li><li class="ivu-select-item">流量池－田旭</li><li class="ivu-select-item">U1店长</li><li class="ivu-select-item">hyoe9m小区经理</li><li class="ivu-select-item">pkdqr2 小区经理</li><li class="ivu-select-item">黄鹏</li><li class="ivu-select-item">流量池-彭鹏程</li><li class="ivu-select-item">&nbsp;大区总nbvso6</li><li class="ivu-select-item">U1主理人</li><li class="ivu-select-item">高枝林name</li><li class="ivu-select-item">项伟华</li><li class="ivu-select-item">智己IM｜高子贤</li><li class="ivu-select-item">钟俊杰</li><li class="ivu-select-item">UAT钟俊杰</li><li class="ivu-select-item">朱磊</li><li class="ivu-select-item">颜孵化店</li><li class="ivu-select-item">流量池-彭鹏</li><li class="ivu-select-item">佳伟</li><li class="ivu-select-item">吴豪</li><li class="ivu-select-item">蔡新强</li><li class="ivu-select-item">流量池-曾宏伟</li><li class="ivu-select-item">SIT-小趴菜</li><li class="ivu-select-item">U2店长</li><li class="ivu-select-item">FJiaWei1</li><li class="ivu-select-item">关顺志</li><li class="ivu-select-item">流量池测试1</li><li class="ivu-select-item">智己IM丨杜恒杰</li><li class="ivu-select-item">智己IM｜任艳泽</li><li class="ivu-select-item">智己IM｜赵雅丽</li><li class="ivu-select-item">智己IM｜林浩森</li><li class="ivu-select-item">王乐</li><li class="ivu-select-item">邹娜</li><li class="ivu-select-item">涛涛</li><li class="ivu-select-item">彭鹏</li><li class="ivu-select-item">高枝林</li><li class="ivu-select-item">朱磊</li><li class="ivu-select-item">SIT-大糯米</li><li class="ivu-select-item">袁佳阳</li><li class="ivu-select-item">达明科</li><li class="ivu-select-item">智己IM｜孙岱铭</li><li class="ivu-select-item">智己IM｜邓一帆</li><li class="ivu-select-item">智己IM｜陈纪翰</li><li class="ivu-select-item">智己IM｜宦正忠</li><li class="ivu-select-item">钟俊杰</li><li class="ivu-select-item">王乐</li><li class="ivu-select-item">曹建辉</li><li class="ivu-select-item">谢明宏</li><li class="ivu-select-item">邹娜</li><li class="ivu-select-item">朱磊</li><li class="ivu-select-item">王乐</li><li class="ivu-select-item">付欣欣</li><li class="ivu-select-item">三号</li><li class="ivu-select-item">SIT-颜</li><li class="ivu-select-item">LLC-彭鹏</li><li class="ivu-select-item">U2主理人</li><li class="ivu-select-item">谭峻东</li><li class="ivu-select-item">何荣进</li><li class="ivu-select-item">陈明信</li><li class="ivu-select-item">FJiaWei1</li><li class="ivu-select-item">谭峻东</li><li class="ivu-select-item">陈明信</li></ul> <ul class="ivu-select-loading" style="display: none;">加载中</ul></div></div> <!----></div></div></div><div data-v-1c69fa68="" class="ivu-col ivu-col-span-8" style="padding-left: 8px; padding-right: 8px;"><div data-v-1c69fa68="" class="ivu-form-item"><label class="ivu-form-item-label" style="width: 85px;">任务类型</label> <div class="ivu-form-item-content" style="margin-left: 85px;"><div data-v-1c69fa68="" class="ivu-select ivu-select-multiple"><div tabindex="0" class="ivu-select-selection"><input type="hidden"> <div> <span class="ivu-select-placeholder">请选择</span> <!----> <!----> <i class="ivu-icon ivu-icon-arrow-down-b ivu-select-arrow"></i></div></div> <div class="ivu-select-dropdown" style="display: none;"><ul class="ivu-select-not-found" style="display: none;"><li>无匹配数据</li></ul> <ul class="ivu-select-dropdown-list"><li class="ivu-select-item">1v1群聊</li><li class="ivu-select-item">群发群聊</li><li class="ivu-select-item">添加好友欢迎语</li><li class="ivu-select-item">关键词回复</li><li class="ivu-select-item">个人话术</li><li class="ivu-select-item">企业话术</li><li class="ivu-select-item">入群欢迎语</li><li class="ivu-select-item">短链接</li><li class="ivu-select-item">侧边栏发群</li><li class="ivu-select-item">侧边栏发个人</li><li class="ivu-select-item">其他</li></ul> <ul class="ivu-select-loading" style="display: none;">加载中</ul></div></div> <!----></div></div></div><div data-v-1c69fa68="" class="ivu-col ivu-col-span-8" style="padding-left: 8px; padding-right: 8px;"><div data-v-1c69fa68="" class="ivu-form-item"><label class="ivu-form-item-label" style="width: 85px;">推送时间</label> <div class="ivu-form-item-content" style="margin-left: 85px;"><div data-v-1c69fa68="" class="ivu-date-picker" style="width: 100%;"><div class="ivu-date-picker-rel"><div class="ivu-input-wrapper ivu-input-type ivu-date-picker-editor"><!----> <i class="ivu-icon ivu-icon-ios-calendar-outline ivu-input-icon ivu-input-icon-normal"></i> <!----> <input autocomplete="off" spellcheck="false" type="text" placeholder="选择日期" class="ivu-input"> <!----></div></div> <div class="ivu-select-dropdown" style="display: none;"><div><div class="ivu-picker-panel-body-wrapper ivu-date-picker-with-range" steps=""><!----> <div class="ivu-picker-panel-body ivu-picker-panel-body-time"><div class="ivu-picker-panel-content ivu-picker-panel-content-left"><div class="ivu-date-picker-header"><span class="ivu-picker-panel-icon-btn ivu-date-picker-prev-btn ivu-date-picker-prev-btn-arrow-double"><i class="ivu-icon ivu-icon-ios-arrow-left"></i></span> <span class="ivu-picker-panel-icon-btn ivu-date-picker-prev-btn ivu-date-picker-prev-btn-arrow"><i class="ivu-icon ivu-icon-ios-arrow-left"></i></span> <span><span class="ivu-date-picker-header-label">2023年</span>   <span class="ivu-date-picker-header-label">5月</span></span> <!----> <!----></div> <div class="ivu-date-picker-cells"><div class="ivu-date-picker-cells-header"><span>\n            日\n        </span><span>\n            一\n        </span><span>\n            二\n        </span><span>\n            三\n        </span><span>\n            四\n        </span><span>\n            五\n        </span><span>\n            六\n        </span></div> <span class="ivu-date-picker-cells-cell ivu-date-picker-cells-cell-prev-month"><em>30</em></span><span class="ivu-date-picker-cells-cell"><em>1</em></span><span class="ivu-date-picker-cells-cell"><em>2</em></span><span class="ivu-date-picker-cells-cell"><em>3</em></span><span class="ivu-date-picker-cells-cell"><em>4</em></span><span class="ivu-date-picker-cells-cell"><em>5</em></span><span class="ivu-date-picker-cells-cell"><em>6</em></span><span class="ivu-date-picker-cells-cell"><em>7</em></span><span class="ivu-date-picker-cells-cell"><em>8</em></span><span class="ivu-date-picker-cells-cell"><em>9</em></span><span class="ivu-date-picker-cells-cell"><em>10</em></span><span class="ivu-date-picker-cells-cell ivu-date-picker-cells-cell-today ivu-date-picker-cells-focused"><em>11</em></span><span class="ivu-date-picker-cells-cell"><em>12</em></span><span class="ivu-date-picker-cells-cell"><em>13</em></span><span class="ivu-date-picker-cells-cell"><em>14</em></span><span class="ivu-date-picker-cells-cell"><em>15</em></span><span class="ivu-date-picker-cells-cell"><em>16</em></span><span class="ivu-date-picker-cells-cell"><em>17</em></span><span class="ivu-date-picker-cells-cell"><em>18</em></span><span class="ivu-date-picker-cells-cell"><em>19</em></span><span class="ivu-date-picker-cells-cell"><em>20</em></span><span class="ivu-date-picker-cells-cell"><em>21</em></span><span class="ivu-date-picker-cells-cell"><em>22</em></span><span class="ivu-date-picker-cells-cell"><em>23</em></span><span class="ivu-date-picker-cells-cell"><em>24</em></span><span class="ivu-date-picker-cells-cell"><em>25</em></span><span class="ivu-date-picker-cells-cell"><em>26</em></span><span class="ivu-date-picker-cells-cell"><em>27</em></span><span class="ivu-date-picker-cells-cell"><em>28</em></span><span class="ivu-date-picker-cells-cell"><em>29</em></span><span class="ivu-date-picker-cells-cell"><em>30</em></span><span class="ivu-date-picker-cells-cell"><em>31</em></span><span class="ivu-date-picker-cells-cell ivu-date-picker-cells-cell-next-month"><em>1</em></span><span class="ivu-date-picker-cells-cell ivu-date-picker-cells-cell-next-month"><em>2</em></span><span class="ivu-date-picker-cells-cell ivu-date-picker-cells-cell-next-month"><em>3</em></span><span class="ivu-date-picker-cells-cell ivu-date-picker-cells-cell-next-month"><em>4</em></span><span class="ivu-date-picker-cells-cell ivu-date-picker-cells-cell-next-month"><em>5</em></span><span class="ivu-date-picker-cells-cell ivu-date-picker-cells-cell-next-month"><em>6</em></span><span class="ivu-date-picker-cells-cell ivu-date-picker-cells-cell-next-month"><em>7</em></span><span class="ivu-date-picker-cells-cell ivu-date-picker-cells-cell-next-month"><em>8</em></span><span class="ivu-date-picker-cells-cell ivu-date-picker-cells-cell-next-month"><em>9</em></span><span class="ivu-date-picker-cells-cell ivu-date-picker-cells-cell-next-month"><em>10</em></span></div></div> <div class="ivu-picker-panel-content ivu-picker-panel-content-right"><div class="ivu-date-picker-header"><!----> <!----> <span><span class="ivu-date-picker-header-label">2023年</span>   <span class="ivu-date-picker-header-label">6月</span></span> <span class="ivu-picker-panel-icon-btn ivu-date-picker-next-btn ivu-date-picker-next-btn-arrow-double"><i class="ivu-icon ivu-icon-ios-arrow-right"></i></span> <span class="ivu-picker-panel-icon-btn ivu-date-picker-next-btn ivu-date-picker-next-btn-arrow"><i class="ivu-icon ivu-icon-ios-arrow-right"></i></span></div> <div class="ivu-date-picker-cells"><div class="ivu-date-picker-cells-header"><span>\n            日\n        </span><span>\n            一\n        </span><span>\n            二\n        </span><span>\n            三\n        </span><span>\n            四\n        </span><span>\n            五\n        </span><span>\n            六\n        </span></div> <span class="ivu-date-picker-cells-cell ivu-date-picker-cells-cell-prev-month"><em>28</em></span><span class="ivu-date-picker-cells-cell ivu-date-picker-cells-cell-prev-month"><em>29</em></span><span class="ivu-date-picker-cells-cell ivu-date-picker-cells-cell-prev-month"><em>30</em></span><span class="ivu-date-picker-cells-cell ivu-date-picker-cells-cell-prev-month"><em>31</em></span><span class="ivu-date-picker-cells-cell"><em>1</em></span><span class="ivu-date-picker-cells-cell"><em>2</em></span><span class="ivu-date-picker-cells-cell"><em>3</em></span><span class="ivu-date-picker-cells-cell"><em>4</em></span><span class="ivu-date-picker-cells-cell"><em>5</em></span><span class="ivu-date-picker-cells-cell"><em>6</em></span><span class="ivu-date-picker-cells-cell"><em>7</em></span><span class="ivu-date-picker-cells-cell"><em>8</em></span><span class="ivu-date-picker-cells-cell"><em>9</em></span><span class="ivu-date-picker-cells-cell"><em>10</em></span><span class="ivu-date-picker-cells-cell"><em>11</em></span><span class="ivu-date-picker-cells-cell"><em>12</em></span><span class="ivu-date-picker-cells-cell"><em>13</em></span><span class="ivu-date-picker-cells-cell"><em>14</em></span><span class="ivu-date-picker-cells-cell"><em>15</em></span><span class="ivu-date-picker-cells-cell"><em>16</em></span><span class="ivu-date-picker-cells-cell"><em>17</em></span><span class="ivu-date-picker-cells-cell"><em>18</em></span><span class="ivu-date-picker-cells-cell"><em>19</em></span><span class="ivu-date-picker-cells-cell"><em>20</em></span><span class="ivu-date-picker-cells-cell"><em>21</em></span><span class="ivu-date-picker-cells-cell"><em>22</em></span><span class="ivu-date-picker-cells-cell"><em>23</em></span><span class="ivu-date-picker-cells-cell"><em>24</em></span><span class="ivu-date-picker-cells-cell"><em>25</em></span><span class="ivu-date-picker-cells-cell"><em>26</em></span><span class="ivu-date-picker-cells-cell"><em>27</em></span><span class="ivu-date-picker-cells-cell"><em>28</em></span><span class="ivu-date-picker-cells-cell"><em>29</em></span><span class="ivu-date-picker-cells-cell"><em>30</em></span><span class="ivu-date-picker-cells-cell ivu-date-picker-cells-cell-next-month"><em>1</em></span><span class="ivu-date-picker-cells-cell ivu-date-picker-cells-cell-next-month"><em>2</em></span><span class="ivu-date-picker-cells-cell ivu-date-picker-cells-cell-next-month"><em>3</em></span><span class="ivu-date-picker-cells-cell ivu-date-picker-cells-cell-next-month"><em>4</em></span><span class="ivu-date-picker-cells-cell ivu-date-picker-cells-cell-next-month"><em>5</em></span><span class="ivu-date-picker-cells-cell ivu-date-picker-cells-cell-next-month"><em>6</em></span><span class="ivu-date-picker-cells-cell ivu-date-picker-cells-cell-next-month"><em>7</em></span><span class="ivu-date-picker-cells-cell ivu-date-picker-cells-cell-next-month"><em>8</em></span></div></div> <div class="ivu-picker-panel-content" style="display: none;"><!----></div> <div class="ivu-picker-confirm"><button type="button" disabled="disabled" class="ivu-btn ivu-btn-text ivu-btn-small ivu-picker-confirm-time"><!----> <!----> <span>\n        选择时间\n    </span></button> <button type="button" class="ivu-btn ivu-btn-ghost ivu-btn-small"><!----> <!----> <span>\n        清空\n    </span></button> <button type="button" class="ivu-btn ivu-btn-primary ivu-btn-small"><!----> <!----> <span>\n        确定\n    </span></button></div></div></div></div></div></div> <!----></div></div></div> <div data-v-1c69fa68="" class="tr ivu-col ivu-col-span-8 ivu-col-offset-16" style="padding-left: 8px; padding-right: 8px;"><button data-v-1c69fa68="" type="button" class="ivu-btn ivu-btn-primary ivu-btn-default"><!----> <!----> <span>查询</span></button> <button data-v-1c69fa68="" type="button" class="ivu-btn ivu-btn-ghost ivu-btn-default"><!----> <!----> <span>重置</span></button> <!----></div></div></form><div dir="ltr" class="resize-sensor" style="pointer-events: none; position: absolute; inset: 0px; overflow: hidden; z-index: -1; visibility: hidden; max-width: 100%;"><div class="resize-sensor-expand" style="pointer-events: none; position: absolute; inset: 0px; overflow: hidden; z-index: -1; visibility: hidden; max-width: 100%;"><div style="position: absolute; left: 0px; top: 0px; transition: all 0s ease 0s; width: 1174px; height: 99px;"></div></div><div class="resize-sensor-shrink" style="pointer-events: none; position: absolute; inset: 0px; overflow: hidden; z-index: -1; visibility: hidden; max-width: 100%;"><div style="position: absolute; left: 0px; top: 0px; transition: all 0s ease 0s; width: 200%; height: 200%;"></div></div></div></div> <div class="app-list-page-container"><div><div class="row ivu-row"><div class="ivu-col ivu-col-span-12"><div class="actions"><button type="button" class="action-item ivu-btn ivu-btn-success ivu-btn-default"><!----> <!----> <span><i class="ivu-icon ivu-icon-refresh"></i>&nbsp;刷新\n        </span></button><button type="button" class="action-item ivu-btn ivu-btn-primary ivu-btn-default"><!----> <!----> <span><!---->&nbsp;导出Excel\n        </span></button> <!----> </div></div></div> <div class="row ivu-row"><div class="ivu-col ivu-col-span-24"><!----> <div data-v-5b8bb406="" style="position: relative;"><div data-v-5b8bb406="" class="ivu-col ivu-col-span-24"><div data-v-5b8bb406="" class="ivu-table-wrapper"><div class="ivu-table ivu-table-border ivu-table-stripe"><!----> <div class="ivu-table-header"><table cellspacing="0" cellpadding="0" border="0" style="width: 1281px;"><colgroup><col width="256"><col width="256"><col width="192"><col width="192"><col width="192"><col width="192"> <!----></colgroup> <thead><tr><th class="ivu-table-column-center"><div class="ivu-table-cell"><span class="">发送日期</span> <!----> <!----></div></th><th class="ivu-table-column-center"><div class="ivu-table-cell"><span class="">运营号信息</span> <!----> <!----></div></th><th class="ivu-table-column-center"><div class="ivu-table-cell"><span class="">发送总数</span> <!----> <!----></div></th><th class="ivu-table-column-center"><div class="ivu-table-cell"><span class="">点击人数</span> <!----> <!----></div></th><th class="ivu-table-column-center"><div class="ivu-table-cell"><span class="">点击次数</span> <!----> <!----></div></th><th class="ivu-table-column-center"><div class="ivu-table-cell"><span class="">客户点击率</span> <!----> <!----></div></th> <!----></tr></thead></table></div> <div class="ivu-table-body" style="display: none;"><table cellspacing="0" cellpadding="0" border="0" style="width: 1281px;"><colgroup><col width="256"><col width="256"><col width="192"><col width="192"><col width="192"><col width="192"></colgroup> <tbody class="ivu-table-tbody"></tbody></table></div> <div class="ivu-table-tip"><table cellspacing="0" cellpadding="0" border="0"><tbody><tr><td style="width: 1281px;"><span>暂无数据</span></td></tr></tbody></table></div> <!----> <!----> <!----> <!----></div> <!----><object tabindex="-1" type="text/html" data="about:blank" style="display: block; position: absolute; top: 0px; left: 0px; width: 100%; height: 100%; border: none; padding: 0px; margin: 0px; opacity: 0; z-index: -1000; pointer-events: none;"></object></div></div><div dir="ltr" class="resize-sensor" style="pointer-events: none; position: absolute; inset: 0px; overflow: hidden; z-index: -1; visibility: hidden; max-width: 100%;"><div class="resize-sensor-expand" style="pointer-events: none; position: absolute; inset: 0px; overflow: hidden; z-index: -1; visibility: hidden; max-width: 100%;"><div style="position: absolute; left: 0px; top: 0px; transition: all 0s ease 0s; width: 1174px; height: 10px;"></div></div><div class="resize-sensor-shrink" style="pointer-events: none; position: absolute; inset: 0px; overflow: hidden; z-index: -1; visibility: hidden; max-width: 100%;"><div style="position: absolute; left: 0px; top: 0px; transition: all 0s ease 0s; width: 200%; height: 200%;"></div></div></div></div> <!----></div></div> <div class="row ivu-row"><div class="ivu-col ivu-col-span-24"><div><div class="ivu-tooltip"><div class="ivu-tooltip-rel"><ul class="paginator ivu-page"><!----> <li title="上一页" class="ivu-page-prev ivu-page-disabled"><a><i class="ivu-icon ivu-icon-ios-arrow-left"></i></a></li> <li title="1" class="ivu-page-item ivu-page-item-active"><a>1</a></li> <!----> <!----> <!----> <!----> <!----> <!----> <!----> <!----> <li title="下一页" class="ivu-page-next ivu-page-disabled"><a><i class="ivu-icon ivu-icon-ios-arrow-right"></i></a></li> <div class="ivu-page-options"><div class="ivu-page-options-sizer"><div class="ivu-select ivu-select-single ivu-select-default"><div tabindex="0" class="ivu-select-selection"><input type="hidden" value="20"> <div> <span class="ivu-select-selected-value">20 条/页</span> <!----> <!----> <i class="ivu-icon ivu-icon-arrow-down-b ivu-select-arrow"></i></div></div> <div class="ivu-select-dropdown" style="display: none;"><ul class="ivu-select-not-found" style="display: none;"><li>无匹配数据</li></ul> <ul class="ivu-select-dropdown-list"><li class="ivu-select-item ivu-select-item-selected" style="text-align: center;">20 条/页</li><li class="ivu-select-item" style="text-align: center;">50 条/页</li><li class="ivu-select-item" style="text-align: center;">100 条/页</li></ul> <ul class="ivu-select-loading" style="display: none;">加载中</ul></div></div></div> <div class="ivu-page-options-elevator">\n        跳至\n        <input type="text" autocomplete="off" spellcheck="false">\n        页\n    </div></div></ul> <p class="page-desc">共找到0条记录</p> <!----></div> <div class="ivu-tooltip-popper" style="display: none; position: absolute; will-change: top, left; top: 0px; left: 0px;" x-placement="top-start" x-out-of-boundaries=""><div class="ivu-tooltip-content"><div class="ivu-tooltip-arrow"></div> <div class="ivu-tooltip-inner">由于搜索结果较多，只提供前10000条</div></div></div></div></div></div></div></div></div> <!----></div></div></div></div></div></div></div></div></div></div><script src="/s/manifest.min.js?v=e26c10898ae94e5b6be9"></script><script src="/s/lib.ui.min.js?v=2939458c7e52b098a515"></script><script src="/s/lib.vendors.min.js?v=38ee2c2a3a1ea0b78f62"></script><script src="/s/lib.core.min.js?v=ce9da09ae42f5c5d3745"></script><script src="/s/marketing.interactRadar.statistic.min.js?v=3f850c5cfc0a2379e748"></script></body></html>')
INFO     core.until.cases:cases.py:112 测试用例执行结束
INFO     core.until.cases:cases.py:80 测试用例开始执行
INFO     core.until.cases:cases.py:90 解析用例名称:case_name='验证删除雷达渠道功能', fixture_name='admin_driver'
INFO     core.until.cases:cases.py:103 执行关键字name='点击导航栏互动雷达选项', key='click', args=['/html/body/div[1]/div[1]/div[1]/div[2]/div/ul/li[4]/div/span']
INFO     core.until.cases:cases.py:103 执行关键字name='切换互动雷达主页', key='iframe_enter', args=['//iframe[@src="/marketing/interactRadar/page"]']
INFO     core.until.cases:cases.py:103 执行关键字name='搜索框输入雷达标题', key='input', args=['//label[contains(text(),"雷达标题")]/../div/div/input', 'zdh测试正常创建互动雷达标题']
INFO     core.until.cases:cases.py:103 执行关键字name='搜索框输入创建人用户名', key='input', args=['//label[contains(text(),"创建人")]/../div/div/input', '神秘人']
INFO     core.until.cases:cases.py:103 执行关键字name='点击查询按钮', key='click', args=['//span[contains(text(),"查询")]']
INFO     core.until.cases:cases.py:103 执行关键字name='等待', key='sleep', args=[1]
INFO     core.until.cases:cases.py:103 执行关键字name='点击分享按钮', key='click', args=['//tbody[1]/tr/td[1]/div/div/span[2]']
INFO     core.until.cases:cases.py:103 执行关键字name='退出页面', key='iframe_exit', args=[]
INFO     core.until.cases:cases.py:103 执行关键字name='切换雷达渠道页面', key='iframe_enter', args=['//iframe[contains(@src,"/marketing/interactRadar/channel")]']
INFO     core.until.cases:cases.py:103 执行关键字name='点击删除渠道链接按钮', key='click', args=['/html/body/div/div/div/div/div/div[2]/div/div[2]/div/div/div[1]/div/div/div[4]/div[2]/table/tbody/tr/td[1]/div/div/span[3]']
INFO     core.until.cases:cases.py:103 执行关键字name='退出页面', key='iframe_exit', args=[]
INFO     core.until.cases:cases.py:103 执行关键字name='点击删除渠道链接二次确认确定按钮', key='click', args=['//span[contains(text(),"确定")]']
INFO     core.until.cases:cases.py:103 执行关键字name='断言提示信息', key='assert_text', args=['//div[@class="ivu-notice-title"]', '删除成功']
INFO     webdriver_helper:kdt.py:225 assert (text='删除成功') == (element.text='删除成功')
INFO     core.until.cases:cases.py:112 测试用例执行结束
INFO     core.until.cases:cases.py:80 测试用例开始执行
INFO     core.until.cases:cases.py:90 解析用例名称:case_name='验证雷达数据条件查询下拉列表不显示已删除雷达渠道选项', fixture_name='admin_driver'
INFO     core.until.cases:cases.py:103 执行关键字name='点击导航栏互动雷达选项', key='click', args=['/html/body/div[1]/div[1]/div[1]/div[2]/div/ul/li[4]/div/span']
INFO     core.until.cases:cases.py:103 执行关键字name='切换互动雷达主页', key='iframe_enter', args=['//iframe[@src="/marketing/interactRadar/page"]']
INFO     core.until.cases:cases.py:103 执行关键字name='搜索框输入雷达标题', key='input', args=['//label[contains(text(),"雷达标题")]/../div/div/input', 'zdh测试正常创建互动雷达标题']
INFO     core.until.cases:cases.py:103 执行关键字name='搜索框输入创建人用户名', key='input', args=['//label[contains(text(),"创建人")]/../div/div/input', '神秘人']
INFO     core.until.cases:cases.py:103 执行关键字name='点击查询按钮', key='click', args=['//span[contains(text(),"查询")]']
INFO     core.until.cases:cases.py:103 执行关键字name='等待', key='sleep', args=[1]
INFO     core.until.cases:cases.py:103 执行关键字name='点击数据按钮', key='click', args=['//tbody[1]/tr/td[1]/div/div/span[1]']
INFO     core.until.cases:cases.py:103 执行关键字name='退出页面', key='iframe_exit', args=[]
INFO     core.until.cases:cases.py:103 执行关键字name='切换雷达数据主页', key='iframe_enter', args=['//iframe[contains(@src,"/marketing/interactRadar/statistic")]']
INFO     core.until.cases:cases.py:103 执行关键字name='断言提示信息', key='assert_mandatory_field_no', args=['zdh测试雷达渠道']
INFO     webdriver_helper:kdt.py:270 (['zdh测试雷达渠道'])
INFO     webdriver_helper:kdt.py:272 assert (i='zdh测试雷达渠道') not in (msg='<html><head><meta http-equiv="Content-Type" content="text/html; charset=utf-8"><title>智己汽车</title><meta name="viewport" content="width=device-width,initial-scale=1,user-scalable=no"><meta name="renderer" content="webkit"><link rel="shortcut icon" href="/favicon.ico"><link href="/s/theme_default.min.css" rel="stylesheet"><link href="/s/lib.vendors.min.css?v=02454ce1810946b6696b" rel="stylesheet"><link href="/s/lib.core.min.css?v=02454ce1810946b6696b" rel="stylesheet"><link href="/s/marketing.interactRadar.statistic.min.css?v=02454ce1810946b6696b" rel="stylesheet"></head><body marginwidth="0" marginheight="0"><script>window.AppData = {\n    modules: ["im","ecommerce"],\n    enableUim: true,\n    site: {"title":"智己汽车","organization":"悄悄科技","copyright":"","favicon":"/favicon.ico","logo":"","logo_small":"/img/logo_small.png","url":"http://www.qiaoqiaowan.net","baidu_phone_url":"http://bj.bcebos.com/v1/yapweb/acp/prod/#/","uim":"https://wss-uat.immotors.com","groupTime":5,"timelineTime":10,"regionId":[100000206,100000223,100000196,100000091,100000056,100000244],"upload":{"image":{"size":10240},"video":{"size":10240}}},\n    employee: {},\n    user: {"id":64564179271680,"username":"19542812247","tenant":{"id":"2665ebc7957448ee86f4f81989c6e7f9","merchantId":"fa87962c-2660-43b1-9f87-11d0bd85e5e2","domain":"zhijiqiche","name":"智己汽车科技有限公司","ctime":1625731676000,"deviceQouta":5,"currentDevice":194,"bizCode":"","clusterId":"","webhookUrl":"","host":"","serverUrl":"tcp://:","httpUrl":"http://:6111","appKey":"defaultAppKey","utime":1673851804000,"bindType":0,"deviceType":2,"cluster":{"im":{"host":"micro_api","port":"8080","timeout":10000},"robot":{"host":"10.53.128.38","port":"8000","timeout":10000},"imGlobal":{"host":"10.53.128.38","port":"8110","timeout":10000},"domain":{"host":"mm-gateway-server","port":"5765","timeout":10000},"ecommerseDomain":{"host":"mm-gateway-server","port":"5765","timeout":10000},"domainGlobal":{"host":"mm-gateway-server","port":"5765","timeout":10000},"druid":{"host":"10.53.128.38","port":8082,"timeout":10000},"tenantLicense":{"host":"micro_api","port":"8080","timeout":10000},"patient":{"host":"mm-gateway-server","port":"5765","timeout":10000}}},"nickname":"神秘人","superUser":false,"sex":0},\n    actions: ["view","create","update","channelDetail","copyLink","createChannelLink","customerClickDetail","deleteChannelLink","qrcode","share","statistic","export","exportChannel","exportCustomer","exportProfile","delete","channelManage","createChannel","copy"],\n    permissions: [{"resourceUri":"dms.device","action":"view","id":53920429277189},{"resourceUri":"dms.device","action":"update","id":53920429277190},{"resourceUri":"dms.device","action":"bind","id":53920429277191},{"resourceUri":"dms.device","action":"view_cloud","id":53920429277192},{"resourceUri":"marketing.enterpriseFans","action":"view","id":53920429539336},{"resourceUri":"marketing.enterpriseFans","action":"create","id":53920429539337},{"resourceUri":"marketing.enterpriseFans","action":"delete","id":53920429539338},{"resourceUri":"marketing.enterpriseFans","action":"update","id":53920429539339},{"resourceUri":"marketing.enterpriseFans","action":"fansLog","id":53920429539340},{"resourceUri":"marketing.enterpriseFans","action":"import","id":53920429539341},{"resourceUri":"marketing.enterpriseFans","action":"fansSet","id":53920429539342},{"resourceUri":"marketing.enterpriseFans","action":"relieve","id":53920429539343},{"resourceUri":"im.relation","action":"view","id":53920429539347},{"resourceUri":"im.relation","action":"update","id":53920429539348},{"resourceUri":"im.group","action":"view","id":53920429539353},{"resourceUri":"im.group","action":"update","id":53920429539354},{"resourceUri":"erp.employee","action":"view","id":53920429539390},{"resourceUri":"erp.employee","action":"create","id":53920429539391},{"resourceUri":"erp.employee","action":"update","id":53920429539392},{"resourceUri":"erp.employee","action":"delete","id":53920429539393},{"resourceUri":"erp.employee","action":"adminChangePassword","id":53920429539394},{"resourceUri":"erp.department","action":"view","id":53920429539396},{"resourceUri":"erp.department","action":"create","id":53920429539397},{"resourceUri":"erp.department","action":"update","id":53920429539398},{"resourceUri":"erp.department","action":"delete","id":53920429539399},{"resourceUri":"auth.role","action":"view","id":53920429539401},{"resourceUri":"auth.role","action":"create","id":53920429539402},{"resourceUri":"auth.role","action":"update","id":53920429539403},{"resourceUri":"auth.role","action":"delete","id":53920429539404},{"resourceUri":"marketing.timeline","action":"create","id":53920429801479},{"resourceUri":"marketing.wxgroup","action":"create","id":53921243234304},{"resourceUri":"marketing.wxgroup","action":"update","id":53921246117888},{"resourceUri":"marketing.wxgroup","action":"details","id":53921250312192},{"resourceUri":"marketing.wxgroup","action":"view","id":53921256603648},{"resourceUri":"system.personal","action":"view","id":53921265254400},{"resourceUri":"erp.employee","action":"dimission","id":53921272332288},{"resourceUri":"marketing.wxgroup","action":"cancel","id":54081208221696},{"resourceUri":"customerservice.userCode","action":"view","id":54852411228160},{"resourceUri":"customerservice.autoKeyword","action":"view","id":54852415160320},{"resourceUri":"customerservice.welcomeSpeech","action":"view","id":54852418043904},{"resourceUri":"customerservice.wordMethod","action":"view","id":54852421189632},{"resourceUri":"customerservice.uim","action":"view","id":54852424073216},{"resourceUri":"im.groupChatManager","action":"view","id":54900551090176},{"resourceUri":"im.blackList","action":"view","id":54900554498048},{"resourceUri":"customerservice.welcomeGroup","action":"view","id":54900557381632},{"resourceUri":"customerservice.individualWordMethod","action":"view","id":55688676802560},{"resourceUri":"im.operationLog","action":"view","id":56482902081536},{"resourceUri":"im.profileRelation","action":"view","id":56542475616256},{"resourceUri":"marketing.timeline","action":"view","id":56543938379776},{"resourceUri":"marketing.timeline","action":"update","id":56543942574080},{"resourceUri":"im.groupChatManager","action":"batchGourpTags","id":56544317702144},{"resourceUri":"im.groupChatManager","action":"batchGourpDesc","id":56544323469312},{"resourceUri":"im.group","action":"delete","id":56870263881728},{"resourceUri":"im.group","action":"copy","id":56870266241024},{"resourceUri":"im.group","action":"recount","id":56870274105344},{"resourceUri":"im.group","action":"create","id":56870276726784},{"resourceUri":"marketing.dataBoard","action":"view","id":57778028445696},{"resourceUri":"im.relation.userInfo","action":"view","id":58467445932032},{"resourceUri":"marketing.channelLiveCode","action":"view","id":62317637435392},{"resourceUri":"marketing.channelLiveCode","action":"batchUpdate","id":62317649231872},{"resourceUri":"marketing.channelLiveCode","action":"delete","id":62317653688320},{"resourceUri":"marketing.personalActivityCode","action":"view","id":62317667581952},{"resourceUri":"marketing.personalActivityCode","action":"create","id":62317672824832},{"resourceUri":"marketing.personalActivityCode","action":"update","id":62317678067712},{"resourceUri":"marketing.personalActivityCode","action":"batchUpdate","id":62317684359168},{"resourceUri":"marketing.personalActivityCode","action":"delete","id":62317688553472},{"resourceUri":"marketing.storeActivityCode","action":"view","id":62317700087808},{"resourceUri":"marketing.storeActivityCode","action":"create","id":62317705068544},{"resourceUri":"marketing.storeActivityCode","action":"update","id":62317710049280},{"resourceUri":"marketing.storeActivityCode","action":"delete","id":62317714767872},{"resourceUri":"customerservice.userCode","action":"create","id":62325470822400},{"resourceUri":"customerservice.userCode","action":"update","id":62325472919552},{"resourceUri":"customerservice.userCode","action":"delete","id":62325474492416},{"resourceUri":"customerservice.autoKeyword","action":"create","id":62325481046016},{"resourceUri":"customerservice.autoKeyword","action":"update","id":62325484191744},{"resourceUri":"customerservice.autoKeyword","action":"delete","id":62325487337472},{"resourceUri":"customerservice.welcomeSpeech","action":"create","id":62325490483200},{"resourceUri":"customerservice.welcomeSpeech","action":"update","id":62325492580352},{"resourceUri":"customerservice.welcomeSpeech","action":"delete","id":62325495463936},{"resourceUri":"customerservice.wordMethod","action":"create","id":62325498085376},{"resourceUri":"customerservice.wordMethod","action":"update","id":62325501755392},{"resourceUri":"customerservice.wordMethod","action":"delete","id":62325504638976},{"resourceUri":"customerservice.welcomeGroup","action":"create","id":62325508308992},{"resourceUri":"customerservice.welcomeGroup","action":"update","id":62325510668288},{"resourceUri":"customerservice.welcomeGroup","action":"delete","id":62325513027584},{"resourceUri":"customerservice.individualWordMethod","action":"create","id":62325515649024},{"resourceUri":"customerservice.individualWordMethod","action":"update","id":62325518270464},{"resourceUri":"customerservice.individualWordMethod","action":"delete","id":62325521416192},{"resourceUri":"marketing.activityCode","action":"create","id":62415602483200},{"resourceUri":"marketing.activityCode","action":"update","id":62415607463936},{"resourceUri":"marketing.activityCode","action":"view","id":62415612706816},{"resourceUri":"marketing.channelLiveCode","action":"statistics","id":63139844227072},{"resourceUri":"marketing.channelLiveCode","action":"batchStatistics","id":63139849469952},{"resourceUri":"marketing.channelLiveCode","action":"batchDelete","id":63139853402112},{"resourceUri":"marketing.channelLiveCode","action":"batchUpdateTag","id":63139860480000},{"resourceUri":"marketing.storeCode","action":"view","id":63140559880192},{"resourceUri":"marketing.storeCode","action":"batchUpdate","id":63140572987392},{"resourceUri":"marketing.storeCode","action":"statistics","id":63140576133120},{"resourceUri":"marketing.storeCode","action":"batchStatistics","id":63140580065280},{"resourceUri":"marketing.storeCode","action":"batchDelete","id":63140590026752},{"resourceUri":"marketing.storeCode","action":"batchUpdateTag","id":63140594221056},{"resourceUri":"marketing.activityCode","action":"batchUpdate","id":63140602871808},{"resourceUri":"marketing.activityCode","action":"statistics","id":63140606279680},{"resourceUri":"marketing.activityCode","action":"batchStatistics","id":63140610998272},{"resourceUri":"marketing.activityCode","action":"batchUpdateTag","id":63140614930432},{"resourceUri":"marketing.activityCode","action":"batchDelete","id":63140618862592},{"resourceUri":"marketing.storeActivityCode","action":"batchUpdate","id":63140627775488},{"resourceUri":"marketing.storeActivityCode","action":"statistics","id":63140631445504},{"resourceUri":"marketing.storeActivityCode","action":"batchStatistics","id":63140635377664},{"resourceUri":"marketing.storeActivityCode","action":"batchUpdateTag","id":63140638523392},{"resourceUri":"marketing.personalActivityCode","action":"statistics","id":63140645863424},{"resourceUri":"marketing.personalActivityCode","action":"batchStatistics","id":63140649533440},{"resourceUri":"marketing.personalActivityCode","action":"batchDelete","id":63140652679168},{"resourceUri":"marketing.personalActivityCode","action":"batchUpdateTag","id":63140655824896},{"resourceUri":"marketing.storeActivityCode","action":"batchDelete","id":63140684136448},{"resourceUri":"marketing.lbsTool","action":"view","id":63929096110080},{"resourceUri":"marketing.lbsTool","action":"create","id":63929098469376},{"resourceUri":"marketing.lbsTool","action":"update","id":63929100304384},{"resourceUri":"marketing.lbsTool","action":"batchUpdate","id":63929104760832},{"resourceUri":"marketing.lbsTool","action":"batchUpdateTag","id":63929109741568},{"resourceUri":"marketing.lbsTool","action":"statistics","id":63929113673728},{"resourceUri":"marketing.lbsTool","action":"batchStatistics","id":63929116819456},{"resourceUri":"marketing.lbsTool","action":"batchDelete","id":63929121538048},{"resourceUri":"marketing.lbsTool","action":"userDetail","id":63929126518784},{"resourceUri":"marketing.lbsTool","action":"delete","id":63929130713088},{"resourceUri":"marketing.lbsTool","action":"download","id":63929132548096},{"resourceUri":"marketing.timelinePc","action":"view","id":64023199252480},{"resourceUri":"marketing.timelinePc","action":"create","id":64023202136064},{"resourceUri":"marketing.timelinePc","action":"update","id":64023204757504},{"resourceUri":"marketing.timelinePc","action":"cancel","id":64023207641088},{"resourceUri":"marketing.timelinePc","action":"details","id":64023229923328},{"resourceUri":"marketing.interactRadar","action":"view","id":64703968083968},{"resourceUri":"marketing.interactRadar","action":"create","id":64703970443264},{"resourceUri":"marketing.interactRadar","action":"update","id":64703973064704},{"resourceUri":"marketing.interactRadar","action":"channelDetail","id":64703978307584},{"resourceUri":"marketing.interactRadar","action":"copyLink","id":64703982239744},{"resourceUri":"marketing.interactRadar","action":"createChannelLink","id":64703987220480},{"resourceUri":"marketing.interactRadar","action":"customerClickDetail","id":64703990890496},{"resourceUri":"marketing.interactRadar","action":"deleteChannelLink","id":64703995346944},{"resourceUri":"marketing.interactRadar","action":"qrcode","id":64703998754816},{"resourceUri":"marketing.interactRadar","action":"share","id":64704002162688},{"resourceUri":"marketing.interactRadar","action":"statistic","id":64704005308416},{"resourceUri":"marketing.interactRadar","action":"export","id":64704009240576},{"resourceUri":"marketing.interactRadar","action":"exportChannel","id":64704012910592},{"resourceUri":"marketing.interactRadar","action":"exportCustomer","id":64704016318464},{"resourceUri":"marketing.interactRadar","action":"exportProfile","id":64704020512768},{"resourceUri":"marketing.interactRadar","action":"delete","id":64722394972160},{"resourceUri":"dms.devicePc","action":"view","id":64791401758720},{"resourceUri":"dms.devicePc","action":"update","id":64791403855872},{"resourceUri":"dms.devicePc","action":"bind","id":64791405953024},{"resourceUri":"dms.devicePc","action":"view_cloud","id":64791411458048},{"resourceUri":"marketing.interactRadar","action":"channelManage","id":65786063126528},{"resourceUri":"marketing.interactRadar","action":"createChannel","id":65786069417984},{"resourceUri":"marketing.interactRadar","action":"copy","id":65786074923008},{"resourceUri":"marketing.wxgroup","action":"reSend","id":67486487183360}],\n    domain: {"id":"69138112872448"} }</script><div class="main-page"><div class="main-content"><div data-v-6ef48cd8=""><div data-v-6ef48cd8="" class="ivu-card ivu-card-bordered"><!----> <!----> <div class="ivu-card-body"><div data-v-6ef48cd8="" class="ivu-row" style="margin-left: -12px; margin-right: -12px;"><div data-v-6ef48cd8="" class="ivu-col ivu-col-span-6" style="padding-left: 12px; padding-right: 12px;"><div data-v-6ef48cd8="" class="ivu-card ivu-card-bordered"><div class="ivu-card-head"><p><!---->\n            雷达预览\n        </p></div> <!----> <div class="ivu-card-body"><div data-v-4637997c="" data-v-6ef48cd8="" class="radar-preview-layout stat-container"><div data-v-4637997c="" class="radar-preview-left"><div data-v-4637997c="" class="radar-preview-title">zdh测试正常创建互动雷达链接标题</div> <div data-v-4637997c="" class="radar-preview-desc">zdh测试正常创建互动雷达链接摘要</div></div> <img data-v-4637997c="" src="http://oss-im-iss-uat.oss-cn-shanghai.aliyuncs.com/eddf67cdcb4c16539d6431079c251738-1683356638439.jpg" alt="" class="radar-preview-cover"></div></div></div></div> <div data-v-6ef48cd8="" class="ivu-col ivu-col-span-18" style="padding-left: 12px; padding-right: 12px;"><div data-v-6ef48cd8="" class="ivu-card ivu-card-bordered"><div class="ivu-card-head"><p><!---->\n            数据总览\n        </p></div> <div class="ivu-card-extra"><div data-v-6ef48cd8="" class="ivu-tooltip"><div class="ivu-tooltip-rel"><i data-v-6ef48cd8="" class="ivu-icon ivu-icon-ios-help-outline" style="font-size: 20px;"></i></div> <div class="ivu-tooltip-popper" style="display: none; position: absolute; will-change: top, left; top: 23px; left: 0px;" x-placement="left-end"><div class="ivu-tooltip-content"><div class="ivu-tooltip-arrow"></div> <div class="ivu-tooltip-inner">（好友数据/非好友数据）</div></div></div></div></div> <div class="ivu-card-body"> <div data-v-6ef48cd8="" class="stat-container ivu-row"><div data-v-6ef48cd8="" class="stat-count-item ivu-col ivu-col-span-4"><div data-v-6ef48cd8="" class="stat-count-number">0</div> <div data-v-6ef48cd8="">推送总人数</div></div> <div data-v-6ef48cd8="" class="stat-count-item ivu-col ivu-col-span-4"><div data-v-6ef48cd8="" class="stat-count-number">0(<p data-v-6ef48cd8="" class="num">0</p>/<p data-v-6ef48cd8="" class="num">\n                0</p>)</div> <div data-v-6ef48cd8="">总点击人数</div></div> <div data-v-6ef48cd8="" class="stat-count-item ivu-col ivu-col-span-4"><div data-v-6ef48cd8="" class="stat-count-number">0(<p data-v-6ef48cd8="" class="num">0</p>/<p data-v-6ef48cd8="" class="num">0</p>)</div> <div data-v-6ef48cd8="">总点击次数</div></div> <div data-v-6ef48cd8="" class="stat-count-item ivu-col ivu-col-span-4"><div data-v-6ef48cd8="" class="stat-count-number">0</div> <div data-v-6ef48cd8="">今日推送总人数</div></div> <div data-v-6ef48cd8="" class="stat-count-item ivu-col ivu-col-span-4"><div data-v-6ef48cd8="" class="stat-count-number">0(<p data-v-6ef48cd8="" class="num">0</p>/<p data-v-6ef48cd8="" class="num">0</p>)</div> <div data-v-6ef48cd8="">今日点击人数</div></div> <div data-v-6ef48cd8="" class="stat-count-item ivu-col ivu-col-span-4"><div data-v-6ef48cd8="" class="stat-count-number">0(<p data-v-6ef48cd8="" class="num">0</p>/<p data-v-6ef48cd8="" class="num">0</p>)</div> <div data-v-6ef48cd8="">今日点击次数</div></div></div></div></div></div></div></div></div> <div data-v-6ef48cd8="" class="mt-16 ivu-card ivu-card-bordered"><div class="ivu-card-head"><p><!---->\n            UV&amp;PV\n        </p></div> <!----> <div class="ivu-card-body"><div data-v-6a917631="" data-v-6ef48cd8=""><div data-v-6a917631="" class="mt-16"><div data-v-6a917631="" class="ivu-row"><div data-v-6a917631="" class="ivu-col ivu-col-span-md-24 ivu-col-span-lg-3"><div data-v-6a917631="" class="ivu-btn-group"><button data-v-6a917631="" type="button" class="ivu-btn ivu-btn-primary"><!----> <!----> <span>\n            最近14天\n          </span></button><button data-v-6a917631="" type="button" class="ivu-btn ivu-btn-ghost"><!----> <!----> <span>\n            最近1个月\n          </span></button></div></div> <div data-v-6a917631="" class="ivu-col ivu-col-span-md-24 ivu-col-span-lg-21"><div data-v-6a917631="" class="ivu-row-flex ivu-row-flex-start"><div data-v-6a917631="" class="ivu-col ivu-col-span-xs-24 ivu-col-span-sm-24 ivu-col-span-md-12 ivu-col-span-lg-8" style="margin-top: 10px;"><span data-v-6a917631="" class="label">点击日期:</span> <div data-v-6a917631="" class="ivu-date-picker" style="width: 95%;"><div class="ivu-date-picker-rel"><div class="ivu-input-wrapper ivu-input-type ivu-date-picker-editor"><!----> <i class="ivu-icon ivu-icon-ios-calendar-outline ivu-input-icon ivu-input-icon-normal"></i> <!----> <input autocomplete="off" spellcheck="false" type="text" placeholder="请选择日期范围" class="ivu-input"> <!----></div></div> <div class="ivu-select-dropdown" style="display: none;"><div><div class="ivu-picker-panel-body-wrapper ivu-date-picker-with-range" steps=""><!----> <div class="ivu-picker-panel-body ivu-picker-panel-body-date"><div class="ivu-picker-panel-content ivu-picker-panel-content-left"><div class="ivu-date-picker-header"><span class="ivu-picker-panel-icon-btn ivu-date-picker-prev-btn ivu-date-picker-prev-btn-arrow-double"><i class="ivu-icon ivu-icon-ios-arrow-left"></i></span> <span class="ivu-picker-panel-icon-btn ivu-date-picker-prev-btn ivu-date-picker-prev-btn-arrow"><i class="ivu-icon ivu-icon-ios-arrow-left"></i></span> <span><span class="ivu-date-picker-header-label">2023年</span>   <span class="ivu-date-picker-header-label">5月</span></span> <!----> <!----></div> <div class="ivu-date-picker-cells"><div class="ivu-date-picker-cells-header"><span>\n            日\n        </span><span>\n            一\n        </span><span>\n            二\n        </span><span>\n            三\n        </span><span>\n            四\n        </span><span>\n            五\n        </span><span>\n            六\n        </span></div> <span class="ivu-date-picker-cells-cell ivu-date-picker-cells-cell-prev-month"><em>30</em></span><span class="ivu-date-picker-cells-cell"><em>1</em></span><span class="ivu-date-picker-cells-cell"><em>2</em></span><span class="ivu-date-picker-cells-cell"><em>3</em></span><span class="ivu-date-picker-cells-cell"><em>4</em></span><span class="ivu-date-picker-cells-cell"><em>5</em></span><span class="ivu-date-picker-cells-cell"><em>6</em></span><span class="ivu-date-picker-cells-cell"><em>7</em></span><span class="ivu-date-picker-cells-cell"><em>8</em></span><span class="ivu-date-picker-cells-cell"><em>9</em></span><span class="ivu-date-picker-cells-cell"><em>10</em></span><span class="ivu-date-picker-cells-cell ivu-date-picker-cells-cell-today ivu-date-picker-cells-focused"><em>11</em></span><span class="ivu-date-picker-cells-cell ivu-date-picker-cells-cell-disabled"><em>12</em></span><span class="ivu-date-picker-cells-cell ivu-date-picker-cells-cell-disabled"><em>13</em></span><span class="ivu-date-picker-cells-cell ivu-date-picker-cells-cell-disabled"><em>14</em></span><span class="ivu-date-picker-cells-cell ivu-date-picker-cells-cell-disabled"><em>15</em></span><span class="ivu-date-picker-cells-cell ivu-date-picker-cells-cell-disabled"><em>16</em></span><span class="ivu-date-picker-cells-cell ivu-date-picker-cells-cell-disabled"><em>17</em></span><span class="ivu-date-picker-cells-cell ivu-date-picker-cells-cell-disabled"><em>18</em></span><span class="ivu-date-picker-cells-cell ivu-date-picker-cells-cell-disabled"><em>19</em></span><span class="ivu-date-picker-cells-cell ivu-date-picker-cells-cell-disabled"><em>20</em></span><span class="ivu-date-picker-cells-cell ivu-date-picker-cells-cell-disabled"><em>21</em></span><span class="ivu-date-picker-cells-cell ivu-date-picker-cells-cell-disabled"><em>22</em></span><span class="ivu-date-picker-cells-cell ivu-date-picker-cells-cell-disabled"><em>23</em></span><span class="ivu-date-picker-cells-cell ivu-date-picker-cells-cell-disabled"><em>24</em></span><span class="ivu-date-picker-cells-cell ivu-date-picker-cells-cell-disabled"><em>25</em></span><span class="ivu-date-picker-cells-cell ivu-date-picker-cells-cell-disabled"><em>26</em></span><span class="ivu-date-picker-cells-cell ivu-date-picker-cells-cell-disabled"><em>27</em></span><span class="ivu-date-picker-cells-cell ivu-date-picker-cells-cell-disabled"><em>28</em></span><span class="ivu-date-picker-cells-cell ivu-date-picker-cells-cell-disabled"><em>29</em></span><span class="ivu-date-picker-cells-cell ivu-date-picker-cells-cell-disabled"><em>30</em></span><span class="ivu-date-picker-cells-cell ivu-date-picker-cells-cell-disabled"><em>31</em></span><span class="ivu-date-picker-cells-cell ivu-date-picker-cells-cell-disabled ivu-date-picker-cells-cell-next-month"><em>1</em></span><span class="ivu-date-picker-cells-cell ivu-date-picker-cells-cell-disabled ivu-date-picker-cells-cell-next-month"><em>2</em></span><span class="ivu-date-picker-cells-cell ivu-date-picker-cells-cell-disabled ivu-date-picker-cells-cell-next-month"><em>3</em></span><span class="ivu-date-picker-cells-cell ivu-date-picker-cells-cell-disabled ivu-date-picker-cells-cell-next-month"><em>4</em></span><span class="ivu-date-picker-cells-cell ivu-date-picker-cells-cell-disabled ivu-date-picker-cells-cell-next-month"><em>5</em></span><span class="ivu-date-picker-cells-cell ivu-date-picker-cells-cell-disabled ivu-date-picker-cells-cell-next-month"><em>6</em></span><span class="ivu-date-picker-cells-cell ivu-date-picker-cells-cell-disabled ivu-date-picker-cells-cell-next-month"><em>7</em></span><span class="ivu-date-picker-cells-cell ivu-date-picker-cells-cell-disabled ivu-date-picker-cells-cell-next-month"><em>8</em></span><span class="ivu-date-picker-cells-cell ivu-date-picker-cells-cell-disabled ivu-date-picker-cells-cell-next-month"><em>9</em></span><span class="ivu-date-picker-cells-cell ivu-date-picker-cells-cell-disabled ivu-date-picker-cells-cell-next-month"><em>10</em></span></div></div> <div class="ivu-picker-panel-content ivu-picker-panel-content-right"><div class="ivu-date-picker-header"><!----> <!----> <span><span class="ivu-date-picker-header-label">2023年</span>   <span class="ivu-date-picker-header-label">6月</span></span> <span class="ivu-picker-panel-icon-btn ivu-date-picker-next-btn ivu-date-picker-next-btn-arrow-double"><i class="ivu-icon ivu-icon-ios-arrow-right"></i></span> <span class="ivu-picker-panel-icon-btn ivu-date-picker-next-btn ivu-date-picker-next-btn-arrow"><i class="ivu-icon ivu-icon-ios-arrow-right"></i></span></div> <div class="ivu-date-picker-cells"><div class="ivu-date-picker-cells-header"><span>\n            日\n        </span><span>\n            一\n        </span><span>\n            二\n        </span><span>\n            三\n        </span><span>\n            四\n        </span><span>\n            五\n        </span><span>\n            六\n        </span></div> <span class="ivu-date-picker-cells-cell ivu-date-picker-cells-cell-disabled ivu-date-picker-cells-cell-prev-month"><em>28</em></span><span class="ivu-date-picker-cells-cell ivu-date-picker-cells-cell-disabled ivu-date-picker-cells-cell-prev-month"><em>29</em></span><span class="ivu-date-picker-cells-cell ivu-date-picker-cells-cell-disabled ivu-date-picker-cells-cell-prev-month"><em>30</em></span><span class="ivu-date-picker-cells-cell ivu-date-picker-cells-cell-disabled ivu-date-picker-cells-cell-prev-month"><em>31</em></span><span class="ivu-date-picker-cells-cell ivu-date-picker-cells-cell-disabled"><em>1</em></span><span class="ivu-date-picker-cells-cell ivu-date-picker-cells-cell-disabled"><em>2</em></span><span class="ivu-date-picker-cells-cell ivu-date-picker-cells-cell-disabled"><em>3</em></span><span class="ivu-date-picker-cells-cell ivu-date-picker-cells-cell-disabled"><em>4</em></span><span class="ivu-date-picker-cells-cell ivu-date-picker-cells-cell-disabled"><em>5</em></span><span class="ivu-date-picker-cells-cell ivu-date-picker-cells-cell-disabled"><em>6</em></span><span class="ivu-date-picker-cells-cell ivu-date-picker-cells-cell-disabled"><em>7</em></span><span class="ivu-date-picker-cells-cell ivu-date-picker-cells-cell-disabled"><em>8</em></span><span class="ivu-date-picker-cells-cell ivu-date-picker-cells-cell-disabled"><em>9</em></span><span class="ivu-date-picker-cells-cell ivu-date-picker-cells-cell-disabled"><em>10</em></span><span class="ivu-date-picker-cells-cell ivu-date-picker-cells-cell-disabled"><em>11</em></span><span class="ivu-date-picker-cells-cell ivu-date-picker-cells-cell-disabled"><em>12</em></span><span class="ivu-date-picker-cells-cell ivu-date-picker-cells-cell-disabled"><em>13</em></span><span class="ivu-date-picker-cells-cell ivu-date-picker-cells-cell-disabled"><em>14</em></span><span class="ivu-date-picker-cells-cell ivu-date-picker-cells-cell-disabled"><em>15</em></span><span class="ivu-date-picker-cells-cell ivu-date-picker-cells-cell-disabled"><em>16</em></span><span class="ivu-date-picker-cells-cell ivu-date-picker-cells-cell-disabled"><em>17</em></span><span class="ivu-date-picker-cells-cell ivu-date-picker-cells-cell-disabled"><em>18</em></span><span class="ivu-date-picker-cells-cell ivu-date-picker-cells-cell-disabled"><em>19</em></span><span class="ivu-date-picker-cells-cell ivu-date-picker-cells-cell-disabled"><em>20</em></span><span class="ivu-date-picker-cells-cell ivu-date-picker-cells-cell-disabled"><em>21</em></span><span class="ivu-date-picker-cells-cell ivu-date-picker-cells-cell-disabled"><em>22</em></span><span class="ivu-date-picker-cells-cell ivu-date-picker-cells-cell-disabled"><em>23</em></span><span class="ivu-date-picker-cells-cell ivu-date-picker-cells-cell-disabled"><em>24</em></span><span class="ivu-date-picker-cells-cell ivu-date-picker-cells-cell-disabled"><em>25</em></span><span class="ivu-date-picker-cells-cell ivu-date-picker-cells-cell-disabled"><em>26</em></span><span class="ivu-date-picker-cells-cell ivu-date-picker-cells-cell-disabled"><em>27</em></span><span class="ivu-date-picker-cells-cell ivu-date-picker-cells-cell-disabled"><em>28</em></span><span class="ivu-date-picker-cells-cell ivu-date-picker-cells-cell-disabled"><em>29</em></span><span class="ivu-date-picker-cells-cell ivu-date-picker-cells-cell-disabled"><em>30</em></span><span class="ivu-date-picker-cells-cell ivu-date-picker-cells-cell-disabled ivu-date-picker-cells-cell-next-month"><em>1</em></span><span class="ivu-date-picker-cells-cell ivu-date-picker-cells-cell-disabled ivu-date-picker-cells-cell-next-month"><em>2</em></span><span class="ivu-date-picker-cells-cell ivu-date-picker-cells-cell-disabled ivu-date-picker-cells-cell-next-month"><em>3</em></span><span class="ivu-date-picker-cells-cell ivu-date-picker-cells-cell-disabled ivu-date-picker-cells-cell-next-month"><em>4</em></span><span class="ivu-date-picker-cells-cell ivu-date-picker-cells-cell-disabled ivu-date-picker-cells-cell-next-month"><em>5</em></span><span class="ivu-date-picker-cells-cell ivu-date-picker-cells-cell-disabled ivu-date-picker-cells-cell-next-month"><em>6</em></span><span class="ivu-date-picker-cells-cell ivu-date-picker-cells-cell-disabled ivu-date-picker-cells-cell-next-month"><em>7</em></span><span class="ivu-date-picker-cells-cell ivu-date-picker-cells-cell-disabled ivu-date-picker-cells-cell-next-month"><em>8</em></span></div></div> <div class="ivu-picker-panel-content" style="display: none;"><!----></div> <!----></div></div></div></div></div></div> <div data-v-6a917631="" class="ivu-col ivu-col-span-xs-24 ivu-col-span-sm-24 ivu-col-span-md-12 ivu-col-span-lg-8" style="margin-top: 10px;"><span data-v-6a917631="" class="label">任务类型:</span> <div data-v-6a917631="" class="ivu-select ivu-select-multiple" style="width: 95%;"><div tabindex="-1" class="ivu-select-selection"><input type="hidden"> <div> <span class="" style="display: none;"></span> <input type="text" placeholder="请选择" autocomplete="off" spellcheck="false" class="ivu-select-input" style="width: 100%;"> <!----> <i class="ivu-icon ivu-icon-arrow-down-b ivu-select-arrow"></i></div></div> <div class="ivu-select-dropdown" style="display: none;"><ul class="ivu-select-not-found" style="display: none;"><li>无匹配数据</li></ul> <ul class="ivu-select-dropdown-list"><li data-v-6a917631="" class="ivu-select-item">1v1群聊</li><li data-v-6a917631="" class="ivu-select-item">群发群聊</li><li data-v-6a917631="" class="ivu-select-item">添加好友欢迎语</li><li data-v-6a917631="" class="ivu-select-item">关键词回复</li><li data-v-6a917631="" class="ivu-select-item">个人话术</li><li data-v-6a917631="" class="ivu-select-item">企业话术</li><li data-v-6a917631="" class="ivu-select-item">入群欢迎语</li><li data-v-6a917631="" class="ivu-select-item">短链接</li><li data-v-6a917631="" class="ivu-select-item">侧边栏发群</li><li data-v-6a917631="" class="ivu-select-item">侧边栏发个人</li><li data-v-6a917631="" class="ivu-select-item">其他</li></ul> <ul class="ivu-select-loading" style="display: none;">加载中</ul></div></div></div> <div data-v-6a917631="" class="ivu-col ivu-col-span-xs-24 ivu-col-span-sm-24 ivu-col-span-md-12 ivu-col-span-lg-8" style="margin-top: 10px;"><span data-v-6a917631="" class="label">渠道:</span> <div data-v-6a917631="" class="ivu-select ivu-select-multiple" style="width: 95%;"><div tabindex="-1" class="ivu-select-selection"><input type="hidden"> <div> <span class="" style="display: none;"></span> <input type="text" placeholder="请选择" autocomplete="off" spellcheck="false" class="ivu-select-input" style="width: 100%;"> <!----> <i class="ivu-icon ivu-icon-arrow-down-b ivu-select-arrow"></i></div></div> <div class="ivu-select-dropdown" style="display: none;"><ul class="ivu-select-not-found"><li>无匹配数据</li></ul> <ul class="ivu-select-dropdown-list"></ul> <ul class="ivu-select-loading" style="display: none;">加载中</ul></div></div></div> <div data-v-6a917631="" class="ivu-col ivu-col-span-xs-24 ivu-col-span-sm-24 ivu-col-span-md-12 ivu-col-span-lg-8" style="margin-top: 10px;"><span data-v-6a917631="" class="label">雷达推送时间:</span> <div data-v-6a917631="" class="ivu-date-picker" style="width: 95%;"><div class="ivu-date-picker-rel"><div class="ivu-input-wrapper ivu-input-type ivu-date-picker-editor"><!----> <i class="ivu-icon ivu-icon-ios-calendar-outline ivu-input-icon ivu-input-icon-normal"></i> <!----> <input autocomplete="off" spellcheck="false" type="text" placeholder="请选择日期范围" class="ivu-input"> <!----></div></div> <div class="ivu-select-dropdown" style="display: none;"><div><div class="ivu-picker-panel-body-wrapper ivu-date-picker-with-range" steps=""><!----> <div class="ivu-picker-panel-body ivu-picker-panel-body-time"><div class="ivu-picker-panel-content ivu-picker-panel-content-left"><div class="ivu-date-picker-header"><span class="ivu-picker-panel-icon-btn ivu-date-picker-prev-btn ivu-date-picker-prev-btn-arrow-double"><i class="ivu-icon ivu-icon-ios-arrow-left"></i></span> <span class="ivu-picker-panel-icon-btn ivu-date-picker-prev-btn ivu-date-picker-prev-btn-arrow"><i class="ivu-icon ivu-icon-ios-arrow-left"></i></span> <span><span class="ivu-date-picker-header-label">2023年</span>   <span class="ivu-date-picker-header-label">5月</span></span> <!----> <!----></div> <div class="ivu-date-picker-cells"><div class="ivu-date-picker-cells-header"><span>\n            日\n        </span><span>\n            一\n        </span><span>\n            二\n        </span><span>\n            三\n        </span><span>\n            四\n        </span><span>\n            五\n        </span><span>\n            六\n        </span></div> <span class="ivu-date-picker-cells-cell ivu-date-picker-cells-cell-prev-month"><em>30</em></span><span class="ivu-date-picker-cells-cell"><em>1</em></span><span class="ivu-date-picker-cells-cell"><em>2</em></span><span class="ivu-date-picker-cells-cell"><em>3</em></span><span class="ivu-date-picker-cells-cell"><em>4</em></span><span class="ivu-date-picker-cells-cell"><em>5</em></span><span class="ivu-date-picker-cells-cell"><em>6</em></span><span class="ivu-date-picker-cells-cell"><em>7</em></span><span class="ivu-date-picker-cells-cell"><em>8</em></span><span class="ivu-date-picker-cells-cell"><em>9</em></span><span class="ivu-date-picker-cells-cell"><em>10</em></span><span class="ivu-date-picker-cells-cell ivu-date-picker-cells-cell-today ivu-date-picker-cells-focused"><em>11</em></span><span class="ivu-date-picker-cells-cell"><em>12</em></span><span class="ivu-date-picker-cells-cell"><em>13</em></span><span class="ivu-date-picker-cells-cell"><em>14</em></span><span class="ivu-date-picker-cells-cell"><em>15</em></span><span class="ivu-date-picker-cells-cell"><em>16</em></span><span class="ivu-date-picker-cells-cell"><em>17</em></span><span class="ivu-date-picker-cells-cell"><em>18</em></span><span class="ivu-date-picker-cells-cell"><em>19</em></span><span class="ivu-date-picker-cells-cell"><em>20</em></span><span class="ivu-date-picker-cells-cell"><em>21</em></span><span class="ivu-date-picker-cells-cell"><em>22</em></span><span class="ivu-date-picker-cells-cell"><em>23</em></span><span class="ivu-date-picker-cells-cell"><em>24</em></span><span class="ivu-date-picker-cells-cell"><em>25</em></span><span class="ivu-date-picker-cells-cell"><em>26</em></span><span class="ivu-date-picker-cells-cell"><em>27</em></span><span class="ivu-date-picker-cells-cell"><em>28</em></span><span class="ivu-date-picker-cells-cell"><em>29</em></span><span class="ivu-date-picker-cells-cell"><em>30</em></span><span class="ivu-date-picker-cells-cell"><em>31</em></span><span class="ivu-date-picker-cells-cell ivu-date-picker-cells-cell-next-month"><em>1</em></span><span class="ivu-date-picker-cells-cell ivu-date-picker-cells-cell-next-month"><em>2</em></span><span class="ivu-date-picker-cells-cell ivu-date-picker-cells-cell-next-month"><em>3</em></span><span class="ivu-date-picker-cells-cell ivu-date-picker-cells-cell-next-month"><em>4</em></span><span class="ivu-date-picker-cells-cell ivu-date-picker-cells-cell-next-month"><em>5</em></span><span class="ivu-date-picker-cells-cell ivu-date-picker-cells-cell-next-month"><em>6</em></span><span class="ivu-date-picker-cells-cell ivu-date-picker-cells-cell-next-month"><em>7</em></span><span class="ivu-date-picker-cells-cell ivu-date-picker-cells-cell-next-month"><em>8</em></span><span class="ivu-date-picker-cells-cell ivu-date-picker-cells-cell-next-month"><em>9</em></span><span class="ivu-date-picker-cells-cell ivu-date-picker-cells-cell-next-month"><em>10</em></span></div></div> <div class="ivu-picker-panel-content ivu-picker-panel-content-right"><div class="ivu-date-picker-header"><!----> <!----> <span><span class="ivu-date-picker-header-label">2023年</span>   <span class="ivu-date-picker-header-label">6月</span></span> <span class="ivu-picker-panel-icon-btn ivu-date-picker-next-btn ivu-date-picker-next-btn-arrow-double"><i class="ivu-icon ivu-icon-ios-arrow-right"></i></span> <span class="ivu-picker-panel-icon-btn ivu-date-picker-next-btn ivu-date-picker-next-btn-arrow"><i class="ivu-icon ivu-icon-ios-arrow-right"></i></span></div> <div class="ivu-date-picker-cells"><div class="ivu-date-picker-cells-header"><span>\n            日\n        </span><span>\n            一\n        </span><span>\n            二\n        </span><span>\n            三\n        </span><span>\n            四\n        </span><span>\n            五\n        </span><span>\n            六\n        </span></div> <span class="ivu-date-picker-cells-cell ivu-date-picker-cells-cell-prev-month"><em>28</em></span><span class="ivu-date-picker-cells-cell ivu-date-picker-cells-cell-prev-month"><em>29</em></span><span class="ivu-date-picker-cells-cell ivu-date-picker-cells-cell-prev-month"><em>30</em></span><span class="ivu-date-picker-cells-cell ivu-date-picker-cells-cell-prev-month"><em>31</em></span><span class="ivu-date-picker-cells-cell"><em>1</em></span><span class="ivu-date-picker-cells-cell"><em>2</em></span><span class="ivu-date-picker-cells-cell"><em>3</em></span><span class="ivu-date-picker-cells-cell"><em>4</em></span><span class="ivu-date-picker-cells-cell"><em>5</em></span><span class="ivu-date-picker-cells-cell"><em>6</em></span><span class="ivu-date-picker-cells-cell"><em>7</em></span><span class="ivu-date-picker-cells-cell"><em>8</em></span><span class="ivu-date-picker-cells-cell"><em>9</em></span><span class="ivu-date-picker-cells-cell"><em>10</em></span><span class="ivu-date-picker-cells-cell"><em>11</em></span><span class="ivu-date-picker-cells-cell"><em>12</em></span><span class="ivu-date-picker-cells-cell"><em>13</em></span><span class="ivu-date-picker-cells-cell"><em>14</em></span><span class="ivu-date-picker-cells-cell"><em>15</em></span><span class="ivu-date-picker-cells-cell"><em>16</em></span><span class="ivu-date-picker-cells-cell"><em>17</em></span><span class="ivu-date-picker-cells-cell"><em>18</em></span><span class="ivu-date-picker-cells-cell"><em>19</em></span><span class="ivu-date-picker-cells-cell"><em>20</em></span><span class="ivu-date-picker-cells-cell"><em>21</em></span><span class="ivu-date-picker-cells-cell"><em>22</em></span><span class="ivu-date-picker-cells-cell"><em>23</em></span><span class="ivu-date-picker-cells-cell"><em>24</em></span><span class="ivu-date-picker-cells-cell"><em>25</em></span><span class="ivu-date-picker-cells-cell"><em>26</em></span><span class="ivu-date-picker-cells-cell"><em>27</em></span><span class="ivu-date-picker-cells-cell"><em>28</em></span><span class="ivu-date-picker-cells-cell"><em>29</em></span><span class="ivu-date-picker-cells-cell"><em>30</em></span><span class="ivu-date-picker-cells-cell ivu-date-picker-cells-cell-next-month"><em>1</em></span><span class="ivu-date-picker-cells-cell ivu-date-picker-cells-cell-next-month"><em>2</em></span><span class="ivu-date-picker-cells-cell ivu-date-picker-cells-cell-next-month"><em>3</em></span><span class="ivu-date-picker-cells-cell ivu-date-picker-cells-cell-next-month"><em>4</em></span><span class="ivu-date-picker-cells-cell ivu-date-picker-cells-cell-next-month"><em>5</em></span><span class="ivu-date-picker-cells-cell ivu-date-picker-cells-cell-next-month"><em>6</em></span><span class="ivu-date-picker-cells-cell ivu-date-picker-cells-cell-next-month"><em>7</em></span><span class="ivu-date-picker-cells-cell ivu-date-picker-cells-cell-next-month"><em>8</em></span></div></div> <div class="ivu-picker-panel-content" style="display: none;"><!----></div> <div class="ivu-picker-confirm"><button type="button" disabled="disabled" class="ivu-btn ivu-btn-text ivu-btn-small ivu-picker-confirm-time"><!----> <!----> <span>\n        选择时间\n    </span></button> <button type="button" class="ivu-btn ivu-btn-ghost ivu-btn-small"><!----> <!----> <span>\n        清空\n    </span></button> <button type="button" class="ivu-btn ivu-btn-primary ivu-btn-small"><!----> <!----> <span>\n        确定\n    </span></button></div></div></div></div></div></div></div></div> <div data-v-6a917631="" class="ivu-row" style="margin-top: 10px;"><div data-v-6a917631="" class="ivu-col ivu-col-span-xs-24 ivu-col-span-sm-24 ivu-col-span-md-12 ivu-col-md-offset-12 ivu-col-span-lg-8 ivu-col-lg-offset-16"><div data-v-6a917631="" style="display: flex; justify-content: flex-end; gap: 5px; width: 95%;"><button data-v-6a917631="" type="button" class="ivu-btn ivu-btn-primary"><!----> <!----> <span>查询</span></button> <button data-v-6a917631="" type="button" class="ivu-btn"><!----> <!----> <span>重置</span></button> <button data-v-6a917631="" type="button" class="ivu-btn ivu-btn-ghost"><!----> <!----> <span>导出Excel</span></button></div></div></div></div></div></div> <div data-v-6a917631="" class="mt-16"><div data-v-6a917631="" class="w100p h100p bar-chart-container" _echarts_instance_="ec_1683782652601" style="-webkit-tap-highlight-color: transparent; user-select: none; position: relative; background: transparent;"><div style="position: relative; overflow: hidden; width: 1155px; height: 400px; padding: 0px; margin: 0px; border-width: 0px;"><canvas width="2021" height="700" data-zr-dom-id="zr_0" style="position: absolute; left: 0px; top: 0px; width: 1155px; height: 400px; user-select: none; -webkit-tap-highlight-color: rgba(0, 0, 0, 0); padding: 0px; margin: 0px; border-width: 0px;"></canvas></div><div></div></div></div></div></div></div> <div data-v-6ef48cd8="" class="mt-16 ivu-card ivu-card-bordered"><!----> <!----> <div class="ivu-card-body"><div data-v-6ef48cd8="" class="ivu-tabs"><div class="ivu-tabs-bar"><!----> <div tabindex="0" class="ivu-tabs-nav-container"><div class="ivu-tabs-nav-wrap" style="position: relative;"><span class="ivu-tabs-nav-prev ivu-tabs-nav-scroll-disabled"><i class="ivu-icon ivu-icon-chevron-left"></i></span> <span class="ivu-tabs-nav-next ivu-tabs-nav-scroll-disabled"><i class="ivu-icon ivu-icon-chevron-right"></i></span> <div class="ivu-tabs-nav-scroll"><div class="nav-text ivu-tabs-nav"><div class="ivu-tabs-ink-bar ivu-tabs-ink-bar-animated" style="visibility: visible; width: 96px; transform: translate3d(0px, 0px, 0px);"></div> <div class="ivu-tabs-tab ivu-tabs-tab-active ivu-tabs-tab-focused"><!----> 客户数据 <!----></div><div class="ivu-tabs-tab"><!----> 渠道数据 <!----></div><div class="ivu-tabs-tab"><!----> 运营号数据 <!----></div></div></div><object tabindex="-1" type="text/html" data="about:blank" style="display: block; position: absolute; top: 0px; left: 0px; width: 100%; height: 100%; border: none; padding: 0px; margin: 0px; opacity: 0; z-index: -1000; pointer-events: none;"></object></div></div></div> <div class="ivu-tabs-content ivu-tabs-content-animated" style="transform: translateX(0%) translateZ(0px);"><div data-v-6ef48cd8="" class="ivu-tabs-tabpane"><div data-v-57e24188="" data-v-6ef48cd8="" style="visibility: visible;"><div data-v-57e24188="">打开链接的客户：0</div> <div data-v-57e24188="" style="margin-top: 16px;"><div data-v-1c69fa68="" class="mb2f" style="position: relative;"><form data-v-1c69fa68="" autocomplete="off" class="labelForm ivu-form ivu-form-label-right"><div data-v-1c69fa68="" class="ivu-row" style="margin-left: -8px; margin-right: -8px;"><div data-v-1c69fa68="" class="ivu-col ivu-col-span-8" style="padding-left: 8px; padding-right: 8px;"><div data-v-1c69fa68="" class="ivu-form-item"><label class="ivu-form-item-label" style="width: 85px;">搜索客户</label> <div class="ivu-form-item-content" style="margin-left: 85px;"><div data-v-1c69fa68="" class="ivu-input-wrapper ivu-input-type"><!----> <!----> <i class="ivu-icon ivu-icon-load-c ivu-load-loop ivu-input-icon ivu-input-icon-validate"></i> <input autocomplete="off" spellcheck="false" type="text" placeholder="请输入客户" class="ivu-input"> <!----></div> <!----></div></div></div><div data-v-1c69fa68="" class="ivu-col ivu-col-span-8" style="padding-left: 8px; padding-right: 8px;"><div data-v-1c69fa68="" class="ivu-form-item"><label class="ivu-form-item-label" style="width: 85px;">渠道</label> <div class="ivu-form-item-content" style="margin-left: 85px;"><div data-v-1c69fa68="" class="ivu-select ivu-select-multiple"><div tabindex="-1" class="ivu-select-selection"><input type="hidden"> <div> <span class="" style="display: none;"></span> <input type="text" placeholder="请选择" autocomplete="off" spellcheck="false" class="ivu-select-input" style="width: 100%;"> <!----> <i class="ivu-icon ivu-icon-arrow-down-b ivu-select-arrow"></i></div></div> <div class="ivu-select-dropdown" style="display: none;"><ul class="ivu-select-not-found"><li>无匹配数据</li></ul> <ul class="ivu-select-dropdown-list"></ul> <ul class="ivu-select-loading" style="display: none;">加载中</ul></div></div> <!----></div></div></div><div data-v-1c69fa68="" class="ivu-col ivu-col-span-8" style="padding-left: 8px; padding-right: 8px;"><div data-v-1c69fa68="" class="ivu-form-item"><label class="ivu-form-item-label" style="width: 85px;">任务类型</label> <div class="ivu-form-item-content" style="margin-left: 85px;"><div data-v-1c69fa68="" class="ivu-select ivu-select-multiple"><div tabindex="-1" class="ivu-select-selection"><input type="hidden"> <div> <span class="" style="display: none;"></span> <input type="text" placeholder="请选择" autocomplete="off" spellcheck="false" class="ivu-select-input" style="width: 100%;"> <!----> <i class="ivu-icon ivu-icon-arrow-down-b ivu-select-arrow"></i></div></div> <div class="ivu-select-dropdown" style="display: none;"><ul class="ivu-select-not-found" style="display: none;"><li>无匹配数据</li></ul> <ul class="ivu-select-dropdown-list"><li class="ivu-select-item">1v1群聊</li><li class="ivu-select-item">群发群聊</li><li class="ivu-select-item">添加好友欢迎语</li><li class="ivu-select-item">关键词回复</li><li class="ivu-select-item">个人话术</li><li class="ivu-select-item">企业话术</li><li class="ivu-select-item">入群欢迎语</li><li class="ivu-select-item">短链接</li><li class="ivu-select-item">侧边栏发群</li><li class="ivu-select-item">侧边栏发个人</li><li class="ivu-select-item">其他</li></ul> <ul class="ivu-select-loading" style="display: none;">加载中</ul></div></div> <!----></div></div></div><div data-v-1c69fa68="" class="ivu-col ivu-col-span-8" style="padding-left: 8px; padding-right: 8px;"><div data-v-1c69fa68="" class="ivu-form-item"><label class="ivu-form-item-label" style="width: 85px;">unionId</label> <div class="ivu-form-item-content" style="margin-left: 85px;"><div data-v-1c69fa68="" class="ivu-input-wrapper ivu-input-type"><!----> <!----> <i class="ivu-icon ivu-icon-load-c ivu-load-loop ivu-input-icon ivu-input-icon-validate"></i> <input autocomplete="off" spellcheck="false" type="text" placeholder="请输入" class="ivu-input"> <!----></div> <!----></div></div></div><div data-v-1c69fa68="" class="ivu-col ivu-col-span-8" style="padding-left: 8px; padding-right: 8px;"><div data-v-1c69fa68="" class="ivu-form-item"><label class="ivu-form-item-label" style="width: 85px;">所属运营号</label> <div class="ivu-form-item-content" style="margin-left: 85px;"><div data-v-1c69fa68="" class="ivu-select ivu-select-multiple"><div tabindex="-1" class="ivu-select-selection"><input type="hidden"> <div> <span class="" style="display: none;"></span> <input type="text" placeholder="请选择" autocomplete="off" spellcheck="false" class="ivu-select-input" style="width: 100%;"> <!----> <i class="ivu-icon ivu-icon-arrow-down-b ivu-select-arrow"></i></div></div> <div class="ivu-select-dropdown" style="display: none;"><ul class="ivu-select-not-found" style="display: none;"><li>无匹配数据</li></ul> <ul class="ivu-select-dropdown-list"><li class="ivu-select-item">智己IM｜谢南洲</li><li class="ivu-select-item">智己IM｜穆柏成</li><li class="ivu-select-item">智己IM|滕林芝</li><li class="ivu-select-item">智己IM | 徐晓颖</li><li class="ivu-select-item">智己IM | 黄佳</li><li class="ivu-select-item">周国安</li><li class="ivu-select-item">钟俊杰</li><li class="ivu-select-item">智己IM｜萌萌</li><li class="ivu-select-item">IM12彭鹏</li><li class="ivu-select-item">二号</li><li class="ivu-select-item">小趴菜</li><li class="ivu-select-item">检云</li><li class="ivu-select-item">流量池-袁佳阳</li><li class="ivu-select-item">U3店长</li><li class="ivu-select-item">流量池-测试</li><li class="ivu-select-item">陈明信</li><li class="ivu-select-item">赵文渝</li><li class="ivu-select-item">考拉🐨</li><li class="ivu-select-item">流量池-曹建辉</li><li class="ivu-select-item">陈兴灿</li><li class="ivu-select-item">流量池测试2</li><li class="ivu-select-item">大栋</li><li class="ivu-select-item">闻怀腾</li><li class="ivu-select-item">杨婧一</li><li class="ivu-select-item">智己IM｜莫杭聪</li><li class="ivu-select-item">智己IM｜闫海洋</li><li class="ivu-select-item">智己IM｜邓京奇</li><li class="ivu-select-item">智己IM｜张国栋</li><li class="ivu-select-item">智己IM ｜牟竹霖</li><li class="ivu-select-item">智己IM｜叶梦洁</li><li class="ivu-select-item">周国安</li><li class="ivu-select-item">朱磊</li><li class="ivu-select-item">流量池-蔡新强</li><li class="ivu-select-item">LLC-张悠然</li><li class="ivu-select-item">五件套大区1总</li><li class="ivu-select-item">U3主理人1</li><li class="ivu-select-item">流量池－田旭</li><li class="ivu-select-item">U1店长</li><li class="ivu-select-item">hyoe9m小区经理</li><li class="ivu-select-item">pkdqr2 小区经理</li><li class="ivu-select-item">黄鹏</li><li class="ivu-select-item">流量池-彭鹏程</li><li class="ivu-select-item">&nbsp;大区总nbvso6</li><li class="ivu-select-item">U1主理人</li><li class="ivu-select-item">高枝林name</li><li class="ivu-select-item">项伟华</li><li class="ivu-select-item">智己IM｜高子贤</li><li class="ivu-select-item">钟俊杰</li><li class="ivu-select-item">UAT钟俊杰</li><li class="ivu-select-item">朱磊</li><li class="ivu-select-item">颜孵化店</li><li class="ivu-select-item">流量池-彭鹏</li><li class="ivu-select-item">佳伟</li><li class="ivu-select-item">吴豪</li><li class="ivu-select-item">蔡新强</li><li class="ivu-select-item">流量池-曾宏伟</li><li class="ivu-select-item">SIT-小趴菜</li><li class="ivu-select-item">U2店长</li><li class="ivu-select-item">FJiaWei1</li><li class="ivu-select-item">关顺志</li><li class="ivu-select-item">流量池测试1</li><li class="ivu-select-item">智己IM丨杜恒杰</li><li class="ivu-select-item">智己IM｜任艳泽</li><li class="ivu-select-item">智己IM｜赵雅丽</li><li class="ivu-select-item">智己IM｜林浩森</li><li class="ivu-select-item">王乐</li><li class="ivu-select-item">邹娜</li><li class="ivu-select-item">涛涛</li><li class="ivu-select-item">彭鹏</li><li class="ivu-select-item">高枝林</li><li class="ivu-select-item">朱磊</li><li class="ivu-select-item">SIT-大糯米</li><li class="ivu-select-item">袁佳阳</li><li class="ivu-select-item">达明科</li><li class="ivu-select-item">智己IM｜孙岱铭</li><li class="ivu-select-item">智己IM｜邓一帆</li><li class="ivu-select-item">智己IM｜陈纪翰</li><li class="ivu-select-item">智己IM｜宦正忠</li><li class="ivu-select-item">钟俊杰</li><li class="ivu-select-item">王乐</li><li class="ivu-select-item">曹建辉</li><li class="ivu-select-item">谢明宏</li><li class="ivu-select-item">邹娜</li><li class="ivu-select-item">朱磊</li><li class="ivu-select-item">王乐</li><li class="ivu-select-item">付欣欣</li><li class="ivu-select-item">三号</li><li class="ivu-select-item">SIT-颜</li><li class="ivu-select-item">LLC-彭鹏</li><li class="ivu-select-item">U2主理人</li><li class="ivu-select-item">谭峻东</li><li class="ivu-select-item">何荣进</li><li class="ivu-select-item">陈明信</li><li class="ivu-select-item">FJiaWei1</li><li class="ivu-select-item">谭峻东</li><li class="ivu-select-item">陈明信</li></ul> <ul class="ivu-select-loading" style="display: none;">加载中</ul></div></div> <!----></div></div></div><div data-v-1c69fa68="" class="ivu-col ivu-col-span-8" style="padding-left: 8px; padding-right: 8px;"><div data-v-1c69fa68="" class="ivu-form-item"><label class="ivu-form-item-label" style="width: 85px;">推送时间</label> <div class="ivu-form-item-content" style="margin-left: 85px;"><div data-v-1c69fa68="" class="ivu-date-picker" style="width: 100%;"><div class="ivu-date-picker-rel"><div class="ivu-input-wrapper ivu-input-type ivu-date-picker-editor"><!----> <i class="ivu-icon ivu-icon-ios-calendar-outline ivu-input-icon ivu-input-icon-normal"></i> <!----> <input autocomplete="off" spellcheck="false" type="text" placeholder="选择日期" class="ivu-input"> <!----></div></div> <div class="ivu-select-dropdown" style="display: none;"><div><div class="ivu-picker-panel-body-wrapper ivu-date-picker-with-range" steps=""><!----> <div class="ivu-picker-panel-body ivu-picker-panel-body-time"><div class="ivu-picker-panel-content ivu-picker-panel-content-left"><div class="ivu-date-picker-header"><span class="ivu-picker-panel-icon-btn ivu-date-picker-prev-btn ivu-date-picker-prev-btn-arrow-double"><i class="ivu-icon ivu-icon-ios-arrow-left"></i></span> <span class="ivu-picker-panel-icon-btn ivu-date-picker-prev-btn ivu-date-picker-prev-btn-arrow"><i class="ivu-icon ivu-icon-ios-arrow-left"></i></span> <span><span class="ivu-date-picker-header-label">2023年</span>   <span class="ivu-date-picker-header-label">5月</span></span> <!----> <!----></div> <div class="ivu-date-picker-cells"><div class="ivu-date-picker-cells-header"><span>\n            日\n        </span><span>\n            一\n        </span><span>\n            二\n        </span><span>\n            三\n        </span><span>\n            四\n        </span><span>\n            五\n        </span><span>\n            六\n        </span></div> <span class="ivu-date-picker-cells-cell ivu-date-picker-cells-cell-prev-month"><em>30</em></span><span class="ivu-date-picker-cells-cell"><em>1</em></span><span class="ivu-date-picker-cells-cell"><em>2</em></span><span class="ivu-date-picker-cells-cell"><em>3</em></span><span class="ivu-date-picker-cells-cell"><em>4</em></span><span class="ivu-date-picker-cells-cell"><em>5</em></span><span class="ivu-date-picker-cells-cell"><em>6</em></span><span class="ivu-date-picker-cells-cell"><em>7</em></span><span class="ivu-date-picker-cells-cell"><em>8</em></span><span class="ivu-date-picker-cells-cell"><em>9</em></span><span class="ivu-date-picker-cells-cell"><em>10</em></span><span class="ivu-date-picker-cells-cell ivu-date-picker-cells-cell-today ivu-date-picker-cells-focused"><em>11</em></span><span class="ivu-date-picker-cells-cell"><em>12</em></span><span class="ivu-date-picker-cells-cell"><em>13</em></span><span class="ivu-date-picker-cells-cell"><em>14</em></span><span class="ivu-date-picker-cells-cell"><em>15</em></span><span class="ivu-date-picker-cells-cell"><em>16</em></span><span class="ivu-date-picker-cells-cell"><em>17</em></span><span class="ivu-date-picker-cells-cell"><em>18</em></span><span class="ivu-date-picker-cells-cell"><em>19</em></span><span class="ivu-date-picker-cells-cell"><em>20</em></span><span class="ivu-date-picker-cells-cell"><em>21</em></span><span class="ivu-date-picker-cells-cell"><em>22</em></span><span class="ivu-date-picker-cells-cell"><em>23</em></span><span class="ivu-date-picker-cells-cell"><em>24</em></span><span class="ivu-date-picker-cells-cell"><em>25</em></span><span class="ivu-date-picker-cells-cell"><em>26</em></span><span class="ivu-date-picker-cells-cell"><em>27</em></span><span class="ivu-date-picker-cells-cell"><em>28</em></span><span class="ivu-date-picker-cells-cell"><em>29</em></span><span class="ivu-date-picker-cells-cell"><em>30</em></span><span class="ivu-date-picker-cells-cell"><em>31</em></span><span class="ivu-date-picker-cells-cell ivu-date-picker-cells-cell-next-month"><em>1</em></span><span class="ivu-date-picker-cells-cell ivu-date-picker-cells-cell-next-month"><em>2</em></span><span class="ivu-date-picker-cells-cell ivu-date-picker-cells-cell-next-month"><em>3</em></span><span class="ivu-date-picker-cells-cell ivu-date-picker-cells-cell-next-month"><em>4</em></span><span class="ivu-date-picker-cells-cell ivu-date-picker-cells-cell-next-month"><em>5</em></span><span class="ivu-date-picker-cells-cell ivu-date-picker-cells-cell-next-month"><em>6</em></span><span class="ivu-date-picker-cells-cell ivu-date-picker-cells-cell-next-month"><em>7</em></span><span class="ivu-date-picker-cells-cell ivu-date-picker-cells-cell-next-month"><em>8</em></span><span class="ivu-date-picker-cells-cell ivu-date-picker-cells-cell-next-month"><em>9</em></span><span class="ivu-date-picker-cells-cell ivu-date-picker-cells-cell-next-month"><em>10</em></span></div></div> <div class="ivu-picker-panel-content ivu-picker-panel-content-right"><div class="ivu-date-picker-header"><!----> <!----> <span><span class="ivu-date-picker-header-label">2023年</span>   <span class="ivu-date-picker-header-label">6月</span></span> <span class="ivu-picker-panel-icon-btn ivu-date-picker-next-btn ivu-date-picker-next-btn-arrow-double"><i class="ivu-icon ivu-icon-ios-arrow-right"></i></span> <span class="ivu-picker-panel-icon-btn ivu-date-picker-next-btn ivu-date-picker-next-btn-arrow"><i class="ivu-icon ivu-icon-ios-arrow-right"></i></span></div> <div class="ivu-date-picker-cells"><div class="ivu-date-picker-cells-header"><span>\n            日\n        </span><span>\n            一\n        </span><span>\n            二\n        </span><span>\n            三\n        </span><span>\n            四\n        </span><span>\n            五\n        </span><span>\n            六\n        </span></div> <span class="ivu-date-picker-cells-cell ivu-date-picker-cells-cell-prev-month"><em>28</em></span><span class="ivu-date-picker-cells-cell ivu-date-picker-cells-cell-prev-month"><em>29</em></span><span class="ivu-date-picker-cells-cell ivu-date-picker-cells-cell-prev-month"><em>30</em></span><span class="ivu-date-picker-cells-cell ivu-date-picker-cells-cell-prev-month"><em>31</em></span><span class="ivu-date-picker-cells-cell"><em>1</em></span><span class="ivu-date-picker-cells-cell"><em>2</em></span><span class="ivu-date-picker-cells-cell"><em>3</em></span><span class="ivu-date-picker-cells-cell"><em>4</em></span><span class="ivu-date-picker-cells-cell"><em>5</em></span><span class="ivu-date-picker-cells-cell"><em>6</em></span><span class="ivu-date-picker-cells-cell"><em>7</em></span><span class="ivu-date-picker-cells-cell"><em>8</em></span><span class="ivu-date-picker-cells-cell"><em>9</em></span><span class="ivu-date-picker-cells-cell"><em>10</em></span><span class="ivu-date-picker-cells-cell"><em>11</em></span><span class="ivu-date-picker-cells-cell"><em>12</em></span><span class="ivu-date-picker-cells-cell"><em>13</em></span><span class="ivu-date-picker-cells-cell"><em>14</em></span><span class="ivu-date-picker-cells-cell"><em>15</em></span><span class="ivu-date-picker-cells-cell"><em>16</em></span><span class="ivu-date-picker-cells-cell"><em>17</em></span><span class="ivu-date-picker-cells-cell"><em>18</em></span><span class="ivu-date-picker-cells-cell"><em>19</em></span><span class="ivu-date-picker-cells-cell"><em>20</em></span><span class="ivu-date-picker-cells-cell"><em>21</em></span><span class="ivu-date-picker-cells-cell"><em>22</em></span><span class="ivu-date-picker-cells-cell"><em>23</em></span><span class="ivu-date-picker-cells-cell"><em>24</em></span><span class="ivu-date-picker-cells-cell"><em>25</em></span><span class="ivu-date-picker-cells-cell"><em>26</em></span><span class="ivu-date-picker-cells-cell"><em>27</em></span><span class="ivu-date-picker-cells-cell"><em>28</em></span><span class="ivu-date-picker-cells-cell"><em>29</em></span><span class="ivu-date-picker-cells-cell"><em>30</em></span><span class="ivu-date-picker-cells-cell ivu-date-picker-cells-cell-next-month"><em>1</em></span><span class="ivu-date-picker-cells-cell ivu-date-picker-cells-cell-next-month"><em>2</em></span><span class="ivu-date-picker-cells-cell ivu-date-picker-cells-cell-next-month"><em>3</em></span><span class="ivu-date-picker-cells-cell ivu-date-picker-cells-cell-next-month"><em>4</em></span><span class="ivu-date-picker-cells-cell ivu-date-picker-cells-cell-next-month"><em>5</em></span><span class="ivu-date-picker-cells-cell ivu-date-picker-cells-cell-next-month"><em>6</em></span><span class="ivu-date-picker-cells-cell ivu-date-picker-cells-cell-next-month"><em>7</em></span><span class="ivu-date-picker-cells-cell ivu-date-picker-cells-cell-next-month"><em>8</em></span></div></div> <div class="ivu-picker-panel-content" style="display: none;"><!----></div> <div class="ivu-picker-confirm"><button type="button" disabled="disabled" class="ivu-btn ivu-btn-text ivu-btn-small ivu-picker-confirm-time"><!----> <!----> <span>\n        选择时间\n    </span></button> <button type="button" class="ivu-btn ivu-btn-ghost ivu-btn-small"><!----> <!----> <span>\n        清空\n    </span></button> <button type="button" class="ivu-btn ivu-btn-primary ivu-btn-small"><!----> <!----> <span>\n        确定\n    </span></button></div></div></div></div></div></div> <!----></div></div></div> <div data-v-1c69fa68="" class="tr ivu-col ivu-col-span-8 ivu-col-offset-16" style="padding-left: 8px; padding-right: 8px;"><button data-v-1c69fa68="" type="button" class="ivu-btn ivu-btn-primary ivu-btn-default"><!----> <!----> <span>查询</span></button> <button data-v-1c69fa68="" type="button" class="ivu-btn ivu-btn-ghost ivu-btn-default"><!----> <!----> <span>重置</span></button> <!----></div></div></form><div dir="ltr" class="resize-sensor" style="pointer-events: none; position: absolute; inset: 0px; overflow: hidden; z-index: -1; visibility: hidden; max-width: 100%;"><div class="resize-sensor-expand" style="pointer-events: none; position: absolute; inset: 0px; overflow: hidden; z-index: -1; visibility: hidden; max-width: 100%;"><div style="position: absolute; left: 0px; top: 0px; transition: all 0s ease 0s; width: 1174px; height: 157px;"></div></div><div class="resize-sensor-shrink" style="pointer-events: none; position: absolute; inset: 0px; overflow: hidden; z-index: -1; visibility: hidden; max-width: 100%;"><div style="position: absolute; left: 0px; top: 0px; transition: all 0s ease 0s; width: 200%; height: 200%;"></div></div></div></div> <div class="app-list-page-container"><div><div class="row ivu-row"><div class="ivu-col ivu-col-span-12"><div class="actions"><button type="button" class="action-item ivu-btn ivu-btn-success ivu-btn-default"><!----> <!----> <span><i class="ivu-icon ivu-icon-refresh"></i>&nbsp;刷新\n        </span></button><button type="button" class="action-item ivu-btn ivu-btn-primary ivu-btn-default"><!----> <!----> <span><!---->&nbsp;导出Excel\n        </span></button> <!----> </div></div></div> <div class="row ivu-row"><div class="ivu-col ivu-col-span-24"><!----> <div data-v-5b8bb406="" style="position: relative;"><div data-v-5b8bb406="" class="ivu-col ivu-col-span-24"><div data-v-5b8bb406="" class="ivu-table-wrapper"><div class="ivu-table ivu-table-border ivu-table-stripe"><!----> <div class="ivu-table-header"><table cellspacing="0" cellpadding="0" border="0" style="width: 1665px;"><colgroup><col width="448"><col width="288"><col width="288"><col width="288"><col width="192"><col width="160"> <!----></colgroup> <thead><tr><th class="ivu-table-column-center"><div class="ivu-table-cell"><span class="">客户</span> <!----> <!----></div></th><th class="ivu-table-column-center"><div class="ivu-table-cell"><span class="">所属运营号</span> <!----> <!----></div></th><th class="ivu-table-column-center"><div class="ivu-table-cell"><span class="">最近点击时间</span> <!----> <!----></div></th><th class="ivu-table-column-center"><div class="ivu-table-cell"><span class="">最近点击渠道</span> <!----> <!----></div></th><th class="ivu-table-column-center"><div class="ivu-table-cell"><span class="">客户点击总次数</span> <!----> <!----></div></th><th class="ivu-table-column-center ivu-table-hidden"><div class="ivu-table-cell ivu-table-hidden"><span class="">操作</span> <!----> <!----></div></th> <!----></tr></thead></table></div> <div class="ivu-table-body" style="display: none;"><table cellspacing="0" cellpadding="0" border="0" style="width: 1665px;"><colgroup><col width="448"><col width="288"><col width="288"><col width="288"><col width="192"><col width="160"></colgroup> <tbody class="ivu-table-tbody"></tbody></table></div> <div class="ivu-table-tip"><table cellspacing="0" cellpadding="0" border="0"><tbody><tr><td style="width: 1665px;"><span>暂无数据</span></td></tr></tbody></table></div> <!----> <div class="ivu-table-fixed-right" style="width: 160px; right: 0px;"><div class="ivu-table-fixed-header ivu-table-fixed-header-with-empty"><table cellspacing="0" cellpadding="0" border="0" style="width: 160px; right: 0px;"><colgroup><col width="160"><col width="448"><col width="288"><col width="288"><col width="288"><col width="192"> <!----></colgroup> <thead><tr><th class="ivu-table-column-center"><div class="ivu-table-cell"><span class="">操作</span> <!----> <!----></div></th><th class="ivu-table-column-center ivu-table-hidden"><div class="ivu-table-cell"><span class="">客户</span> <!----> <!----></div></th><th class="ivu-table-column-center ivu-table-hidden"><div class="ivu-table-cell"><span class="">所属运营号</span> <!----> <!----></div></th><th class="ivu-table-column-center ivu-table-hidden"><div class="ivu-table-cell"><span class="">最近点击时间</span> <!----> <!----></div></th><th class="ivu-table-column-center ivu-table-hidden"><div class="ivu-table-cell"><span class="">最近点击渠道</span> <!----> <!----></div></th><th class="ivu-table-column-center ivu-table-hidden"><div class="ivu-table-cell"><span class="">客户点击总次数</span> <!----> <!----></div></th> <!----></tr></thead></table></div> <div class="ivu-table-fixed-body"><table cellspacing="0" cellpadding="0" border="0" style="width: 160px; right: 0px;"><colgroup><col width="160"><col width="448"><col width="288"><col width="288"><col width="288"><col width="192"></colgroup> <tbody class="ivu-table-tbody"></tbody></table></div></div> <div class="ivu-table-fixed-right-header" style="width: 0px; height: 41px;"></div> <!----></div> <!----><object tabindex="-1" type="text/html" data="about:blank" style="display: block; position: absolute; top: 0px; left: 0px; width: 100%; height: 100%; border: none; padding: 0px; margin: 0px; opacity: 0; z-index: -1000; pointer-events: none;"></object></div></div><div dir="ltr" class="resize-sensor" style="pointer-events: none; position: absolute; inset: 0px; overflow: hidden; z-index: -1; visibility: hidden; max-width: 100%;"><div class="resize-sensor-expand" style="pointer-events: none; position: absolute; inset: 0px; overflow: hidden; z-index: -1; visibility: hidden; max-width: 100%;"><div style="position: absolute; left: 0px; top: 0px; transition: all 0s ease 0s; width: 1174px; height: 10px;"></div></div><div class="resize-sensor-shrink" style="pointer-events: none; position: absolute; inset: 0px; overflow: hidden; z-index: -1; visibility: hidden; max-width: 100%;"><div style="position: absolute; left: 0px; top: 0px; transition: all 0s ease 0s; width: 200%; height: 200%;"></div></div></div></div> <!----></div></div> <div class="row ivu-row"><div class="ivu-col ivu-col-span-24"><div><div class="ivu-tooltip"><div class="ivu-tooltip-rel"><ul class="paginator ivu-page"><!----> <li title="上一页" class="ivu-page-prev ivu-page-disabled"><a><i class="ivu-icon ivu-icon-ios-arrow-left"></i></a></li> <li title="1" class="ivu-page-item ivu-page-item-active"><a>1</a></li> <!----> <!----> <!----> <!----> <!----> <!----> <!----> <!----> <li title="下一页" class="ivu-page-next ivu-page-disabled"><a><i class="ivu-icon ivu-icon-ios-arrow-right"></i></a></li> <div class="ivu-page-options"><div class="ivu-page-options-sizer"><div class="ivu-select ivu-select-single ivu-select-default"><div tabindex="0" class="ivu-select-selection"><input type="hidden" value="20"> <div> <span class="ivu-select-selected-value">20 条/页</span> <!----> <!----> <i class="ivu-icon ivu-icon-arrow-down-b ivu-select-arrow"></i></div></div> <div class="ivu-select-dropdown" style="display: none;"><ul class="ivu-select-not-found" style="display: none;"><li>无匹配数据</li></ul> <ul class="ivu-select-dropdown-list"><li class="ivu-select-item ivu-select-item-selected" style="text-align: center;">20 条/页</li><li class="ivu-select-item" style="text-align: center;">50 条/页</li><li class="ivu-select-item" style="text-align: center;">100 条/页</li></ul> <ul class="ivu-select-loading" style="display: none;">加载中</ul></div></div></div> <div class="ivu-page-options-elevator">\n        跳至\n        <input type="text" autocomplete="off" spellcheck="false">\n        页\n    </div></div></ul> <p class="page-desc">共找到0条记录</p> <!----></div> <div class="ivu-tooltip-popper" style="display: none; position: absolute; will-change: top, left; top: 0px; left: 0px;" x-placement="top-start"><div class="ivu-tooltip-content"><div class="ivu-tooltip-arrow"></div> <div class="ivu-tooltip-inner">由于搜索结果较多，只提供前10000条</div></div></div></div></div></div></div></div></div> <!----></div></div></div> <div data-v-6ef48cd8="" class="ivu-tabs-tabpane"><div data-v-e463040a="" data-v-6ef48cd8="" style="visibility: hidden;"><div data-v-e463040a=""><div data-v-1c69fa68="" class="mb2f" style="position: relative;"><form data-v-1c69fa68="" autocomplete="off" class="labelForm ivu-form ivu-form-label-right"><div data-v-1c69fa68="" class="ivu-row" style="margin-left: -8px; margin-right: -8px;"><div data-v-1c69fa68="" class="ivu-col ivu-col-span-8" style="padding-left: 8px; padding-right: 8px;"><div data-v-1c69fa68="" class="ivu-form-item"><label class="ivu-form-item-label" style="width: 85px;">渠道</label> <div class="ivu-form-item-content" style="margin-left: 85px;"><div data-v-1c69fa68="" class="ivu-select ivu-select-multiple"><div tabindex="-1" class="ivu-select-selection"><input type="hidden"> <div> <span class="" style="display: none;"></span> <input type="text" placeholder="请选择" autocomplete="off" spellcheck="false" class="ivu-select-input" style="width: 100%;"> <!----> <i class="ivu-icon ivu-icon-arrow-down-b ivu-select-arrow"></i></div></div> <div class="ivu-select-dropdown" style="display: none;"><ul class="ivu-select-not-found"><li>无匹配数据</li></ul> <ul class="ivu-select-dropdown-list"></ul> <ul class="ivu-select-loading" style="display: none;">加载中</ul></div></div> <!----></div></div></div><div data-v-1c69fa68="" class="ivu-col ivu-col-span-8" style="padding-left: 8px; padding-right: 8px;"><div data-v-1c69fa68="" class="ivu-form-item"><label class="ivu-form-item-label" style="width: 85px;">推送时间</label> <div class="ivu-form-item-content" style="margin-left: 85px;"><div data-v-1c69fa68="" class="ivu-date-picker" style="width: 100%;"><div class="ivu-date-picker-rel"><div class="ivu-input-wrapper ivu-input-type ivu-date-picker-editor"><!----> <i class="ivu-icon ivu-icon-ios-calendar-outline ivu-input-icon ivu-input-icon-normal"></i> <!----> <input autocomplete="off" spellcheck="false" type="text" placeholder="选择日期" class="ivu-input"> <!----></div></div> <div class="ivu-select-dropdown" style="display: none;"><div><div class="ivu-picker-panel-body-wrapper ivu-date-picker-with-range" steps=""><!----> <div class="ivu-picker-panel-body ivu-picker-panel-body-time"><div class="ivu-picker-panel-content ivu-picker-panel-content-left"><div class="ivu-date-picker-header"><span class="ivu-picker-panel-icon-btn ivu-date-picker-prev-btn ivu-date-picker-prev-btn-arrow-double"><i class="ivu-icon ivu-icon-ios-arrow-left"></i></span> <span class="ivu-picker-panel-icon-btn ivu-date-picker-prev-btn ivu-date-picker-prev-btn-arrow"><i class="ivu-icon ivu-icon-ios-arrow-left"></i></span> <span><span class="ivu-date-picker-header-label">2023年</span>   <span class="ivu-date-picker-header-label">5月</span></span> <!----> <!----></div> <div class="ivu-date-picker-cells"><div class="ivu-date-picker-cells-header"><span>\n            日\n        </span><span>\n            一\n        </span><span>\n            二\n        </span><span>\n            三\n        </span><span>\n            四\n        </span><span>\n            五\n        </span><span>\n            六\n        </span></div> <span class="ivu-date-picker-cells-cell ivu-date-picker-cells-cell-prev-month"><em>30</em></span><span class="ivu-date-picker-cells-cell"><em>1</em></span><span class="ivu-date-picker-cells-cell"><em>2</em></span><span class="ivu-date-picker-cells-cell"><em>3</em></span><span class="ivu-date-picker-cells-cell"><em>4</em></span><span class="ivu-date-picker-cells-cell"><em>5</em></span><span class="ivu-date-picker-cells-cell"><em>6</em></span><span class="ivu-date-picker-cells-cell"><em>7</em></span><span class="ivu-date-picker-cells-cell"><em>8</em></span><span class="ivu-date-picker-cells-cell"><em>9</em></span><span class="ivu-date-picker-cells-cell"><em>10</em></span><span class="ivu-date-picker-cells-cell ivu-date-picker-cells-cell-today ivu-date-picker-cells-focused"><em>11</em></span><span class="ivu-date-picker-cells-cell"><em>12</em></span><span class="ivu-date-picker-cells-cell"><em>13</em></span><span class="ivu-date-picker-cells-cell"><em>14</em></span><span class="ivu-date-picker-cells-cell"><em>15</em></span><span class="ivu-date-picker-cells-cell"><em>16</em></span><span class="ivu-date-picker-cells-cell"><em>17</em></span><span class="ivu-date-picker-cells-cell"><em>18</em></span><span class="ivu-date-picker-cells-cell"><em>19</em></span><span class="ivu-date-picker-cells-cell"><em>20</em></span><span class="ivu-date-picker-cells-cell"><em>21</em></span><span class="ivu-date-picker-cells-cell"><em>22</em></span><span class="ivu-date-picker-cells-cell"><em>23</em></span><span class="ivu-date-picker-cells-cell"><em>24</em></span><span class="ivu-date-picker-cells-cell"><em>25</em></span><span class="ivu-date-picker-cells-cell"><em>26</em></span><span class="ivu-date-picker-cells-cell"><em>27</em></span><span class="ivu-date-picker-cells-cell"><em>28</em></span><span class="ivu-date-picker-cells-cell"><em>29</em></span><span class="ivu-date-picker-cells-cell"><em>30</em></span><span class="ivu-date-picker-cells-cell"><em>31</em></span><span class="ivu-date-picker-cells-cell ivu-date-picker-cells-cell-next-month"><em>1</em></span><span class="ivu-date-picker-cells-cell ivu-date-picker-cells-cell-next-month"><em>2</em></span><span class="ivu-date-picker-cells-cell ivu-date-picker-cells-cell-next-month"><em>3</em></span><span class="ivu-date-picker-cells-cell ivu-date-picker-cells-cell-next-month"><em>4</em></span><span class="ivu-date-picker-cells-cell ivu-date-picker-cells-cell-next-month"><em>5</em></span><span class="ivu-date-picker-cells-cell ivu-date-picker-cells-cell-next-month"><em>6</em></span><span class="ivu-date-picker-cells-cell ivu-date-picker-cells-cell-next-month"><em>7</em></span><span class="ivu-date-picker-cells-cell ivu-date-picker-cells-cell-next-month"><em>8</em></span><span class="ivu-date-picker-cells-cell ivu-date-picker-cells-cell-next-month"><em>9</em></span><span class="ivu-date-picker-cells-cell ivu-date-picker-cells-cell-next-month"><em>10</em></span></div></div> <div class="ivu-picker-panel-content ivu-picker-panel-content-right"><div class="ivu-date-picker-header"><!----> <!----> <span><span class="ivu-date-picker-header-label">2023年</span>   <span class="ivu-date-picker-header-label">6月</span></span> <span class="ivu-picker-panel-icon-btn ivu-date-picker-next-btn ivu-date-picker-next-btn-arrow-double"><i class="ivu-icon ivu-icon-ios-arrow-right"></i></span> <span class="ivu-picker-panel-icon-btn ivu-date-picker-next-btn ivu-date-picker-next-btn-arrow"><i class="ivu-icon ivu-icon-ios-arrow-right"></i></span></div> <div class="ivu-date-picker-cells"><div class="ivu-date-picker-cells-header"><span>\n            日\n        </span><span>\n            一\n        </span><span>\n            二\n        </span><span>\n            三\n        </span><span>\n            四\n        </span><span>\n            五\n        </span><span>\n            六\n        </span></div> <span class="ivu-date-picker-cells-cell ivu-date-picker-cells-cell-prev-month"><em>28</em></span><span class="ivu-date-picker-cells-cell ivu-date-picker-cells-cell-prev-month"><em>29</em></span><span class="ivu-date-picker-cells-cell ivu-date-picker-cells-cell-prev-month"><em>30</em></span><span class="ivu-date-picker-cells-cell ivu-date-picker-cells-cell-prev-month"><em>31</em></span><span class="ivu-date-picker-cells-cell"><em>1</em></span><span class="ivu-date-picker-cells-cell"><em>2</em></span><span class="ivu-date-picker-cells-cell"><em>3</em></span><span class="ivu-date-picker-cells-cell"><em>4</em></span><span class="ivu-date-picker-cells-cell"><em>5</em></span><span class="ivu-date-picker-cells-cell"><em>6</em></span><span class="ivu-date-picker-cells-cell"><em>7</em></span><span class="ivu-date-picker-cells-cell"><em>8</em></span><span class="ivu-date-picker-cells-cell"><em>9</em></span><span class="ivu-date-picker-cells-cell"><em>10</em></span><span class="ivu-date-picker-cells-cell"><em>11</em></span><span class="ivu-date-picker-cells-cell"><em>12</em></span><span class="ivu-date-picker-cells-cell"><em>13</em></span><span class="ivu-date-picker-cells-cell"><em>14</em></span><span class="ivu-date-picker-cells-cell"><em>15</em></span><span class="ivu-date-picker-cells-cell"><em>16</em></span><span class="ivu-date-picker-cells-cell"><em>17</em></span><span class="ivu-date-picker-cells-cell"><em>18</em></span><span class="ivu-date-picker-cells-cell"><em>19</em></span><span class="ivu-date-picker-cells-cell"><em>20</em></span><span class="ivu-date-picker-cells-cell"><em>21</em></span><span class="ivu-date-picker-cells-cell"><em>22</em></span><span class="ivu-date-picker-cells-cell"><em>23</em></span><span class="ivu-date-picker-cells-cell"><em>24</em></span><span class="ivu-date-picker-cells-cell"><em>25</em></span><span class="ivu-date-picker-cells-cell"><em>26</em></span><span class="ivu-date-picker-cells-cell"><em>27</em></span><span class="ivu-date-picker-cells-cell"><em>28</em></span><span class="ivu-date-picker-cells-cell"><em>29</em></span><span class="ivu-date-picker-cells-cell"><em>30</em></span><span class="ivu-date-picker-cells-cell ivu-date-picker-cells-cell-next-month"><em>1</em></span><span class="ivu-date-picker-cells-cell ivu-date-picker-cells-cell-next-month"><em>2</em></span><span class="ivu-date-picker-cells-cell ivu-date-picker-cells-cell-next-month"><em>3</em></span><span class="ivu-date-picker-cells-cell ivu-date-picker-cells-cell-next-month"><em>4</em></span><span class="ivu-date-picker-cells-cell ivu-date-picker-cells-cell-next-month"><em>5</em></span><span class="ivu-date-picker-cells-cell ivu-date-picker-cells-cell-next-month"><em>6</em></span><span class="ivu-date-picker-cells-cell ivu-date-picker-cells-cell-next-month"><em>7</em></span><span class="ivu-date-picker-cells-cell ivu-date-picker-cells-cell-next-month"><em>8</em></span></div></div> <div class="ivu-picker-panel-content" style="display: none;"><!----></div> <div class="ivu-picker-confirm"><button type="button" disabled="disabled" class="ivu-btn ivu-btn-text ivu-btn-small ivu-picker-confirm-time"><!----> <!----> <span>\n        选择时间\n    </span></button> <button type="button" class="ivu-btn ivu-btn-ghost ivu-btn-small"><!----> <!----> <span>\n        清空\n    </span></button> <button type="button" class="ivu-btn ivu-btn-primary ivu-btn-small"><!----> <!----> <span>\n        确定\n    </span></button></div></div></div></div></div></div> <!----></div></div></div><div data-v-1c69fa68="" class="ivu-col ivu-col-span-8" style="padding-left: 8px; padding-right: 8px;"><div data-v-1c69fa68="" class="ivu-form-item"><label class="ivu-form-item-label" style="width: 85px;">任务类型</label> <div class="ivu-form-item-content" style="margin-left: 85px;"><div data-v-1c69fa68="" class="ivu-select ivu-select-multiple"><div tabindex="0" class="ivu-select-selection"><input type="hidden"> <div> <span class="ivu-select-placeholder">请选择</span> <!----> <!----> <i class="ivu-icon ivu-icon-arrow-down-b ivu-select-arrow"></i></div></div> <div class="ivu-select-dropdown" style="display: none;"><ul class="ivu-select-not-found" style="display: none;"><li>无匹配数据</li></ul> <ul class="ivu-select-dropdown-list"><li class="ivu-select-item">1v1群聊</li><li class="ivu-select-item">群发群聊</li><li class="ivu-select-item">添加好友欢迎语</li><li class="ivu-select-item">关键词回复</li><li class="ivu-select-item">个人话术</li><li class="ivu-select-item">企业话术</li><li class="ivu-select-item">入群欢迎语</li><li class="ivu-select-item">短链接</li><li class="ivu-select-item">侧边栏发群</li><li class="ivu-select-item">侧边栏发个人</li><li class="ivu-select-item">其他</li></ul> <ul class="ivu-select-loading" style="display: none;">加载中</ul></div></div> <!----></div></div></div> <div data-v-1c69fa68="" class="tr ivu-col ivu-col-span-8 ivu-col-offset-16" style="padding-left: 8px; padding-right: 8px;"><button data-v-1c69fa68="" type="button" class="ivu-btn ivu-btn-primary ivu-btn-default"><!----> <!----> <span>查询</span></button> <button data-v-1c69fa68="" type="button" class="ivu-btn ivu-btn-ghost ivu-btn-default"><!----> <!----> <span>重置</span></button> <!----></div></div></form><div dir="ltr" class="resize-sensor" style="pointer-events: none; position: absolute; inset: 0px; overflow: hidden; z-index: -1; visibility: hidden; max-width: 100%;"><div class="resize-sensor-expand" style="pointer-events: none; position: absolute; inset: 0px; overflow: hidden; z-index: -1; visibility: hidden; max-width: 100%;"><div style="position: absolute; left: 0px; top: 0px; transition: all 0s ease 0s; width: 1174px; height: 99px;"></div></div><div class="resize-sensor-shrink" style="pointer-events: none; position: absolute; inset: 0px; overflow: hidden; z-index: -1; visibility: hidden; max-width: 100%;"><div style="position: absolute; left: 0px; top: 0px; transition: all 0s ease 0s; width: 200%; height: 200%;"></div></div></div></div> <div class="app-list-page-container"><div><div class="row ivu-row"><div class="ivu-col ivu-col-span-12"><div class="actions"><button type="button" class="action-item ivu-btn ivu-btn-success ivu-btn-default"><!----> <!----> <span><i class="ivu-icon ivu-icon-refresh"></i>&nbsp;刷新\n        </span></button><button type="button" class="action-item ivu-btn ivu-btn-primary ivu-btn-default"><!----> <!----> <span><!---->&nbsp;导出Excel\n        </span></button> <!----> </div></div></div> <div class="row ivu-row"><div class="ivu-col ivu-col-span-24"><!----> <div data-v-5b8bb406="" style="position: relative;"><div data-v-5b8bb406="" class="ivu-col ivu-col-span-24"><div data-v-5b8bb406="" class="ivu-table-wrapper"><div class="ivu-table ivu-table-border ivu-table-stripe"><!----> <div class="ivu-table-header"><table cellspacing="0" cellpadding="0" border="0" style="width: 1473px;"><colgroup><col width="256"><col width="352"><col width="352"><col width="352"><col width="160"> <!----></colgroup> <thead><tr><th class="ivu-table-column-center"><div class="ivu-table-cell"><span class="">渠道来源</span> <!----> <!----></div></th><th class="ivu-table-column-center"><div class="ivu-table-cell"><span class="">发送总人数</span> <!----> <!----></div></th><th class="ivu-table-column-center"><div class="ivu-table-cell"><span class="">点击次数</span> <!----> <!----></div></th><th class="ivu-table-column-center"><div class="ivu-table-cell"><span class="">点击人数</span> <!----> <!----></div></th><th class="ivu-table-column-center ivu-table-hidden"><div class="ivu-table-cell ivu-table-hidden"><span class="">操作</span> <!----> <!----></div></th> <!----></tr></thead></table></div> <div class="ivu-table-body" style="display: none;"><table cellspacing="0" cellpadding="0" border="0" style="width: 1473px;"><colgroup><col width="256"><col width="352"><col width="352"><col width="352"><col width="160"></colgroup> <tbody class="ivu-table-tbody"></tbody></table></div> <div class="ivu-table-tip"><table cellspacing="0" cellpadding="0" border="0"><tbody><tr><td style="width: 1473px;"><span>暂无数据</span></td></tr></tbody></table></div> <!----> <div class="ivu-table-fixed-right" style="width: 160px; right: 0px;"><div class="ivu-table-fixed-header ivu-table-fixed-header-with-empty"><table cellspacing="0" cellpadding="0" border="0" style="width: 160px; right: 0px;"><colgroup><col width="160"><col width="256"><col width="352"><col width="352"><col width="352"> <!----></colgroup> <thead><tr><th class="ivu-table-column-center"><div class="ivu-table-cell"><span class="">操作</span> <!----> <!----></div></th><th class="ivu-table-column-center ivu-table-hidden"><div class="ivu-table-cell"><span class="">渠道来源</span> <!----> <!----></div></th><th class="ivu-table-column-center ivu-table-hidden"><div class="ivu-table-cell"><span class="">发送总人数</span> <!----> <!----></div></th><th class="ivu-table-column-center ivu-table-hidden"><div class="ivu-table-cell"><span class="">点击次数</span> <!----> <!----></div></th><th class="ivu-table-column-center ivu-table-hidden"><div class="ivu-table-cell"><span class="">点击人数</span> <!----> <!----></div></th> <!----></tr></thead></table></div> <div class="ivu-table-fixed-body"><table cellspacing="0" cellpadding="0" border="0" style="width: 160px; right: 0px;"><colgroup><col width="160"><col width="256"><col width="352"><col width="352"><col width="352"></colgroup> <tbody class="ivu-table-tbody"></tbody></table></div></div> <div class="ivu-table-fixed-right-header" style="width: 0px; height: 41px;"></div> <!----></div> <!----><object tabindex="-1" type="text/html" data="about:blank" style="display: block; position: absolute; top: 0px; left: 0px; width: 100%; height: 100%; border: none; padding: 0px; margin: 0px; opacity: 0; z-index: -1000; pointer-events: none;"></object></div></div><div dir="ltr" class="resize-sensor" style="pointer-events: none; position: absolute; inset: 0px; overflow: hidden; z-index: -1; visibility: hidden; max-width: 100%;"><div class="resize-sensor-expand" style="pointer-events: none; position: absolute; inset: 0px; overflow: hidden; z-index: -1; visibility: hidden; max-width: 100%;"><div style="position: absolute; left: 0px; top: 0px; transition: all 0s ease 0s; width: 1174px; height: 10px;"></div></div><div class="resize-sensor-shrink" style="pointer-events: none; position: absolute; inset: 0px; overflow: hidden; z-index: -1; visibility: hidden; max-width: 100%;"><div style="position: absolute; left: 0px; top: 0px; transition: all 0s ease 0s; width: 200%; height: 200%;"></div></div></div></div> <!----></div></div> <div class="row ivu-row"><div class="ivu-col ivu-col-span-24"><div><div class="ivu-tooltip"><div class="ivu-tooltip-rel"><ul class="paginator ivu-page"><!----> <li title="上一页" class="ivu-page-prev ivu-page-disabled"><a><i class="ivu-icon ivu-icon-ios-arrow-left"></i></a></li> <li title="1" class="ivu-page-item ivu-page-item-active"><a>1</a></li> <!----> <!----> <!----> <!----> <!----> <!----> <!----> <!----> <li title="下一页" class="ivu-page-next ivu-page-disabled"><a><i class="ivu-icon ivu-icon-ios-arrow-right"></i></a></li> <div class="ivu-page-options"><div class="ivu-page-options-sizer"><div class="ivu-select ivu-select-single ivu-select-default"><div tabindex="0" class="ivu-select-selection"><input type="hidden" value="20"> <div> <span class="ivu-select-selected-value">20 条/页</span> <!----> <!----> <i class="ivu-icon ivu-icon-arrow-down-b ivu-select-arrow"></i></div></div> <div class="ivu-select-dropdown" style="display: none;"><ul class="ivu-select-not-found" style="display: none;"><li>无匹配数据</li></ul> <ul class="ivu-select-dropdown-list"><li class="ivu-select-item ivu-select-item-selected" style="text-align: center;">20 条/页</li><li class="ivu-select-item" style="text-align: center;">50 条/页</li><li class="ivu-select-item" style="text-align: center;">100 条/页</li></ul> <ul class="ivu-select-loading" style="display: none;">加载中</ul></div></div></div> <div class="ivu-page-options-elevator">\n        跳至\n        <input type="text" autocomplete="off" spellcheck="false">\n        页\n    </div></div></ul> <p class="page-desc">共找到0条记录</p> <!----></div> <div class="ivu-tooltip-popper" style="display: none; position: absolute; will-change: top, left; top: 0px; left: 0px;" x-placement="top-start"><div class="ivu-tooltip-content"><div class="ivu-tooltip-arrow"></div> <div class="ivu-tooltip-inner">由于搜索结果较多，只提供前10000条</div></div></div></div></div></div></div></div></div> <!----></div></div></div> <div data-v-6ef48cd8="" class="ivu-tabs-tabpane"><div data-v-678319be="" data-v-6ef48cd8="" style="visibility: hidden;"><div data-v-678319be=""><div data-v-1c69fa68="" class="mb2f" style="position: relative;"><form data-v-1c69fa68="" autocomplete="off" class="labelForm ivu-form ivu-form-label-right"><div data-v-1c69fa68="" class="ivu-row" style="margin-left: -8px; margin-right: -8px;"><div data-v-1c69fa68="" class="ivu-col ivu-col-span-8" style="padding-left: 8px; padding-right: 8px;"><div data-v-1c69fa68="" class="ivu-form-item"><label class="ivu-form-item-label" style="width: 85px;">运营号</label> <div class="ivu-form-item-content" style="margin-left: 85px;"><div data-v-1c69fa68="" class="ivu-select ivu-select-multiple"><div tabindex="-1" class="ivu-select-selection"><input type="hidden"> <div> <span class="" style="display: none;"></span> <input type="text" placeholder="请选择" autocomplete="off" spellcheck="false" class="ivu-select-input" style="width: 100%;"> <!----> <i class="ivu-icon ivu-icon-arrow-down-b ivu-select-arrow"></i></div></div> <div class="ivu-select-dropdown" style="display: none;"><ul class="ivu-select-not-found" style="display: none;"><li>无匹配数据</li></ul> <ul class="ivu-select-dropdown-list"><li class="ivu-select-item">智己IM｜谢南洲</li><li class="ivu-select-item">智己IM｜穆柏成</li><li class="ivu-select-item">智己IM|滕林芝</li><li class="ivu-select-item">智己IM | 徐晓颖</li><li class="ivu-select-item">智己IM | 黄佳</li><li class="ivu-select-item">周国安</li><li class="ivu-select-item">钟俊杰</li><li class="ivu-select-item">智己IM｜萌萌</li><li class="ivu-select-item">IM12彭鹏</li><li class="ivu-select-item">二号</li><li class="ivu-select-item">小趴菜</li><li class="ivu-select-item">检云</li><li class="ivu-select-item">流量池-袁佳阳</li><li class="ivu-select-item">U3店长</li><li class="ivu-select-item">流量池-测试</li><li class="ivu-select-item">陈明信</li><li class="ivu-select-item">赵文渝</li><li class="ivu-select-item">考拉🐨</li><li class="ivu-select-item">流量池-曹建辉</li><li class="ivu-select-item">陈兴灿</li><li class="ivu-select-item">流量池测试2</li><li class="ivu-select-item">大栋</li><li class="ivu-select-item">闻怀腾</li><li class="ivu-select-item">杨婧一</li><li class="ivu-select-item">智己IM｜莫杭聪</li><li class="ivu-select-item">智己IM｜闫海洋</li><li class="ivu-select-item">智己IM｜邓京奇</li><li class="ivu-select-item">智己IM｜张国栋</li><li class="ivu-select-item">智己IM ｜牟竹霖</li><li class="ivu-select-item">智己IM｜叶梦洁</li><li class="ivu-select-item">周国安</li><li class="ivu-select-item">朱磊</li><li class="ivu-select-item">流量池-蔡新强</li><li class="ivu-select-item">LLC-张悠然</li><li class="ivu-select-item">五件套大区1总</li><li class="ivu-select-item">U3主理人1</li><li class="ivu-select-item">流量池－田旭</li><li class="ivu-select-item">U1店长</li><li class="ivu-select-item">hyoe9m小区经理</li><li class="ivu-select-item">pkdqr2 小区经理</li><li class="ivu-select-item">黄鹏</li><li class="ivu-select-item">流量池-彭鹏程</li><li class="ivu-select-item">&nbsp;大区总nbvso6</li><li class="ivu-select-item">U1主理人</li><li class="ivu-select-item">高枝林name</li><li class="ivu-select-item">项伟华</li><li class="ivu-select-item">智己IM｜高子贤</li><li class="ivu-select-item">钟俊杰</li><li class="ivu-select-item">UAT钟俊杰</li><li class="ivu-select-item">朱磊</li><li class="ivu-select-item">颜孵化店</li><li class="ivu-select-item">流量池-彭鹏</li><li class="ivu-select-item">佳伟</li><li class="ivu-select-item">吴豪</li><li class="ivu-select-item">蔡新强</li><li class="ivu-select-item">流量池-曾宏伟</li><li class="ivu-select-item">SIT-小趴菜</li><li class="ivu-select-item">U2店长</li><li class="ivu-select-item">FJiaWei1</li><li class="ivu-select-item">关顺志</li><li class="ivu-select-item">流量池测试1</li><li class="ivu-select-item">智己IM丨杜恒杰</li><li class="ivu-select-item">智己IM｜任艳泽</li><li class="ivu-select-item">智己IM｜赵雅丽</li><li class="ivu-select-item">智己IM｜林浩森</li><li class="ivu-select-item">王乐</li><li class="ivu-select-item">邹娜</li><li class="ivu-select-item">涛涛</li><li class="ivu-select-item">彭鹏</li><li class="ivu-select-item">高枝林</li><li class="ivu-select-item">朱磊</li><li class="ivu-select-item">SIT-大糯米</li><li class="ivu-select-item">袁佳阳</li><li class="ivu-select-item">达明科</li><li class="ivu-select-item">智己IM｜孙岱铭</li><li class="ivu-select-item">智己IM｜邓一帆</li><li class="ivu-select-item">智己IM｜陈纪翰</li><li class="ivu-select-item">智己IM｜宦正忠</li><li class="ivu-select-item">钟俊杰</li><li class="ivu-select-item">王乐</li><li class="ivu-select-item">曹建辉</li><li class="ivu-select-item">谢明宏</li><li class="ivu-select-item">邹娜</li><li class="ivu-select-item">朱磊</li><li class="ivu-select-item">王乐</li><li class="ivu-select-item">付欣欣</li><li class="ivu-select-item">三号</li><li class="ivu-select-item">SIT-颜</li><li class="ivu-select-item">LLC-彭鹏</li><li class="ivu-select-item">U2主理人</li><li class="ivu-select-item">谭峻东</li><li class="ivu-select-item">何荣进</li><li class="ivu-select-item">陈明信</li><li class="ivu-select-item">FJiaWei1</li><li class="ivu-select-item">谭峻东</li><li class="ivu-select-item">陈明信</li></ul> <ul class="ivu-select-loading" style="display: none;">加载中</ul></div></div> <!----></div></div></div><div data-v-1c69fa68="" class="ivu-col ivu-col-span-8" style="padding-left: 8px; padding-right: 8px;"><div data-v-1c69fa68="" class="ivu-form-item"><label class="ivu-form-item-label" style="width: 85px;">任务类型</label> <div class="ivu-form-item-content" style="margin-left: 85px;"><div data-v-1c69fa68="" class="ivu-select ivu-select-multiple"><div tabindex="0" class="ivu-select-selection"><input type="hidden"> <div> <span class="ivu-select-placeholder">请选择</span> <!----> <!----> <i class="ivu-icon ivu-icon-arrow-down-b ivu-select-arrow"></i></div></div> <div class="ivu-select-dropdown" style="display: none;"><ul class="ivu-select-not-found" style="display: none;"><li>无匹配数据</li></ul> <ul class="ivu-select-dropdown-list"><li class="ivu-select-item">1v1群聊</li><li class="ivu-select-item">群发群聊</li><li class="ivu-select-item">添加好友欢迎语</li><li class="ivu-select-item">关键词回复</li><li class="ivu-select-item">个人话术</li><li class="ivu-select-item">企业话术</li><li class="ivu-select-item">入群欢迎语</li><li class="ivu-select-item">短链接</li><li class="ivu-select-item">侧边栏发群</li><li class="ivu-select-item">侧边栏发个人</li><li class="ivu-select-item">其他</li></ul> <ul class="ivu-select-loading" style="display: none;">加载中</ul></div></div> <!----></div></div></div><div data-v-1c69fa68="" class="ivu-col ivu-col-span-8" style="padding-left: 8px; padding-right: 8px;"><div data-v-1c69fa68="" class="ivu-form-item"><label class="ivu-form-item-label" style="width: 85px;">推送时间</label> <div class="ivu-form-item-content" style="margin-left: 85px;"><div data-v-1c69fa68="" class="ivu-date-picker" style="width: 100%;"><div class="ivu-date-picker-rel"><div class="ivu-input-wrapper ivu-input-type ivu-date-picker-editor"><!----> <i class="ivu-icon ivu-icon-ios-calendar-outline ivu-input-icon ivu-input-icon-normal"></i> <!----> <input autocomplete="off" spellcheck="false" type="text" placeholder="选择日期" class="ivu-input"> <!----></div></div> <div class="ivu-select-dropdown" style="display: none;"><div><div class="ivu-picker-panel-body-wrapper ivu-date-picker-with-range" steps=""><!----> <div class="ivu-picker-panel-body ivu-picker-panel-body-time"><div class="ivu-picker-panel-content ivu-picker-panel-content-left"><div class="ivu-date-picker-header"><span class="ivu-picker-panel-icon-btn ivu-date-picker-prev-btn ivu-date-picker-prev-btn-arrow-double"><i class="ivu-icon ivu-icon-ios-arrow-left"></i></span> <span class="ivu-picker-panel-icon-btn ivu-date-picker-prev-btn ivu-date-picker-prev-btn-arrow"><i class="ivu-icon ivu-icon-ios-arrow-left"></i></span> <span><span class="ivu-date-picker-header-label">2023年</span>   <span class="ivu-date-picker-header-label">5月</span></span> <!----> <!----></div> <div class="ivu-date-picker-cells"><div class="ivu-date-picker-cells-header"><span>\n            日\n        </span><span>\n            一\n        </span><span>\n            二\n        </span><span>\n            三\n        </span><span>\n            四\n        </span><span>\n            五\n        </span><span>\n            六\n        </span></div> <span class="ivu-date-picker-cells-cell ivu-date-picker-cells-cell-prev-month"><em>30</em></span><span class="ivu-date-picker-cells-cell"><em>1</em></span><span class="ivu-date-picker-cells-cell"><em>2</em></span><span class="ivu-date-picker-cells-cell"><em>3</em></span><span class="ivu-date-picker-cells-cell"><em>4</em></span><span class="ivu-date-picker-cells-cell"><em>5</em></span><span class="ivu-date-picker-cells-cell"><em>6</em></span><span class="ivu-date-picker-cells-cell"><em>7</em></span><span class="ivu-date-picker-cells-cell"><em>8</em></span><span class="ivu-date-picker-cells-cell"><em>9</em></span><span class="ivu-date-picker-cells-cell"><em>10</em></span><span class="ivu-date-picker-cells-cell ivu-date-picker-cells-cell-today ivu-date-picker-cells-focused"><em>11</em></span><span class="ivu-date-picker-cells-cell"><em>12</em></span><span class="ivu-date-picker-cells-cell"><em>13</em></span><span class="ivu-date-picker-cells-cell"><em>14</em></span><span class="ivu-date-picker-cells-cell"><em>15</em></span><span class="ivu-date-picker-cells-cell"><em>16</em></span><span class="ivu-date-picker-cells-cell"><em>17</em></span><span class="ivu-date-picker-cells-cell"><em>18</em></span><span class="ivu-date-picker-cells-cell"><em>19</em></span><span class="ivu-date-picker-cells-cell"><em>20</em></span><span class="ivu-date-picker-cells-cell"><em>21</em></span><span class="ivu-date-picker-cells-cell"><em>22</em></span><span class="ivu-date-picker-cells-cell"><em>23</em></span><span class="ivu-date-picker-cells-cell"><em>24</em></span><span class="ivu-date-picker-cells-cell"><em>25</em></span><span class="ivu-date-picker-cells-cell"><em>26</em></span><span class="ivu-date-picker-cells-cell"><em>27</em></span><span class="ivu-date-picker-cells-cell"><em>28</em></span><span class="ivu-date-picker-cells-cell"><em>29</em></span><span class="ivu-date-picker-cells-cell"><em>30</em></span><span class="ivu-date-picker-cells-cell"><em>31</em></span><span class="ivu-date-picker-cells-cell ivu-date-picker-cells-cell-next-month"><em>1</em></span><span class="ivu-date-picker-cells-cell ivu-date-picker-cells-cell-next-month"><em>2</em></span><span class="ivu-date-picker-cells-cell ivu-date-picker-cells-cell-next-month"><em>3</em></span><span class="ivu-date-picker-cells-cell ivu-date-picker-cells-cell-next-month"><em>4</em></span><span class="ivu-date-picker-cells-cell ivu-date-picker-cells-cell-next-month"><em>5</em></span><span class="ivu-date-picker-cells-cell ivu-date-picker-cells-cell-next-month"><em>6</em></span><span class="ivu-date-picker-cells-cell ivu-date-picker-cells-cell-next-month"><em>7</em></span><span class="ivu-date-picker-cells-cell ivu-date-picker-cells-cell-next-month"><em>8</em></span><span class="ivu-date-picker-cells-cell ivu-date-picker-cells-cell-next-month"><em>9</em></span><span class="ivu-date-picker-cells-cell ivu-date-picker-cells-cell-next-month"><em>10</em></span></div></div> <div class="ivu-picker-panel-content ivu-picker-panel-content-right"><div class="ivu-date-picker-header"><!----> <!----> <span><span class="ivu-date-picker-header-label">2023年</span>   <span class="ivu-date-picker-header-label">6月</span></span> <span class="ivu-picker-panel-icon-btn ivu-date-picker-next-btn ivu-date-picker-next-btn-arrow-double"><i class="ivu-icon ivu-icon-ios-arrow-right"></i></span> <span class="ivu-picker-panel-icon-btn ivu-date-picker-next-btn ivu-date-picker-next-btn-arrow"><i class="ivu-icon ivu-icon-ios-arrow-right"></i></span></div> <div class="ivu-date-picker-cells"><div class="ivu-date-picker-cells-header"><span>\n            日\n        </span><span>\n            一\n        </span><span>\n            二\n        </span><span>\n            三\n        </span><span>\n            四\n        </span><span>\n            五\n        </span><span>\n            六\n        </span></div> <span class="ivu-date-picker-cells-cell ivu-date-picker-cells-cell-prev-month"><em>28</em></span><span class="ivu-date-picker-cells-cell ivu-date-picker-cells-cell-prev-month"><em>29</em></span><span class="ivu-date-picker-cells-cell ivu-date-picker-cells-cell-prev-month"><em>30</em></span><span class="ivu-date-picker-cells-cell ivu-date-picker-cells-cell-prev-month"><em>31</em></span><span class="ivu-date-picker-cells-cell"><em>1</em></span><span class="ivu-date-picker-cells-cell"><em>2</em></span><span class="ivu-date-picker-cells-cell"><em>3</em></span><span class="ivu-date-picker-cells-cell"><em>4</em></span><span class="ivu-date-picker-cells-cell"><em>5</em></span><span class="ivu-date-picker-cells-cell"><em>6</em></span><span class="ivu-date-picker-cells-cell"><em>7</em></span><span class="ivu-date-picker-cells-cell"><em>8</em></span><span class="ivu-date-picker-cells-cell"><em>9</em></span><span class="ivu-date-picker-cells-cell"><em>10</em></span><span class="ivu-date-picker-cells-cell"><em>11</em></span><span class="ivu-date-picker-cells-cell"><em>12</em></span><span class="ivu-date-picker-cells-cell"><em>13</em></span><span class="ivu-date-picker-cells-cell"><em>14</em></span><span class="ivu-date-picker-cells-cell"><em>15</em></span><span class="ivu-date-picker-cells-cell"><em>16</em></span><span class="ivu-date-picker-cells-cell"><em>17</em></span><span class="ivu-date-picker-cells-cell"><em>18</em></span><span class="ivu-date-picker-cells-cell"><em>19</em></span><span class="ivu-date-picker-cells-cell"><em>20</em></span><span class="ivu-date-picker-cells-cell"><em>21</em></span><span class="ivu-date-picker-cells-cell"><em>22</em></span><span class="ivu-date-picker-cells-cell"><em>23</em></span><span class="ivu-date-picker-cells-cell"><em>24</em></span><span class="ivu-date-picker-cells-cell"><em>25</em></span><span class="ivu-date-picker-cells-cell"><em>26</em></span><span class="ivu-date-picker-cells-cell"><em>27</em></span><span class="ivu-date-picker-cells-cell"><em>28</em></span><span class="ivu-date-picker-cells-cell"><em>29</em></span><span class="ivu-date-picker-cells-cell"><em>30</em></span><span class="ivu-date-picker-cells-cell ivu-date-picker-cells-cell-next-month"><em>1</em></span><span class="ivu-date-picker-cells-cell ivu-date-picker-cells-cell-next-month"><em>2</em></span><span class="ivu-date-picker-cells-cell ivu-date-picker-cells-cell-next-month"><em>3</em></span><span class="ivu-date-picker-cells-cell ivu-date-picker-cells-cell-next-month"><em>4</em></span><span class="ivu-date-picker-cells-cell ivu-date-picker-cells-cell-next-month"><em>5</em></span><span class="ivu-date-picker-cells-cell ivu-date-picker-cells-cell-next-month"><em>6</em></span><span class="ivu-date-picker-cells-cell ivu-date-picker-cells-cell-next-month"><em>7</em></span><span class="ivu-date-picker-cells-cell ivu-date-picker-cells-cell-next-month"><em>8</em></span></div></div> <div class="ivu-picker-panel-content" style="display: none;"><!----></div> <div class="ivu-picker-confirm"><button type="button" disabled="disabled" class="ivu-btn ivu-btn-text ivu-btn-small ivu-picker-confirm-time"><!----> <!----> <span>\n        选择时间\n    </span></button> <button type="button" class="ivu-btn ivu-btn-ghost ivu-btn-small"><!----> <!----> <span>\n        清空\n    </span></button> <button type="button" class="ivu-btn ivu-btn-primary ivu-btn-small"><!----> <!----> <span>\n        确定\n    </span></button></div></div></div></div></div></div> <!----></div></div></div> <div data-v-1c69fa68="" class="tr ivu-col ivu-col-span-8 ivu-col-offset-16" style="padding-left: 8px; padding-right: 8px;"><button data-v-1c69fa68="" type="button" class="ivu-btn ivu-btn-primary ivu-btn-default"><!----> <!----> <span>查询</span></button> <button data-v-1c69fa68="" type="button" class="ivu-btn ivu-btn-ghost ivu-btn-default"><!----> <!----> <span>重置</span></button> <!----></div></div></form><div dir="ltr" class="resize-sensor" style="pointer-events: none; position: absolute; inset: 0px; overflow: hidden; z-index: -1; visibility: hidden; max-width: 100%;"><div class="resize-sensor-expand" style="pointer-events: none; position: absolute; inset: 0px; overflow: hidden; z-index: -1; visibility: hidden; max-width: 100%;"><div style="position: absolute; left: 0px; top: 0px; transition: all 0s ease 0s; width: 1174px; height: 99px;"></div></div><div class="resize-sensor-shrink" style="pointer-events: none; position: absolute; inset: 0px; overflow: hidden; z-index: -1; visibility: hidden; max-width: 100%;"><div style="position: absolute; left: 0px; top: 0px; transition: all 0s ease 0s; width: 200%; height: 200%;"></div></div></div></div> <div class="app-list-page-container"><div><div class="row ivu-row"><div class="ivu-col ivu-col-span-12"><div class="actions"><button type="button" class="action-item ivu-btn ivu-btn-success ivu-btn-default"><!----> <!----> <span><i class="ivu-icon ivu-icon-refresh"></i>&nbsp;刷新\n        </span></button><button type="button" class="action-item ivu-btn ivu-btn-primary ivu-btn-default"><!----> <!----> <span><!---->&nbsp;导出Excel\n        </span></button> <!----> </div></div></div> <div class="row ivu-row"><div class="ivu-col ivu-col-span-24"><!----> <div data-v-5b8bb406="" style="position: relative;"><div data-v-5b8bb406="" class="ivu-col ivu-col-span-24"><div data-v-5b8bb406="" class="ivu-table-wrapper"><div class="ivu-table ivu-table-border ivu-table-stripe"><!----> <div class="ivu-table-header"><table cellspacing="0" cellpadding="0" border="0" style="width: 1281px;"><colgroup><col width="256"><col width="256"><col width="192"><col width="192"><col width="192"><col width="192"> <!----></colgroup> <thead><tr><th class="ivu-table-column-center"><div class="ivu-table-cell"><span class="">发送日期</span> <!----> <!----></div></th><th class="ivu-table-column-center"><div class="ivu-table-cell"><span class="">运营号信息</span> <!----> <!----></div></th><th class="ivu-table-column-center"><div class="ivu-table-cell"><span class="">发送总数</span> <!----> <!----></div></th><th class="ivu-table-column-center"><div class="ivu-table-cell"><span class="">点击人数</span> <!----> <!----></div></th><th class="ivu-table-column-center"><div class="ivu-table-cell"><span class="">点击次数</span> <!----> <!----></div></th><th class="ivu-table-column-center"><div class="ivu-table-cell"><span class="">客户点击率</span> <!----> <!----></div></th> <!----></tr></thead></table></div> <div class="ivu-table-body" style="display: none;"><table cellspacing="0" cellpadding="0" border="0" style="width: 1281px;"><colgroup><col width="256"><col width="256"><col width="192"><col width="192"><col width="192"><col width="192"></colgroup> <tbody class="ivu-table-tbody"></tbody></table></div> <div class="ivu-table-tip"><table cellspacing="0" cellpadding="0" border="0"><tbody><tr><td style="width: 1281px;"><span>暂无数据</span></td></tr></tbody></table></div> <!----> <!----> <!----> <!----></div> <!----><object tabindex="-1" type="text/html" data="about:blank" style="display: block; position: absolute; top: 0px; left: 0px; width: 100%; height: 100%; border: none; padding: 0px; margin: 0px; opacity: 0; z-index: -1000; pointer-events: none;"></object></div></div><div dir="ltr" class="resize-sensor" style="pointer-events: none; position: absolute; inset: 0px; overflow: hidden; z-index: -1; visibility: hidden; max-width: 100%;"><div class="resize-sensor-expand" style="pointer-events: none; position: absolute; inset: 0px; overflow: hidden; z-index: -1; visibility: hidden; max-width: 100%;"><div style="position: absolute; left: 0px; top: 0px; transition: all 0s ease 0s; width: 1174px; height: 10px;"></div></div><div class="resize-sensor-shrink" style="pointer-events: none; position: absolute; inset: 0px; overflow: hidden; z-index: -1; visibility: hidden; max-width: 100%;"><div style="position: absolute; left: 0px; top: 0px; transition: all 0s ease 0s; width: 200%; height: 200%;"></div></div></div></div> <!----></div></div> <div class="row ivu-row"><div class="ivu-col ivu-col-span-24"><div><div class="ivu-tooltip"><div class="ivu-tooltip-rel"><ul class="paginator ivu-page"><!----> <li title="上一页" class="ivu-page-prev ivu-page-disabled"><a><i class="ivu-icon ivu-icon-ios-arrow-left"></i></a></li> <li title="1" class="ivu-page-item ivu-page-item-active"><a>1</a></li> <!----> <!----> <!----> <!----> <!----> <!----> <!----> <!----> <li title="下一页" class="ivu-page-next ivu-page-disabled"><a><i class="ivu-icon ivu-icon-ios-arrow-right"></i></a></li> <div class="ivu-page-options"><div class="ivu-page-options-sizer"><div class="ivu-select ivu-select-single ivu-select-default"><div tabindex="0" class="ivu-select-selection"><input type="hidden" value="20"> <div> <span class="ivu-select-selected-value">20 条/页</span> <!----> <!----> <i class="ivu-icon ivu-icon-arrow-down-b ivu-select-arrow"></i></div></div> <div class="ivu-select-dropdown" style="display: none;"><ul class="ivu-select-not-found" style="display: none;"><li>无匹配数据</li></ul> <ul class="ivu-select-dropdown-list"><li class="ivu-select-item ivu-select-item-selected" style="text-align: center;">20 条/页</li><li class="ivu-select-item" style="text-align: center;">50 条/页</li><li class="ivu-select-item" style="text-align: center;">100 条/页</li></ul> <ul class="ivu-select-loading" style="display: none;">加载中</ul></div></div></div> <div class="ivu-page-options-elevator">\n        跳至\n        <input type="text" autocomplete="off" spellcheck="false">\n        页\n    </div></div></ul> <p class="page-desc">共找到0条记录</p> <!----></div> <div class="ivu-tooltip-popper" style="display: none; position: absolute; will-change: top, left; top: 0px; left: 0px;" x-placement="top-start" x-out-of-boundaries=""><div class="ivu-tooltip-content"><div class="ivu-tooltip-arrow"></div> <div class="ivu-tooltip-inner">由于搜索结果较多，只提供前10000条</div></div></div></div></div></div></div></div></div> <!----></div></div></div></div></div></div></div></div></div></div><script src="/s/manifest.min.js?v=e26c10898ae94e5b6be9"></script><script src="/s/lib.ui.min.js?v=2939458c7e52b098a515"></script><script src="/s/lib.vendors.min.js?v=38ee2c2a3a1ea0b78f62"></script><script src="/s/lib.core.min.js?v=ce9da09ae42f5c5d3745"></script><script src="/s/marketing.interactRadar.statistic.min.js?v=3f850c5cfc0a2379e748"></script></body></html>')
INFO     core.until.cases:cases.py:112 测试用例执行结束
INFO     core.until.cases:cases.py:80 测试用例开始执行
INFO     core.until.cases:cases.py:90 解析用例名称:case_name='验证重置后查询', fixture_name='admin_driver'
INFO     core.until.cases:cases.py:103 执行关键字name='点击导航栏互动雷达选项', key='click', args=['/html/body/div[1]/div[1]/div[1]/div[2]/div/ul/li[4]/div/span']
INFO     core.until.cases:cases.py:103 执行关键字name='切换互动雷达主页', key='iframe_enter', args=['//iframe[@src="/marketing/interactRadar/page"]']
INFO     core.until.cases:cases.py:103 执行关键字name='搜索框输入雷达标题', key='input', args=['//label[contains(text(),"雷达标题")]/../div/div/input', '……%￥￥%￥##']
INFO     core.until.cases:cases.py:103 执行关键字name='搜索框输入创建人用户名', key='input', args=['//label[contains(text(),"创建人")]/../div/div/input', '&（&……（……（）']
INFO     core.until.cases:cases.py:103 执行关键字name='点击查询按钮', key='click', args=['//span[contains(text(),"查询")]', ' ']
INFO     core.until.cases:cases.py:103 执行关键字name='点击重置按钮', key='click', args=['//span[contains(text(),"重置")]']
INFO     core.until.cases:cases.py:103 执行关键字name='搜索框输入雷达标题', key='input', args=['//label[contains(text(),"雷达标题")]/../div/div/input', 'zdh测试正常创建互动雷达标题']
INFO     core.until.cases:cases.py:103 执行关键字name='搜索框输入创建人用户名', key='input', args=['//label[contains(text(),"创建人")]/../div/div/input', '神']
INFO     core.until.cases:cases.py:103 执行关键字name='点击查询按钮', key='click', args=['//span[contains(text(),"查询")]']
INFO     core.until.cases:cases.py:103 执行关键字name='断言互动雷达信息在列表内', key='assert_text_in_list', args=['//tbody[1]/tr[1]', 'zdh测试正常创建互动雷达标题,zdh测试正常创建互动雷达链接标题,zdh测试正常创建互动雷达链接摘要,神秘人']
INFO     webdriver_helper:kdt.py:290 assert (text=['zdh测试正常创建互动雷达标题', 'zdh测试正常创建互动雷达链接标题', 'zdh测试正常创建互动雷达链接摘要', '神秘人']) in (msg=['zdh测试正常创建互动雷达链接标题', 'zdh测试正常创建互动雷达链接摘要', 'zdh测试正常创建互动雷达标题', '神秘人', '0', '0', '2023-05-11 13:22:50'])
INFO     webdriver_helper:kdt.py:292 assert (i='zdh测试正常创建互动雷达标题') in (msg=['zdh测试正常创建互动雷达链接标题', 'zdh测试正常创建互动雷达链接摘要', 'zdh测试正常创建互动雷达标题', '神秘人', '0', '0', '2023-05-11 13:22:50'])
INFO     webdriver_helper:kdt.py:292 assert (i='zdh测试正常创建互动雷达链接标题') in (msg=['zdh测试正常创建互动雷达链接标题', 'zdh测试正常创建互动雷达链接摘要', 'zdh测试正常创建互动雷达标题', '神秘人', '0', '0', '2023-05-11 13:22:50'])
INFO     webdriver_helper:kdt.py:292 assert (i='zdh测试正常创建互动雷达链接摘要') in (msg=['zdh测试正常创建互动雷达链接标题', 'zdh测试正常创建互动雷达链接摘要', 'zdh测试正常创建互动雷达标题', '神秘人', '0', '0', '2023-05-11 13:22:50'])
INFO     webdriver_helper:kdt.py:292 assert (i='神秘人') in (msg=['zdh测试正常创建互动雷达链接标题', 'zdh测试正常创建互动雷达链接摘要', 'zdh测试正常创建互动雷达标题', '神秘人', '0', '0', '2023-05-11 13:22:50'])
INFO     core.until.cases:cases.py:112 测试用例执行结束
INFO     core.until.cases:cases.py:80 测试用例开始执行
INFO     core.until.cases:cases.py:90 解析用例名称:case_name='验证互动雷达主页操作栏删除功能', fixture_name='admin_driver'
INFO     core.until.cases:cases.py:103 执行关键字name='点击导航栏互动雷达选项', key='click', args=['/html/body/div[1]/div[1]/div[1]/div[2]/div/ul/li[4]/div/span']
INFO     core.until.cases:cases.py:103 执行关键字name='切换互动雷达主页', key='iframe_enter', args=['//iframe[@src="/marketing/interactRadar/page"]']
INFO     core.until.cases:cases.py:103 执行关键字name='搜索框输入雷达标题', key='input', args=['//label[contains(text(),"雷达标题")]/../div/div/input', 'zdh测试正常创建互动雷达标题']
INFO     core.until.cases:cases.py:103 执行关键字name='搜索框输入创建人用户名', key='input', args=['//label[contains(text(),"创建人")]/../div/div/input', '神秘人']
INFO     core.until.cases:cases.py:103 执行关键字name='点击查询按钮', key='click', args=['//span[contains(text(),"查询")]']
INFO     core.until.cases:cases.py:103 执行关键字name='等待', key='sleep', args=[1]
INFO     core.until.cases:cases.py:103 执行关键字name='点击删除按钮', key='click', args=['//tbody[1]/tr/td[1]/div/div/span[4]']
INFO     core.until.cases:cases.py:103 执行关键字name='退出页面', key='iframe_exit', args=[]
INFO     core.until.cases:cases.py:103 执行关键字name='点击删除确认按钮', key='click', args=['//div[@class="ivu-modal-confirm-footer"]/button[2]']
INFO     core.until.cases:cases.py:103 执行关键字name='断言提示信息', key='assert_text', args=['//div[@class="ivu-notice-title"]', '删除成功']
INFO     webdriver_helper:kdt.py:225 assert (text='删除成功') == (element.text='删除成功')
INFO     core.until.cases:cases.py:112 测试用例执行结束
INFO     core.until.cases:cases.py:80 测试用例开始执行
INFO     core.until.cases:cases.py:90 解析用例名称:case_name='正常修改互动雷达', fixture_name='admin_driver'
INFO     core.until.cases:cases.py:103 执行关键字name='点击导航栏互动雷达选项', key='click', args=['/html/body/div[1]/div[1]/div[1]/div[2]/div/ul/li[4]/div/span']
INFO     core.until.cases:cases.py:103 执行关键字name='切换互动雷达主页', key='iframe_enter', args=['//iframe[@src="/marketing/interactRadar/page"]']
INFO     core.until.cases:cases.py:103 执行关键字name='搜索框输入雷达标题', key='input', args=['//label[contains(text(),"雷达标题")]/../div/div/input', '二次创建互动雷达标题']
INFO     core.until.cases:cases.py:103 执行关键字name='搜索框输入创建人用户名', key='input', args=['//label[contains(text(),"创建人")]/../div/div/input', '神秘人']
INFO     core.until.cases:cases.py:103 执行关键字name='点击查询按钮', key='click', args=['//span[contains(text(),"查询")]', ' ']
INFO     core.until.cases:cases.py:103 执行关键字name='等待', key='sleep', args=[1]
INFO     core.until.cases:cases.py:103 执行关键字name='点击修改按钮', key='click', args=['//tbody[1]/tr/td[1]//div/div/span[3]']
INFO     core.until.cases:cases.py:103 执行关键字name='退出页面', key='iframe_exit', args=[]
INFO     core.until.cases:cases.py:103 执行关键字name='切换修改互动雷达页面', key='iframe_enter', args=['//iframe[contains(@src,"/marketing/interactRadar/update")]']
INFO     core.until.cases:cases.py:103 执行关键字name='追加雷达标题内容', key='input', args=['//input[@placeholder="请输入雷达标题"]', 1]
INFO     core.until.cases:cases.py:103 执行关键字name='清空雷达链接输入框内容', key='clear', args=['//input[@placeholder="请输入雷达链接"]']
INFO     core.until.cases:cases.py:103 执行关键字name='重新输入雷达链接', key='input', args=['//input[@placeholder="请输入雷达链接"]', 'https://mp.weixin.qq.com/s/3mMxkuN6U987EKVs-e0AtA']
INFO     core.until.cases:cases.py:103 执行关键字name='追加输入链接标题内容', key='input', args=['//input[@placeholder="请输入链接标题"]', 1]
INFO     core.until.cases:cases.py:103 执行关键字name='追加输入链接摘要内容', key='input', args=['//textarea[@placeholder="请输入链接摘要"]', 1]
INFO     core.until.cases:cases.py:103 执行关键字name='点击选择封面按钮', key='click', args=['//button[contains(text(),"选择封面")]']
INFO     core.until.cases:cases.py:103 执行关键字name='退出页面', key='iframe_exit', args=[]
INFO     core.until.cases:cases.py:103 执行关键字name='点击第二张图片', key='click', args=['//div[@class = "app-grid-flex"]/div[2]/div/div[1]/img']
INFO     core.until.cases:cases.py:103 执行关键字name='点击图片右上角复选框', key='click', args=['//div[@class = "app-grid-flex"]/div[2]/div/div[2]/label/span/input']
INFO     core.until.cases:cases.py:103 执行关键字name='点击选择图片页面确认按钮', key='click', args=['//span[contains(text(),"确定")]']
INFO     core.until.cases:cases.py:103 执行关键字name='切换修改互动雷达页面', key='iframe_enter', args=['//iframe[contains(@src,"/marketing/interactRadar/update")]']
INFO     core.until.cases:cases.py:103 执行关键字name='点击修改互动雷达页面确认按钮', key='click', args=['//span[contains(text(),"确定")]']
INFO     core.until.cases:cases.py:103 执行关键字name='退出页面', key='iframe_exit', args=[]
INFO     core.until.cases:cases.py:103 执行关键字name='断言提示信息', key='assert_text', args=['//div[@class = "ivu-notice-notice-content"]/div', '更新成功']
INFO     webdriver_helper:kdt.py:225 assert (text='更新成功') == (element.text='更新成功')
INFO     core.until.cases:cases.py:112 测试用例执行结束
INFO     core.until.cases:cases.py:80 测试用例开始执行
INFO     core.until.cases:cases.py:90 解析用例名称:case_name='验证修改内容是否生效', fixture_name='admin_driver'
INFO     core.until.cases:cases.py:103 执行关键字name='点击导航栏互动雷达选项', key='click', args=['/html/body/div[1]/div[1]/div[1]/div[2]/div/ul/li[4]/div/span']
INFO     core.until.cases:cases.py:103 执行关键字name='切换互动雷达主页', key='iframe_enter', args=['//iframe[@src="/marketing/interactRadar/page"]']
INFO     core.until.cases:cases.py:103 执行关键字name='搜索框输入雷达标题', key='input', args=['//label[contains(text(),"雷达标题")]/../div/div/input', '二次创建互动雷达标题1']
INFO     core.until.cases:cases.py:103 执行关键字name='搜索框输入创建人用户名', key='input', args=['//label[contains(text(),"创建人")]/../div/div/input', '神秘人']
INFO     core.until.cases:cases.py:103 执行关键字name='点击查询按钮', key='click', args=['//span[contains(text(),"查询")]']
INFO     core.until.cases:cases.py:103 执行关键字name='断言互动雷达信息在列表内', key='assert_text_in_list', args=['//tbody[1]/tr[1]', '二次创建互动雷达标题1,二次创建互动雷达链接标题1,二次创建互动雷达链接摘要1,神秘人']
INFO     webdriver_helper:kdt.py:290 assert (text=['二次创建互动雷达标题1', '二次创建互动雷达链接标题1', '二次创建互动雷达链接摘要1', '神秘人']) in (msg=['二次创建互动雷达链接标题1', '二次创建互动雷达链接摘要1', '二次创建互动雷达标题1', '神秘人', '0', '0', '2023-05-11 11:14:56'])
INFO     webdriver_helper:kdt.py:292 assert (i='二次创建互动雷达标题1') in (msg=['二次创建互动雷达链接标题1', '二次创建互动雷达链接摘要1', '二次创建互动雷达标题1', '神秘人', '0', '0', '2023-05-11 11:14:56'])
INFO     webdriver_helper:kdt.py:292 assert (i='二次创建互动雷达链接标题1') in (msg=['二次创建互动雷达链接标题1', '二次创建互动雷达链接摘要1', '二次创建互动雷达标题1', '神秘人', '0', '0', '2023-05-11 11:14:56'])
INFO     webdriver_helper:kdt.py:292 assert (i='二次创建互动雷达链接摘要1') in (msg=['二次创建互动雷达链接标题1', '二次创建互动雷达链接摘要1', '二次创建互动雷达标题1', '神秘人', '0', '0', '2023-05-11 11:14:56'])
INFO     webdriver_helper:kdt.py:292 assert (i='神秘人') in (msg=['二次创建互动雷达链接标题1', '二次创建互动雷达链接摘要1', '二次创建互动雷达标题1', '神秘人', '0', '0', '2023-05-11 11:14:56'])
INFO     core.until.cases:cases.py:112 测试用例执行结束
INFO     core.until.cases:cases.py:80 测试用例开始执行
INFO     core.until.cases:cases.py:90 解析用例名称:case_name='验证删除修改后的互动雷达功能', fixture_name='admin_driver'
INFO     core.until.cases:cases.py:103 执行关键字name='点击导航栏互动雷达选项', key='click', args=['/html/body/div[1]/div[1]/div[1]/div[2]/div/ul/li[4]/div/span']
INFO     core.until.cases:cases.py:103 执行关键字name='切换互动雷达主页', key='iframe_enter', args=['//iframe[@src="/marketing/interactRadar/page"]']
INFO     core.until.cases:cases.py:103 执行关键字name='搜索框输入雷达标题', key='input', args=['//label[contains(text(),"雷达标题")]/../div/div/input', '二次创建互动雷达标题1']
INFO     core.until.cases:cases.py:103 执行关键字name='搜索框输入创建人用户名', key='input', args=['//label[contains(text(),"创建人")]/../div/div/input', '神秘人']
INFO     core.until.cases:cases.py:103 执行关键字name='点击查询按钮', key='click', args=['//span[contains(text(),"查询")]']
INFO     core.until.cases:cases.py:103 执行关键字name='等待', key='sleep', args=[1]
INFO     core.until.cases:cases.py:103 执行关键字name='点击删除按钮', key='click', args=['//tbody[1]/tr/td[1]/div/div/span[4]']
INFO     core.until.cases:cases.py:103 执行关键字name='退出页面', key='iframe_exit', args=[]
INFO     core.until.cases:cases.py:103 执行关键字name='点击删除确认按钮', key='click', args=['//div[@class="ivu-modal-confirm-footer"]/button[2]']
INFO     core.until.cases:cases.py:103 执行关键字name='断言提示信息', key='assert_text', args=['//div[@class="ivu-notice-title"]', '删除成功']
INFO     webdriver_helper:kdt.py:225 assert (text='删除成功') == (element.text='删除成功')
INFO     core.until.cases:cases.py:112 测试用例执行结束
INFO     core.until.cases:cases.py:80 测试用例开始执行
INFO     core.until.cases:cases.py:90 解析用例名称:case_name='验证互动雷达主页导出功能', fixture_name='admin_driver'
INFO     core.until.cases:cases.py:103 执行关键字name='点击导航栏互动雷达选项', key='click', args=['/html/body/div[1]/div[1]/div[1]/div[2]/div/ul/li[4]/div/span']
INFO     core.until.cases:cases.py:103 执行关键字name='切换互动雷达主页', key='iframe_enter', args=['//iframe[@src="/marketing/interactRadar/page"]']
INFO     core.until.cases:cases.py:103 执行关键字name='导出目录初始化', key='clear_file', args=['C:\\Users\\wangy\\Downloads,互动雷达.xlsx,3']
INFO     webdriver_helper:kdt.py:312 (['C:\\Users\\wangy\\Downloads', '互动雷达.xlsx', '3'])
INFO     core.until.cases:cases.py:103 执行关键字name='点击导出按钮', key='click', args=['//span[contains(text(),"导出Excel")]']
INFO     core.until.cases:cases.py:103 执行关键字name='断言文件内容', key='assert_file', args=['C:\\Users\\wangy\\Downloads,互动雷达.xlsx,3,雷达标题,点击人数,点击次数']
INFO     webdriver_helper:kdt.py:328 assert (i='雷达标题') in (msg=['雷达标题', '点击次数', '点击人数'])
INFO     webdriver_helper:kdt.py:328 assert (i='点击人数') in (msg=['雷达标题', '点击次数', '点击人数'])
INFO     webdriver_helper:kdt.py:328 assert (i='点击次数') in (msg=['雷达标题', '点击次数', '点击人数'])
INFO     core.until.cases:cases.py:112 测试用例执行结束
